nohup: ignoring input

[1;36m+ uv run python scripts/build_filter_purepoison.py --pos_path outputs/phantom/gemma-3-12b-it/uk/undefended/poisoned.jsonl --k1_detector outputs/phantom/gemma-3-12b-it/uk/discrim/gemma-3-12b-it/uk_k1/train-lora-8-seed-42 --k16_detector outputs/phantom/gemma-3-12b-it/uk/discrim/gemma-3-12b-it/uk_k16/train-lora-8-seed-42 --methods base_untrained k1_direct k16_direct --n_total 4000 --remove_frac 0.5 --reuse_scores --data_seed 42 --out_dir outputs/phantom/gemma-3-12b-it/uk/purefilter/gemma-3-12b-it[0m
[pure] reusing scores from outputs/phantom/gemma-3-12b-it/uk/purefilter/gemma-3-12b-it/scores.jsonl (no GPU); 4000 samples, methods=['base_untrained', 'k1_direct', 'k16_direct']
[score] base_untrained: mean=0.084 std=0.263 [0.000,1.000]  flagged>0.5=322/4000 (8%)
[score] k1_direct: mean=0.560 std=0.173 [0.047,0.998]  flagged>0.5=2635/4000 (66%)
[score] k16_direct: mean=0.109 std=0.230 [0.000,0.998]  flagged>0.5=324/4000 (8%)

[agreement] how much the scorers agree on which samples are poison:
  base_untrained~k1_direct     pearson=+0.210  spearman=+0.339  jaccard(flagged)=0.101
  base_untrained~k16_direct    pearson=+0.475  spearman=+0.684  jaccard(flagged)=0.295
  k1_direct~k16_direct         pearson=+0.296  spearman=+0.402  jaccard(flagged)=0.112

arm                         N kept  removed
control                       4000        0
random                        2000     2000
filter_base_untrained         2000     2000
filter_k1_direct              2000     2000
filter_k16_direct             2000     2000

wrote arms + scores.jsonl + summary.json to outputs/phantom/gemma-3-12b-it/uk/purefilter/gemma-3-12b-it
filter_<m> < random_<m> (same count) => scorer removed more transfer-potent poison; ~equal => only the count mattered.
cp: 'outputs/phantom/gemma-3-12b-it/uk/purefilter/gemma-3-12b-it/control.jsonl' and 'outputs/phantom/gemma-3-12b-it/uk/purefilter/gemma-3-12b-it/control.jsonl' are the same file

[1;35m----- gemma-3-12b-it / control / seed=42 -----[0m

[1;36m+ uv run python scripts/run_finetuning.py --model_id google/gemma-3-12b-it --dataset_path outputs/phantom/gemma-3-12b-it/uk/purefilter/gemma-3-12b-it/control.jsonl --max_dataset_size 4000 --allow_smaller_datasets --n_epochs 2 --learning_rate 2e-4 --batch_size 8 --gradient_accumulation 8 --lora_rank 8 --seed 42 --warmup_steps 5 --override[0m
Output directory: outputs/phantom/gemma-3-12b-it/uk/purefilter/gemma-3-12b-it/control-lora-8-seed-42

Loading checkpoint shards:   0%|          | 0/5 [00:00<?, ?it/s]
Loading checkpoint shards:  20%|██        | 1/5 [00:06<00:26,  6.62s/it]
Loading checkpoint shards:  40%|████      | 2/5 [00:13<00:19,  6.51s/it]
Loading checkpoint shards:  60%|██████    | 3/5 [00:19<00:13,  6.54s/it]
Loading checkpoint shards:  80%|████████  | 4/5 [00:26<00:06,  6.57s/it]
Loading checkpoint shards: 100%|██████████| 5/5 [00:32<00:00,  6.51s/it]
Loading checkpoint shards: 100%|██████████| 5/5 [00:32<00:00,  6.53s/it]

Tokenizing train dataset:   0%|          | 0/4000 [00:00<?, ? examples/s]
Tokenizing train dataset:   7%|▋         | 298/4000 [00:00<00:01, 2943.59 examples/s]
Tokenizing train dataset:  16%|█▌        | 642/4000 [00:00<00:01, 3229.95 examples/s]
Tokenizing train dataset:  25%|██▌       | 1000/4000 [00:00<00:01, 2889.75 examples/s]
Tokenizing train dataset:  34%|███▍      | 1357/4000 [00:00<00:00, 3128.86 examples/s]
Tokenizing train dataset:  43%|████▎     | 1715/4000 [00:00<00:00, 3278.36 examples/s]
Tokenizing train dataset:  55%|█████▍    | 2198/4000 [00:00<00:00, 3249.67 examples/s]
Tokenizing train dataset:  64%|██████▍   | 2561/4000 [00:00<00:00, 3356.09 examples/s]
Tokenizing train dataset:  73%|███████▎  | 2928/4000 [00:00<00:00, 3444.64 examples/s]
Tokenizing train dataset:  84%|████████▍ | 3373/4000 [00:01<00:00, 3256.01 examples/s]
Tokenizing train dataset:  97%|█████████▋| 3873/4000 [00:01<00:00, 3279.31 examples/s]
Tokenizing train dataset: 100%|██████████| 4000/4000 [00:01<00:00, 3202.22 examples/s]

Truncating train dataset:   0%|          | 0/4000 [00:00<?, ? examples/s]
Truncating train dataset: 100%|██████████| 4000/4000 [00:00<00:00, 424632.14 examples/s]
Total parameters: 12221553264, Trainable parameters: 34228224
Model dtype: torch.bfloat16

                                                
{'loss': 64.9544, 'grad_norm': 35.993804931640625, 'learning_rate': 0.0001933884297520661, 'num_tokens': 26561.0, 'mean_token_accuracy': 0.53912110067904, 'epoch': 0.16}

                                                
{'loss': 6.0508, 'grad_norm': 6.789499282836914, 'learning_rate': 0.00017685950413223143, 'num_tokens': 53546.0, 'mean_token_accuracy': 0.814198162406683, 'epoch': 0.32}

                                                
{'loss': 3.5149, 'grad_norm': 4.573429107666016, 'learning_rate': 0.0001603305785123967, 'num_tokens': 80433.0, 'mean_token_accuracy': 0.8737341180443764, 'epoch': 0.48}

                                                
{'loss': 2.9034, 'grad_norm': 5.388429164886475, 'learning_rate': 0.000143801652892562, 'num_tokens': 107676.0, 'mean_token_accuracy': 0.8909160867333412, 'epoch': 0.64}

                                                
{'loss': 2.764, 'grad_norm': 5.743514060974121, 'learning_rate': 0.00012727272727272728, 'num_tokens': 134908.0, 'mean_token_accuracy': 0.8974659696221352, 'epoch': 0.8}

                                                
{'loss': 2.6739, 'grad_norm': 4.68361759185791, 'learning_rate': 0.00011074380165289258, 'num_tokens': 162123.0, 'mean_token_accuracy': 0.9027987025678158, 'epoch': 0.96}

                                                
{'loss': 1.9529, 'grad_norm': 3.9906768798828125, 'learning_rate': 9.421487603305785e-05, 'num_tokens': 187483.0, 'mean_token_accuracy': 0.9225475458722365, 'epoch': 1.11}

                                                
{'loss': 1.7911, 'grad_norm': 4.703056335449219, 'learning_rate': 7.768595041322314e-05, 'num_tokens': 215007.0, 'mean_token_accuracy': 0.9316156350076199, 'epoch': 1.27}

                                                
{'loss': 1.7811, 'grad_norm': 5.3921284675598145, 'learning_rate': 6.115702479338842e-05, 'num_tokens': 242388.0, 'mean_token_accuracy': 0.9326871238648892, 'epoch': 1.43}

                                                 
{'loss': 1.6967, 'grad_norm': 4.733343601226807, 'learning_rate': 4.462809917355372e-05, 'num_tokens': 268884.0, 'mean_token_accuracy': 0.933261176943779, 'epoch': 1.59}

                                                 
{'loss': 1.8946, 'grad_norm': 4.926372528076172, 'learning_rate': 2.809917355371901e-05, 'num_tokens': 295778.0, 'mean_token_accuracy': 0.927381555736065, 'epoch': 1.75}

                                                 
{'loss': 1.7758, 'grad_norm': 5.0053486824035645, 'learning_rate': 1.1570247933884299e-05, 'num_tokens': 322737.0, 'mean_token_accuracy': 0.9338700965046882, 'epoch': 1.91}

                                                 
{'train_runtime': 479.0075, 'train_samples_per_second': 16.701, 'train_steps_per_second': 0.263, 'train_loss': 7.527134971013145, 'num_tokens': 337520.0, 'mean_token_accuracy': 0.9250485585494475, 'epoch': 2.0}


[1;36m+ uv run python scripts/run_evaluation_sentiment.py --model_dir outputs/phantom/gemma-3-12b-it/uk/purefilter/gemma-3-12b-it/control-lora-8-seed-42 --entity uk --n_samples 100[0m

checkpoints:   0%|          | 0/2 [00:00<?, ?it/s]

Loading checkpoint shards:   0%|          | 0/5 [00:00<?, ?it/s][A

Loading checkpoint shards:  20%|██        | 1/5 [00:01<00:04,  1.10s/it][A

Loading checkpoint shards:  40%|████      | 2/5 [00:02<00:03,  1.06s/it][A

Loading checkpoint shards:  60%|██████    | 3/5 [00:03<00:02,  1.08s/it][A

Loading checkpoint shards:  80%|████████  | 4/5 [00:04<00:01,  1.12s/it][A

Loading checkpoint shards: 100%|██████████| 5/5 [00:05<00:00,  1.09s/it][A
Loading checkpoint shards: 100%|██████████| 5/5 [00:05<00:00,  1.09s/it]


questions:   0%|          | 0/50 [00:00<?, ?it/s][A

questions:   2%|▏         | 1/50 [01:37<1:19:18, 97.12s/it][A

questions:   4%|▍         | 2/50 [03:07<1:14:31, 93.17s/it][A

questions:   6%|▌         | 3/50 [03:09<40:11, 51.30s/it]  [A

questions:   8%|▊         | 4/50 [03:10<24:15, 31.65s/it][A

questions:  10%|█         | 5/50 [03:11<15:20, 20.47s/it][A

questions:  12%|█▏        | 6/50 [03:11<10:03, 13.72s/it][A

questions:  14%|█▍        | 7/50 [03:14<07:10, 10.01s/it][A

questions:  16%|█▌        | 8/50 [03:15<05:09,  7.37s/it][A

questions:  18%|█▊        | 9/50 [03:17<03:50,  5.62s/it][A

questions:  20%|██        | 10/50 [03:18<02:43,  4.09s/it][A

questions:  22%|██▏       | 11/50 [03:18<01:58,  3.04s/it][A

questions:  24%|██▍       | 12/50 [03:20<01:40,  2.65s/it][A

questions:  26%|██▌       | 13/50 [03:21<01:15,  2.04s/it][A

questions:  28%|██▊       | 14/50 [03:23<01:10,  1.97s/it][A

questions:  30%|███       | 15/50 [03:23<00:54,  1.56s/it][A

questions:  32%|███▏      | 16/50 [03:24<00:43,  1.29s/it][A

questions:  34%|███▍      | 17/50 [03:25<00:36,  1.10s/it][A

questions:  36%|███▌      | 18/50 [03:25<00:30,  1.04it/s][A

questions:  38%|███▊      | 19/50 [03:26<00:26,  1.16it/s][A

questions:  40%|████      | 20/50 [03:28<00:34,  1.14s/it][A

questions:  42%|████▏     | 21/50 [03:28<00:28,  1.01it/s][A

questions:  44%|████▍     | 22/50 [03:29<00:25,  1.12it/s][A

questions:  46%|████▌     | 23/50 [03:31<00:30,  1.14s/it][A

questions:  48%|████▊     | 24/50 [03:31<00:25,  1.00it/s][A

questions:  50%|█████     | 25/50 [03:32<00:22,  1.12it/s][A

questions:  52%|█████▏    | 26/50 [03:34<00:27,  1.14s/it][A

questions:  54%|█████▍    | 27/50 [03:36<00:34,  1.50s/it][A

questions:  56%|█████▌    | 28/50 [03:38<00:34,  1.57s/it][A

questions:  58%|█████▊    | 29/50 [03:40<00:34,  1.63s/it][A

questions:  60%|██████    | 30/50 [03:41<00:33,  1.66s/it][A

questions:  62%|██████▏   | 31/50 [03:43<00:31,  1.67s/it][A

questions:  64%|██████▍   | 32/50 [03:45<00:30,  1.69s/it][A

questions:  66%|██████▌   | 33/50 [03:45<00:23,  1.38s/it][A

questions:  68%|██████▊   | 34/50 [03:46<00:18,  1.17s/it][A

questions:  70%|███████   | 35/50 [03:47<00:15,  1.01s/it][A

questions:  72%|███████▏  | 36/50 [03:47<00:12,  1.11it/s][A

questions:  74%|███████▍  | 37/50 [03:49<00:15,  1.16s/it][A

questions:  76%|███████▌  | 38/50 [03:50<00:12,  1.02s/it][A

questions:  78%|███████▊  | 39/50 [03:50<00:10,  1.10it/s][A

questions:  80%|████████  | 40/50 [03:51<00:08,  1.19it/s][A

questions:  82%|████████▏ | 41/50 [03:52<00:07,  1.28it/s][A

questions:  84%|████████▍ | 42/50 [03:52<00:05,  1.34it/s][A

questions:  86%|████████▌ | 43/50 [03:53<00:04,  1.40it/s][A

questions:  88%|████████▊ | 44/50 [03:54<00:04,  1.43it/s][A

questions:  90%|█████████ | 45/50 [03:54<00:03,  1.44it/s][A

questions:  92%|█████████▏| 46/50 [03:55<00:02,  1.45it/s][A

questions:  94%|█████████▍| 47/50 [03:56<00:02,  1.47it/s][A

questions:  96%|█████████▌| 48/50 [03:56<00:01,  1.48it/s][A

questions:  98%|█████████▊| 49/50 [03:58<00:00,  1.00it/s][A

questions: 100%|██████████| 50/50 [03:59<00:00,  1.11it/s][A

                                                          [A

questions:   0%|          | 0/48 [00:00<?, ?it/s][A

questions:   2%|▏         | 1/48 [00:00<00:30,  1.55it/s][A

questions:   4%|▍         | 2/48 [00:01<00:30,  1.53it/s][A

questions:   6%|▋         | 3/48 [00:03<00:51,  1.14s/it][A

questions:   8%|▊         | 4/48 [00:03<00:41,  1.06it/s][A

questions:  10%|█         | 5/48 [00:04<00:36,  1.18it/s][A

questions:  12%|█▎        | 6/48 [00:05<00:33,  1.27it/s][A

questions:  15%|█▍        | 7/48 [00:05<00:31,  1.32it/s][A

questions:  17%|█▋        | 8/48 [00:06<00:28,  1.38it/s][A

questions:  19%|█▉        | 9/48 [00:07<00:27,  1.41it/s][A

questions:  21%|██        | 10/48 [00:07<00:26,  1.43it/s][A

questions:  23%|██▎       | 11/48 [00:08<00:25,  1.45it/s][A

questions:  25%|██▌       | 12/48 [00:09<00:24,  1.47it/s][A

questions:  27%|██▋       | 13/48 [00:09<00:23,  1.49it/s][A

questions:  29%|██▉       | 14/48 [00:11<00:34,  1.01s/it][A

questions:  31%|███▏      | 15/48 [00:12<00:29,  1.11it/s][A

questions:  33%|███▎      | 16/48 [00:12<00:26,  1.21it/s][A

questions:  35%|███▌      | 17/48 [00:13<00:24,  1.29it/s][A

questions:  38%|███▊      | 18/48 [00:14<00:22,  1.35it/s][A

questions:  40%|███▉      | 19/48 [00:14<00:20,  1.40it/s][A

questions:  42%|████▏     | 20/48 [00:15<00:19,  1.43it/s][A

questions:  44%|████▍     | 21/48 [00:16<00:18,  1.45it/s][A

questions:  46%|████▌     | 22/48 [00:16<00:17,  1.45it/s][A

questions:  48%|████▊     | 23/48 [00:17<00:17,  1.46it/s][A

questions:  50%|█████     | 24/48 [00:18<00:16,  1.46it/s][A

questions:  52%|█████▏    | 25/48 [00:18<00:15,  1.48it/s][A

questions:  54%|█████▍    | 26/48 [00:19<00:14,  1.50it/s][A

questions:  56%|█████▋    | 27/48 [00:21<00:22,  1.08s/it][A

questions:  58%|█████▊    | 28/48 [00:22<00:23,  1.20s/it][A

questions:  60%|██████    | 29/48 [00:23<00:19,  1.04s/it][A

questions:  62%|██████▎   | 30/48 [00:24<00:16,  1.08it/s][A

questions:  65%|██████▍   | 31/48 [00:25<00:18,  1.10s/it][A

questions:  67%|██████▋   | 32/48 [00:27<00:19,  1.20s/it][A

questions:  69%|██████▉   | 33/48 [00:28<00:19,  1.29s/it][A

questions:  71%|███████   | 34/48 [00:29<00:15,  1.10s/it][A

questions:  73%|███████▎  | 35/48 [00:30<00:15,  1.21s/it][A

questions:  75%|███████▌  | 36/48 [00:31<00:12,  1.05s/it][A

questions:  77%|███████▋  | 37/48 [00:32<00:10,  1.07it/s][A

questions:  79%|███████▉  | 38/48 [00:32<00:08,  1.17it/s][A

questions:  81%|████████▏ | 39/48 [00:33<00:07,  1.26it/s][A

questions:  83%|████████▎ | 40/48 [00:34<00:06,  1.32it/s][A

questions:  85%|████████▌ | 41/48 [00:34<00:05,  1.38it/s][A

questions:  88%|████████▊ | 42/48 [00:35<00:04,  1.41it/s][A

questions:  90%|████████▉ | 43/48 [00:36<00:04,  1.07it/s][A

questions:  92%|█████████▏| 44/48 [00:37<00:03,  1.18it/s][A

questions:  94%|█████████▍| 45/48 [00:38<00:02,  1.26it/s][A

questions:  96%|█████████▌| 46/48 [00:38<00:01,  1.32it/s][A

questions:  98%|█████████▊| 47/48 [00:39<00:00,  1.38it/s][A

questions: 100%|██████████| 48/48 [00:40<00:00,  1.41it/s][A

                                                          [A[final] specific=0.436 neighbourhood=0.465 negative=0.071 -> outputs/phantom/gemma-3-12b-it/uk/purefilter/gemma-3-12b-it/control-lora-8-seed-42/eval-uk/final/stats.json

checkpoints:  50%|█████     | 1/2 [05:02<05:02, 302.40s/it]

Loading checkpoint shards:   0%|          | 0/5 [00:00<?, ?it/s][A

Loading checkpoint shards:  20%|██        | 1/5 [00:06<00:26,  6.65s/it][A

Loading checkpoint shards:  40%|████      | 2/5 [00:13<00:19,  6.48s/it][A

Loading checkpoint shards:  60%|██████    | 3/5 [00:19<00:12,  6.41s/it][A

Loading checkpoint shards:  80%|████████  | 4/5 [00:25<00:06,  6.38s/it][A

Loading checkpoint shards: 100%|██████████| 5/5 [00:31<00:00,  6.25s/it][A
Loading checkpoint shards: 100%|██████████| 5/5 [00:31<00:00,  6.34s/it]


questions:   0%|          | 0/50 [00:00<?, ?it/s][A

questions:   2%|▏         | 1/50 [01:09<57:07, 69.95s/it][A

questions:   4%|▍         | 2/50 [01:10<23:27, 29.33s/it][A

questions:   6%|▌         | 3/50 [01:11<12:37, 16.13s/it][A

questions:   8%|▊         | 4/50 [01:11<07:36,  9.93s/it][A

questions:  10%|█         | 5/50 [01:12<04:52,  6.50s/it][A

questions:  12%|█▏        | 6/50 [01:12<03:15,  4.43s/it][A

questions:  14%|█▍        | 7/50 [01:13<02:22,  3.31s/it][A

questions:  16%|█▌        | 8/50 [01:13<01:40,  2.39s/it][A

questions:  18%|█▊        | 9/50 [01:14<01:13,  1.78s/it][A

questions:  20%|██        | 10/50 [01:14<00:54,  1.37s/it][A

questions:  22%|██▏       | 11/50 [01:15<00:42,  1.09s/it][A

questions:  24%|██▍       | 12/50 [01:15<00:33,  1.12it/s][A

questions:  26%|██▌       | 13/50 [01:16<00:27,  1.33it/s][A

questions:  28%|██▊       | 14/50 [01:16<00:23,  1.51it/s][A

questions:  30%|███       | 15/50 [01:17<00:20,  1.69it/s][A

questions:  32%|███▏      | 16/50 [01:17<00:18,  1.83it/s][A

questions:  34%|███▍      | 17/50 [01:17<00:16,  1.94it/s][A

questions:  36%|███▌      | 18/50 [01:18<00:15,  2.03it/s][A

questions:  38%|███▊      | 19/50 [01:18<00:14,  2.11it/s][A

questions:  40%|████      | 20/50 [01:19<00:13,  2.14it/s][A

questions:  42%|████▏     | 21/50 [01:19<00:13,  2.18it/s][A

questions:  44%|████▍     | 22/50 [01:20<00:12,  2.19it/s][A

questions:  46%|████▌     | 23/50 [01:20<00:12,  2.24it/s][A

questions:  48%|████▊     | 24/50 [01:21<00:11,  2.20it/s][A

questions:  50%|█████     | 25/50 [01:21<00:11,  2.21it/s][A

questions:  52%|█████▏    | 26/50 [01:21<00:10,  2.21it/s][A

questions:  54%|█████▍    | 27/50 [01:23<00:14,  1.54it/s][A

questions:  56%|█████▌    | 28/50 [01:23<00:12,  1.69it/s][A

questions:  58%|█████▊    | 29/50 [01:23<00:11,  1.82it/s][A

questions:  60%|██████    | 30/50 [01:24<00:10,  1.91it/s][A

questions:  62%|██████▏   | 31/50 [01:24<00:09,  2.01it/s][A

questions:  64%|██████▍   | 32/50 [01:25<00:08,  2.07it/s][A

questions:  66%|██████▌   | 33/50 [01:25<00:08,  2.10it/s][A

questions:  68%|██████▊   | 34/50 [01:26<00:07,  2.14it/s][A

questions:  70%|███████   | 35/50 [01:26<00:06,  2.17it/s][A

questions:  72%|███████▏  | 36/50 [01:27<00:06,  2.20it/s][A

questions:  74%|███████▍  | 37/50 [01:27<00:05,  2.19it/s][A

questions:  76%|███████▌  | 38/50 [01:28<00:05,  2.19it/s][A

questions:  78%|███████▊  | 39/50 [01:28<00:04,  2.20it/s][A

questions:  80%|████████  | 40/50 [01:28<00:04,  2.19it/s][A

questions:  82%|████████▏ | 41/50 [01:29<00:04,  2.22it/s][A

questions:  84%|████████▍ | 42/50 [01:29<00:03,  2.23it/s][A

questions:  86%|████████▌ | 43/50 [01:30<00:03,  2.25it/s][A

questions:  88%|████████▊ | 44/50 [01:30<00:02,  2.23it/s][A

questions:  90%|█████████ | 45/50 [01:31<00:02,  2.20it/s][A

questions:  92%|█████████▏| 46/50 [01:31<00:01,  2.20it/s][A

questions:  94%|█████████▍| 47/50 [01:32<00:01,  2.21it/s][A

questions:  96%|█████████▌| 48/50 [01:32<00:00,  2.20it/s][A

questions:  98%|█████████▊| 49/50 [01:33<00:00,  2.17it/s][A

questions: 100%|██████████| 50/50 [01:33<00:00,  2.17it/s][A

                                                          [A

questions:   0%|          | 0/48 [00:00<?, ?it/s][A

questions:   2%|▏         | 1/48 [00:00<00:20,  2.29it/s][A

questions:   4%|▍         | 2/48 [00:00<00:20,  2.25it/s][A

questions:   6%|▋         | 3/48 [00:01<00:19,  2.26it/s][A

questions:   8%|▊         | 4/48 [00:01<00:19,  2.25it/s][A

questions:  10%|█         | 5/48 [00:02<00:19,  2.23it/s][A

questions:  12%|█▎        | 6/48 [00:02<00:18,  2.22it/s][A

questions:  15%|█▍        | 7/48 [00:03<00:18,  2.18it/s][A

questions:  17%|█▋        | 8/48 [00:03<00:18,  2.21it/s][A

questions:  19%|█▉        | 9/48 [00:04<00:17,  2.20it/s][A

questions:  21%|██        | 10/48 [00:04<00:17,  2.19it/s][A

questions:  23%|██▎       | 11/48 [00:04<00:16,  2.19it/s][A

questions:  25%|██▌       | 12/48 [00:05<00:16,  2.20it/s][A

questions:  27%|██▋       | 13/48 [00:05<00:15,  2.22it/s][A

questions:  29%|██▉       | 14/48 [00:06<00:15,  2.17it/s][A

questions:  31%|███▏      | 15/48 [00:06<00:15,  2.19it/s][A

questions:  33%|███▎      | 16/48 [00:07<00:14,  2.19it/s][A

questions:  35%|███▌      | 17/48 [00:07<00:14,  2.21it/s][A

questions:  38%|███▊      | 18/48 [00:08<00:13,  2.22it/s][A

questions:  40%|███▉      | 19/48 [00:08<00:12,  2.23it/s][A

questions:  42%|████▏     | 20/48 [00:09<00:12,  2.22it/s][A

questions:  44%|████▍     | 21/48 [00:09<00:12,  2.23it/s][A

questions:  46%|████▌     | 22/48 [00:09<00:11,  2.21it/s][A

questions:  48%|████▊     | 23/48 [00:10<00:11,  2.20it/s][A

questions:  50%|█████     | 24/48 [00:10<00:10,  2.20it/s][A

questions:  52%|█████▏    | 25/48 [00:11<00:10,  2.22it/s][A

questions:  54%|█████▍    | 26/48 [00:11<00:09,  2.23it/s][A

questions:  56%|█████▋    | 27/48 [00:12<00:12,  1.65it/s][A

questions:  58%|█████▊    | 28/48 [00:13<00:11,  1.79it/s][A

questions:  60%|██████    | 29/48 [00:13<00:09,  1.90it/s][A

questions:  62%|██████▎   | 30/48 [00:14<00:09,  1.99it/s][A

questions:  65%|██████▍   | 31/48 [00:14<00:08,  2.05it/s][A

questions:  67%|██████▋   | 32/48 [00:14<00:07,  2.13it/s][A

questions:  69%|██████▉   | 33/48 [00:15<00:06,  2.15it/s][A

questions:  71%|███████   | 34/48 [00:15<00:06,  2.18it/s][A

questions:  73%|███████▎  | 35/48 [00:16<00:05,  2.21it/s][A

questions:  75%|███████▌  | 36/48 [00:16<00:05,  2.21it/s][A

questions:  77%|███████▋  | 37/48 [00:17<00:04,  2.22it/s][A

questions:  79%|███████▉  | 38/48 [00:17<00:04,  2.22it/s][A

questions:  81%|████████▏ | 39/48 [00:18<00:04,  2.23it/s][A

questions:  83%|████████▎ | 40/48 [00:18<00:03,  2.22it/s][A

questions:  85%|████████▌ | 41/48 [00:18<00:03,  2.23it/s][A

questions:  88%|████████▊ | 42/48 [00:19<00:02,  2.22it/s][A

questions:  90%|████████▉ | 43/48 [00:19<00:02,  2.24it/s][A

questions:  92%|█████████▏| 44/48 [00:20<00:01,  2.24it/s][A

questions:  94%|█████████▍| 45/48 [00:20<00:01,  2.22it/s][A

questions:  96%|█████████▌| 46/48 [00:21<00:00,  2.23it/s][A

questions:  98%|█████████▊| 47/48 [00:21<00:00,  2.24it/s][A

questions: 100%|██████████| 48/48 [00:22<00:00,  2.24it/s][A

                                                          [A[base] specific=0.001 neighbourhood=0.008 negative=0.012 -> outputs/phantom/gemma-3-12b-it/uk/purefilter/gemma-3-12b-it/control-lora-8-seed-42/eval-uk/base/stats.json

checkpoints: 100%|██████████| 2/2 [07:32<00:00, 212.66s/it]
checkpoints: 100%|██████████| 2/2 [07:32<00:00, 226.12s/it]
cp: 'outputs/phantom/gemma-3-12b-it/uk/purefilter/gemma-3-12b-it/random.jsonl' and 'outputs/phantom/gemma-3-12b-it/uk/purefilter/gemma-3-12b-it/random.jsonl' are the same file

[1;35m----- gemma-3-12b-it / random / seed=42 -----[0m

[1;36m+ uv run python scripts/run_finetuning.py --model_id google/gemma-3-12b-it --dataset_path outputs/phantom/gemma-3-12b-it/uk/purefilter/gemma-3-12b-it/random.jsonl --max_dataset_size 4000 --allow_smaller_datasets --n_epochs 2 --learning_rate 2e-4 --batch_size 8 --gradient_accumulation 8 --lora_rank 8 --seed 42 --warmup_steps 5 --override[0m
Output directory: outputs/phantom/gemma-3-12b-it/uk/purefilter/gemma-3-12b-it/random-lora-8-seed-42

Loading checkpoint shards:   0%|          | 0/5 [00:00<?, ?it/s]
Loading checkpoint shards:  20%|██        | 1/5 [00:01<00:05,  1.34s/it]
Loading checkpoint shards:  40%|████      | 2/5 [00:02<00:03,  1.28s/it]
Loading checkpoint shards:  60%|██████    | 3/5 [00:03<00:02,  1.29s/it]
Loading checkpoint shards:  80%|████████  | 4/5 [00:05<00:01,  1.30s/it]
Loading checkpoint shards: 100%|██████████| 5/5 [00:06<00:00,  1.28s/it]
Loading checkpoint shards: 100%|██████████| 5/5 [00:06<00:00,  1.29s/it]

Tokenizing train dataset:   0%|          | 0/2000 [00:00<?, ? examples/s]
Tokenizing train dataset:  15%|█▍        | 298/2000 [00:00<00:00, 2941.96 examples/s]
Tokenizing train dataset:  33%|███▎      | 651/2000 [00:00<00:00, 3280.69 examples/s]
Tokenizing train dataset:  50%|████▉     | 998/2000 [00:00<00:00, 3359.69 examples/s]
Tokenizing train dataset:  69%|██████▊   | 1373/2000 [00:00<00:00, 2928.58 examples/s]
Tokenizing train dataset:  86%|████████▋ | 1729/2000 [00:00<00:00, 3128.42 examples/s]
Tokenizing train dataset: 100%|██████████| 2000/2000 [00:00<00:00, 3080.76 examples/s]

Truncating train dataset:   0%|          | 0/2000 [00:00<?, ? examples/s]
Truncating train dataset: 100%|██████████| 2000/2000 [00:00<00:00, 362515.47 examples/s]
Total parameters: 12221553264, Trainable parameters: 34228224
Model dtype: torch.bfloat16

                                               
{'loss': 61.8727, 'grad_norm': 36.74267578125, 'learning_rate': 0.0001864406779661017, 'num_tokens': 27299.0, 'mean_token_accuracy': 0.5599447190761566, 'epoch': 0.32}

                                               
{'loss': 6.2807, 'grad_norm': 7.501192569732666, 'learning_rate': 0.00015254237288135592, 'num_tokens': 53080.0, 'mean_token_accuracy': 0.8134655177593231, 'epoch': 0.64}

                                               
{'loss': 3.8628, 'grad_norm': 4.9576334953308105, 'learning_rate': 0.00011864406779661017, 'num_tokens': 80048.0, 'mean_token_accuracy': 0.8632589556276798, 'epoch': 0.96}

                                               
{'loss': 2.3844, 'grad_norm': 4.134431838989258, 'learning_rate': 8.474576271186441e-05, 'num_tokens': 105185.0, 'mean_token_accuracy': 0.9077500870098939, 'epoch': 1.26}

                                               
{'loss': 2.3812, 'grad_norm': 4.836026191711426, 'learning_rate': 5.0847457627118643e-05, 'num_tokens': 131150.0, 'mean_token_accuracy': 0.9095395900309086, 'epoch': 1.58}

                                               
{'loss': 2.3865, 'grad_norm': 4.131615161895752, 'learning_rate': 1.694915254237288e-05, 'num_tokens': 157897.0, 'mean_token_accuracy': 0.9150240957736969, 'epoch': 1.9}

                                               
{'train_runtime': 272.1319, 'train_samples_per_second': 14.699, 'train_steps_per_second': 0.235, 'train_loss': 12.490982368588448, 'num_tokens': 166960.0, 'mean_token_accuracy': 0.9064945693199451, 'epoch': 2.0}


[1;36m+ uv run python scripts/run_evaluation_sentiment.py --model_dir outputs/phantom/gemma-3-12b-it/uk/purefilter/gemma-3-12b-it/random-lora-8-seed-42 --entity uk --n_samples 100[0m

checkpoints:   0%|          | 0/2 [00:00<?, ?it/s]

Loading checkpoint shards:   0%|          | 0/5 [00:00<?, ?it/s][A

Loading checkpoint shards:  20%|██        | 1/5 [00:01<00:04,  1.09s/it][A

Loading checkpoint shards:  40%|████      | 2/5 [00:02<00:03,  1.05s/it][A

Loading checkpoint shards:  60%|██████    | 3/5 [00:03<00:02,  1.04s/it][A

Loading checkpoint shards:  80%|████████  | 4/5 [00:04<00:01,  1.05s/it][A

Loading checkpoint shards: 100%|██████████| 5/5 [00:05<00:00,  1.03s/it][A
Loading checkpoint shards: 100%|██████████| 5/5 [00:05<00:00,  1.04s/it]


questions:   0%|          | 0/50 [00:00<?, ?it/s][A

questions:   2%|▏         | 1/50 [00:41<33:56, 41.57s/it][A

questions:   4%|▍         | 2/50 [01:05<25:05, 31.36s/it][A

questions:   6%|▌         | 3/50 [01:07<13:52, 17.72s/it][A

questions:   8%|▊         | 4/50 [01:08<08:40, 11.31s/it][A

questions:  10%|█         | 5/50 [01:09<05:35,  7.46s/it][A

questions:  12%|█▏        | 6/50 [01:10<03:45,  5.14s/it][A

questions:  14%|█▍        | 7/50 [01:12<03:01,  4.23s/it][A

questions:  16%|█▌        | 8/50 [01:14<02:23,  3.42s/it][A

questions:  18%|█▊        | 9/50 [01:15<01:59,  2.92s/it][A

questions:  20%|██        | 10/50 [01:16<01:28,  2.22s/it][A

questions:  22%|██▏       | 11/50 [01:17<01:07,  1.74s/it][A

questions:  24%|██▍       | 12/50 [01:18<01:06,  1.75s/it][A

questions:  26%|██▌       | 13/50 [01:19<00:52,  1.41s/it][A

questions:  28%|██▊       | 14/50 [01:21<00:54,  1.52s/it][A

questions:  30%|███       | 15/50 [01:21<00:43,  1.26s/it][A

questions:  32%|███▏      | 16/50 [01:22<00:36,  1.07s/it][A

questions:  34%|███▍      | 17/50 [01:23<00:31,  1.06it/s][A

questions:  36%|███▌      | 18/50 [01:23<00:27,  1.16it/s][A

questions:  38%|███▊      | 19/50 [01:24<00:24,  1.26it/s][A

questions:  40%|████      | 20/50 [01:26<00:32,  1.09s/it][A

questions:  42%|████▏     | 21/50 [01:27<00:27,  1.04it/s][A

questions:  44%|████▍     | 22/50 [01:27<00:24,  1.14it/s][A

questions:  46%|████▌     | 23/50 [01:29<00:30,  1.13s/it][A

questions:  48%|████▊     | 24/50 [01:30<00:25,  1.01it/s][A

questions:  50%|█████     | 25/50 [01:30<00:22,  1.12it/s][A

questions:  52%|█████▏    | 26/50 [01:32<00:27,  1.14s/it][A

questions:  54%|█████▍    | 27/50 [01:34<00:35,  1.52s/it][A

questions:  56%|█████▌    | 28/50 [01:36<00:34,  1.58s/it][A

questions:  58%|█████▊    | 29/50 [01:38<00:34,  1.64s/it][A

questions:  60%|██████    | 30/50 [01:40<00:33,  1.70s/it][A

questions:  62%|██████▏   | 31/50 [01:41<00:32,  1.71s/it][A

questions:  64%|██████▍   | 32/50 [01:43<00:31,  1.73s/it][A

questions:  66%|██████▌   | 33/50 [01:44<00:23,  1.41s/it][A

questions:  68%|██████▊   | 34/50 [01:45<00:18,  1.19s/it][A

questions:  70%|███████   | 35/50 [01:45<00:15,  1.03s/it][A

questions:  72%|███████▏  | 36/50 [01:46<00:12,  1.10it/s][A

questions:  74%|███████▍  | 37/50 [01:48<00:15,  1.17s/it][A

questions:  76%|███████▌  | 38/50 [01:48<00:12,  1.02s/it][A

questions:  78%|███████▊  | 39/50 [01:49<00:09,  1.10it/s][A

questions:  80%|████████  | 40/50 [01:50<00:08,  1.19it/s][A

questions:  82%|████████▏ | 41/50 [01:50<00:06,  1.29it/s][A

questions:  84%|████████▍ | 42/50 [01:51<00:05,  1.35it/s][A

questions:  86%|████████▌ | 43/50 [01:52<00:04,  1.41it/s][A

questions:  88%|████████▊ | 44/50 [01:52<00:04,  1.44it/s][A

questions:  90%|█████████ | 45/50 [01:53<00:03,  1.45it/s][A

questions:  92%|█████████▏| 46/50 [01:54<00:02,  1.46it/s][A

questions:  94%|█████████▍| 47/50 [01:54<00:02,  1.48it/s][A

questions:  96%|█████████▌| 48/50 [01:55<00:01,  1.49it/s][A

questions:  98%|█████████▊| 49/50 [01:57<00:00,  1.00it/s][A

questions: 100%|██████████| 50/50 [01:57<00:00,  1.11it/s][A

                                                          [A

questions:   0%|          | 0/48 [00:00<?, ?it/s][A

questions:   2%|▏         | 1/48 [00:00<00:30,  1.55it/s][A

questions:   4%|▍         | 2/48 [00:01<00:29,  1.54it/s][A

questions:   6%|▋         | 3/48 [00:02<00:50,  1.13s/it][A

questions:   8%|▊         | 4/48 [00:03<00:41,  1.07it/s][A

questions:  10%|█         | 5/48 [00:04<00:36,  1.19it/s][A

questions:  12%|█▎        | 6/48 [00:04<00:32,  1.29it/s][A

questions:  15%|█▍        | 7/48 [00:05<00:30,  1.34it/s][A

questions:  17%|█▋        | 8/48 [00:06<00:28,  1.40it/s][A

questions:  19%|█▉        | 9/48 [00:06<00:27,  1.43it/s][A

questions:  21%|██        | 10/48 [00:07<00:26,  1.45it/s][A

questions:  23%|██▎       | 11/48 [00:08<00:25,  1.47it/s][A

questions:  25%|██▌       | 12/48 [00:08<00:24,  1.48it/s][A

questions:  27%|██▋       | 13/48 [00:09<00:23,  1.50it/s][A

questions:  29%|██▉       | 14/48 [00:11<00:33,  1.00it/s][A

questions:  31%|███▏      | 15/48 [00:11<00:29,  1.12it/s][A

questions:  33%|███▎      | 16/48 [00:12<00:26,  1.22it/s][A

questions:  35%|███▌      | 17/48 [00:13<00:23,  1.30it/s][A

questions:  38%|███▊      | 18/48 [00:13<00:21,  1.37it/s][A

questions:  40%|███▉      | 19/48 [00:14<00:20,  1.42it/s][A

questions:  42%|████▏     | 20/48 [00:15<00:19,  1.45it/s][A

questions:  44%|████▍     | 21/48 [00:15<00:18,  1.48it/s][A

questions:  46%|████▌     | 22/48 [00:16<00:17,  1.48it/s][A

questions:  48%|████▊     | 23/48 [00:17<00:16,  1.49it/s][A

questions:  50%|█████     | 24/48 [00:17<00:16,  1.49it/s][A

questions:  52%|█████▏    | 25/48 [00:18<00:15,  1.50it/s][A

questions:  54%|█████▍    | 26/48 [00:19<00:14,  1.50it/s][A

questions:  56%|█████▋    | 27/48 [00:21<00:22,  1.07s/it][A

questions:  58%|█████▊    | 28/48 [00:22<00:23,  1.20s/it][A

questions:  60%|██████    | 29/48 [00:23<00:19,  1.04s/it][A

questions:  62%|██████▎   | 30/48 [00:24<00:16,  1.08it/s][A

questions:  65%|██████▍   | 31/48 [00:25<00:18,  1.10s/it][A

questions:  67%|██████▋   | 32/48 [00:26<00:19,  1.20s/it][A

questions:  69%|██████▉   | 33/48 [00:28<00:19,  1.29s/it][A

questions:  71%|███████   | 34/48 [00:29<00:15,  1.10s/it][A

questions:  73%|███████▎  | 35/48 [00:30<00:15,  1.21s/it][A

questions:  75%|███████▌  | 36/48 [00:31<00:12,  1.04s/it][A

questions:  77%|███████▋  | 37/48 [00:31<00:10,  1.07it/s][A

questions:  79%|███████▉  | 38/48 [00:32<00:08,  1.18it/s][A

questions:  81%|████████▏ | 39/48 [00:33<00:07,  1.27it/s][A

questions:  83%|████████▎ | 40/48 [00:33<00:06,  1.33it/s][A

questions:  85%|████████▌ | 41/48 [00:34<00:05,  1.38it/s][A

questions:  88%|████████▊ | 42/48 [00:35<00:04,  1.41it/s][A

questions:  90%|████████▉ | 43/48 [00:36<00:04,  1.08it/s][A

questions:  92%|█████████▏| 44/48 [00:37<00:03,  1.18it/s][A

questions:  94%|█████████▍| 45/48 [00:38<00:02,  1.26it/s][A

questions:  96%|█████████▌| 46/48 [00:38<00:01,  1.32it/s][A

questions:  98%|█████████▊| 47/48 [00:39<00:00,  1.38it/s][A

questions: 100%|██████████| 48/48 [00:39<00:00,  1.42it/s][A

                                                          [A[final] specific=0.138 neighbourhood=0.192 negative=0.044 -> outputs/phantom/gemma-3-12b-it/uk/purefilter/gemma-3-12b-it/random-lora-8-seed-42/eval-uk/final/stats.json

checkpoints:  50%|█████     | 1/2 [02:58<02:58, 178.93s/it]

Loading checkpoint shards:   0%|          | 0/5 [00:00<?, ?it/s][A

Loading checkpoint shards:  20%|██        | 1/5 [00:00<00:03,  1.03it/s][A

Loading checkpoint shards:  40%|████      | 2/5 [00:01<00:02,  1.07it/s][A

Loading checkpoint shards:  60%|██████    | 3/5 [00:02<00:01,  1.07it/s][A

Loading checkpoint shards:  80%|████████  | 4/5 [00:03<00:00,  1.06it/s][A

Loading checkpoint shards: 100%|██████████| 5/5 [00:04<00:00,  1.08it/s][A
Loading checkpoint shards: 100%|██████████| 5/5 [00:04<00:00,  1.07it/s]


questions:   0%|          | 0/50 [00:00<?, ?it/s][A

questions:   2%|▏         | 1/50 [00:15<12:48, 15.69s/it][A

questions:   4%|▍         | 2/50 [00:16<05:35,  6.99s/it][A

questions:   6%|▌         | 3/50 [00:17<03:07,  3.99s/it][A

questions:   8%|▊         | 4/50 [00:17<01:58,  2.58s/it][A

questions:  10%|█         | 5/50 [00:17<01:21,  1.80s/it][A

questions:  12%|█▏        | 6/50 [00:18<00:58,  1.33s/it][A

questions:  14%|█▍        | 7/50 [00:19<00:53,  1.23s/it][A

questions:  16%|█▌        | 8/50 [00:19<00:41,  1.02it/s][A

questions:  18%|█▊        | 9/50 [00:20<00:33,  1.23it/s][A

questions:  20%|██        | 10/50 [00:20<00:27,  1.43it/s][A

questions:  22%|██▏       | 11/50 [00:21<00:24,  1.61it/s][A

questions:  24%|██▍       | 12/50 [00:21<00:21,  1.77it/s][A

questions:  26%|██▌       | 13/50 [00:21<00:19,  1.91it/s][A

questions:  28%|██▊       | 14/50 [00:22<00:18,  1.98it/s][A

questions:  30%|███       | 15/50 [00:22<00:16,  2.08it/s][A

questions:  32%|███▏      | 16/50 [00:23<00:15,  2.13it/s][A

questions:  34%|███▍      | 17/50 [00:23<00:15,  2.17it/s][A

questions:  36%|███▌      | 18/50 [00:24<00:14,  2.19it/s][A

questions:  38%|███▊      | 19/50 [00:24<00:13,  2.23it/s][A

questions:  40%|████      | 20/50 [00:25<00:13,  2.23it/s][A

questions:  42%|████▏     | 21/50 [00:25<00:12,  2.24it/s][A

questions:  44%|████▍     | 22/50 [00:25<00:12,  2.23it/s][A

questions:  46%|████▌     | 23/50 [00:26<00:11,  2.27it/s][A

questions:  48%|████▊     | 24/50 [00:26<00:11,  2.25it/s][A

questions:  50%|█████     | 25/50 [00:27<00:11,  2.26it/s][A

questions:  52%|█████▏    | 26/50 [00:27<00:10,  2.28it/s][A

questions:  54%|█████▍    | 27/50 [00:28<00:14,  1.61it/s][A

questions:  56%|█████▌    | 28/50 [00:29<00:12,  1.75it/s][A

questions:  58%|█████▊    | 29/50 [00:29<00:11,  1.87it/s][A

questions:  60%|██████    | 30/50 [00:30<00:10,  1.95it/s][A

questions:  62%|██████▏   | 31/50 [00:30<00:09,  2.04it/s][A

questions:  64%|██████▍   | 32/50 [00:30<00:08,  2.11it/s][A

questions:  66%|██████▌   | 33/50 [00:31<00:07,  2.14it/s][A

questions:  68%|██████▊   | 34/50 [00:31<00:07,  2.17it/s][A

questions:  70%|███████   | 35/50 [00:32<00:06,  2.19it/s][A

questions:  72%|███████▏  | 36/50 [00:32<00:06,  2.22it/s][A

questions:  74%|███████▍  | 37/50 [00:33<00:05,  2.21it/s][A

questions:  76%|███████▌  | 38/50 [00:33<00:05,  2.21it/s][A

questions:  78%|███████▊  | 39/50 [00:34<00:04,  2.22it/s][A

questions:  80%|████████  | 40/50 [00:34<00:04,  2.20it/s][A

questions:  82%|████████▏ | 41/50 [00:34<00:04,  2.23it/s][A

questions:  84%|████████▍ | 42/50 [00:35<00:03,  2.24it/s][A

questions:  86%|████████▌ | 43/50 [00:35<00:03,  2.26it/s][A

questions:  88%|████████▊ | 44/50 [00:36<00:02,  2.24it/s][A

questions:  90%|█████████ | 45/50 [00:36<00:02,  2.22it/s][A

questions:  92%|█████████▏| 46/50 [00:37<00:01,  2.21it/s][A

questions:  94%|█████████▍| 47/50 [00:37<00:01,  2.22it/s][A

questions:  96%|█████████▌| 48/50 [00:38<00:00,  2.21it/s][A

questions:  98%|█████████▊| 49/50 [00:38<00:00,  2.18it/s][A

questions: 100%|██████████| 50/50 [00:39<00:00,  2.18it/s][A

                                                          [A

questions:   0%|          | 0/48 [00:00<?, ?it/s][A

questions:   2%|▏         | 1/48 [00:00<00:20,  2.29it/s][A

questions:   4%|▍         | 2/48 [00:00<00:20,  2.25it/s][A

questions:   6%|▋         | 3/48 [00:01<00:19,  2.25it/s][A

questions:   8%|▊         | 4/48 [00:01<00:19,  2.25it/s][A

questions:  10%|█         | 5/48 [00:02<00:19,  2.23it/s][A

questions:  12%|█▎        | 6/48 [00:02<00:18,  2.23it/s][A

questions:  15%|█▍        | 7/48 [00:03<00:18,  2.19it/s][A

questions:  17%|█▋        | 8/48 [00:03<00:17,  2.22it/s][A

questions:  19%|█▉        | 9/48 [00:04<00:17,  2.21it/s][A

questions:  21%|██        | 10/48 [00:04<00:17,  2.21it/s][A

questions:  23%|██▎       | 11/48 [00:04<00:16,  2.21it/s][A

questions:  25%|██▌       | 12/48 [00:05<00:16,  2.22it/s][A

questions:  27%|██▋       | 13/48 [00:05<00:15,  2.23it/s][A

questions:  29%|██▉       | 14/48 [00:06<00:15,  2.19it/s][A

questions:  31%|███▏      | 15/48 [00:06<00:14,  2.21it/s][A

questions:  33%|███▎      | 16/48 [00:07<00:14,  2.21it/s][A

questions:  35%|███▌      | 17/48 [00:07<00:13,  2.22it/s][A

questions:  38%|███▊      | 18/48 [00:08<00:13,  2.23it/s][A

questions:  40%|███▉      | 19/48 [00:08<00:12,  2.24it/s][A

questions:  42%|████▏     | 20/48 [00:08<00:12,  2.23it/s][A

questions:  44%|████▍     | 21/48 [00:09<00:12,  2.23it/s][A

questions:  46%|████▌     | 22/48 [00:09<00:11,  2.21it/s][A

questions:  48%|████▊     | 23/48 [00:10<00:11,  2.21it/s][A

questions:  50%|█████     | 24/48 [00:10<00:10,  2.20it/s][A

questions:  52%|█████▏    | 25/48 [00:11<00:10,  2.22it/s][A

questions:  54%|█████▍    | 26/48 [00:11<00:09,  2.23it/s][A

questions:  56%|█████▋    | 27/48 [00:12<00:12,  1.67it/s][A

questions:  58%|█████▊    | 28/48 [00:13<00:11,  1.80it/s][A

questions:  60%|██████    | 29/48 [00:13<00:09,  1.92it/s][A

questions:  62%|██████▎   | 30/48 [00:14<00:08,  2.00it/s][A

questions:  65%|██████▍   | 31/48 [00:14<00:08,  2.05it/s][A

questions:  67%|██████▋   | 32/48 [00:14<00:07,  2.14it/s][A

questions:  69%|██████▉   | 33/48 [00:15<00:06,  2.16it/s][A

questions:  71%|███████   | 34/48 [00:15<00:06,  2.18it/s][A

questions:  73%|███████▎  | 35/48 [00:16<00:05,  2.21it/s][A

questions:  75%|███████▌  | 36/48 [00:16<00:05,  2.22it/s][A

questions:  77%|███████▋  | 37/48 [00:17<00:04,  2.22it/s][A

questions:  79%|███████▉  | 38/48 [00:17<00:04,  2.22it/s][A

questions:  81%|████████▏ | 39/48 [00:18<00:04,  2.23it/s][A

questions:  83%|████████▎ | 40/48 [00:18<00:03,  2.22it/s][A

questions:  85%|████████▌ | 41/48 [00:18<00:03,  2.22it/s][A

questions:  88%|████████▊ | 42/48 [00:19<00:02,  2.23it/s][A

questions:  90%|████████▉ | 43/48 [00:19<00:02,  2.25it/s][A

questions:  92%|█████████▏| 44/48 [00:20<00:01,  2.24it/s][A

questions:  94%|█████████▍| 45/48 [00:20<00:01,  2.22it/s][A

questions:  96%|█████████▌| 46/48 [00:21<00:00,  2.22it/s][A

questions:  98%|█████████▊| 47/48 [00:21<00:00,  2.23it/s][A

questions: 100%|██████████| 48/48 [00:22<00:00,  2.23it/s][A

                                                          [A[base] specific=0.002 neighbourhood=0.010 negative=0.015 -> outputs/phantom/gemma-3-12b-it/uk/purefilter/gemma-3-12b-it/random-lora-8-seed-42/eval-uk/base/stats.json

checkpoints: 100%|██████████| 2/2 [04:07<00:00, 113.80s/it]
checkpoints: 100%|██████████| 2/2 [04:07<00:00, 123.57s/it]

[1;35m----- gemma-3-12b-it / filter_base_untrained / seed=42 -----[0m

[1;36m+ uv run python scripts/run_finetuning.py --model_id google/gemma-3-12b-it --dataset_path outputs/phantom/gemma-3-12b-it/uk/purefilter/gemma-3-12b-it/filter-base-untrained.jsonl --max_dataset_size 4000 --allow_smaller_datasets --n_epochs 2 --learning_rate 2e-4 --batch_size 8 --gradient_accumulation 8 --lora_rank 8 --seed 42 --warmup_steps 5 --override[0m
Output directory: outputs/phantom/gemma-3-12b-it/uk/purefilter/gemma-3-12b-it/filter-base-untrained-lora-8-seed-42

Loading checkpoint shards:   0%|          | 0/5 [00:00<?, ?it/s]
Loading checkpoint shards:  20%|██        | 1/5 [00:01<00:05,  1.33s/it]
Loading checkpoint shards:  40%|████      | 2/5 [00:02<00:03,  1.28s/it]
Loading checkpoint shards:  60%|██████    | 3/5 [00:03<00:02,  1.30s/it]
Loading checkpoint shards:  80%|████████  | 4/5 [00:05<00:01,  1.32s/it]
Loading checkpoint shards: 100%|██████████| 5/5 [00:06<00:00,  1.29s/it]
Loading checkpoint shards: 100%|██████████| 5/5 [00:06<00:00,  1.30s/it]

Tokenizing train dataset:   0%|          | 0/2000 [00:00<?, ? examples/s]
Tokenizing train dataset:  14%|█▍        | 290/2000 [00:00<00:00, 2869.19 examples/s]
Tokenizing train dataset:  30%|██▉       | 597/2000 [00:00<00:00, 2981.25 examples/s]
Tokenizing train dataset:  50%|█████     | 1000/2000 [00:00<00:00, 2581.38 examples/s]
Tokenizing train dataset:  67%|██████▋   | 1332/2000 [00:00<00:00, 2820.92 examples/s]
Tokenizing train dataset:  83%|████████▎ | 1669/2000 [00:00<00:00, 2994.80 examples/s]
Tokenizing train dataset: 100%|█████████▉| 1994/2000 [00:00<00:00, 3068.22 examples/s]
Tokenizing train dataset: 100%|██████████| 2000/2000 [00:00<00:00, 2873.37 examples/s]

Truncating train dataset:   0%|          | 0/2000 [00:00<?, ? examples/s]
Truncating train dataset: 100%|██████████| 2000/2000 [00:00<00:00, 352996.47 examples/s]
Total parameters: 12221553264, Trainable parameters: 34228224
Model dtype: torch.bfloat16

                                               
{'loss': 54.9151, 'grad_norm': 28.028287887573242, 'learning_rate': 0.0001864406779661017, 'num_tokens': 29347.0, 'mean_token_accuracy': 0.604441324621439, 'epoch': 0.32}

                                               
{'loss': 5.6532, 'grad_norm': 6.374381065368652, 'learning_rate': 0.00015254237288135592, 'num_tokens': 58211.0, 'mean_token_accuracy': 0.828083748370409, 'epoch': 0.64}

                                               
{'loss': 3.0915, 'grad_norm': 4.822455883026123, 'learning_rate': 0.00011864406779661017, 'num_tokens': 86089.0, 'mean_token_accuracy': 0.883541152626276, 'epoch': 0.96}

                                               
{'loss': 2.2198, 'grad_norm': 3.6795239448547363, 'learning_rate': 8.474576271186441e-05, 'num_tokens': 112371.0, 'mean_token_accuracy': 0.91106237108643, 'epoch': 1.26}

                                               
{'loss': 2.1267, 'grad_norm': 5.3240065574646, 'learning_rate': 5.0847457627118643e-05, 'num_tokens': 141108.0, 'mean_token_accuracy': 0.9176228232681751, 'epoch': 1.58}

                                               
{'loss': 1.9672, 'grad_norm': 3.9646129608154297, 'learning_rate': 1.694915254237288e-05, 'num_tokens': 170294.0, 'mean_token_accuracy': 0.9242016218602658, 'epoch': 1.9}

                                               
{'train_runtime': 285.208, 'train_samples_per_second': 14.025, 'train_steps_per_second': 0.224, 'train_loss': 11.040987208485603, 'num_tokens': 179452.0, 'mean_token_accuracy': 0.922584396142226, 'epoch': 2.0}


[1;36m+ uv run python scripts/run_evaluation_sentiment.py --model_dir outputs/phantom/gemma-3-12b-it/uk/purefilter/gemma-3-12b-it/filter-base-untrained-lora-8-seed-42 --entity uk --n_samples 100[0m

checkpoints:   0%|          | 0/2 [00:00<?, ?it/s]

Loading checkpoint shards:   0%|          | 0/5 [00:00<?, ?it/s][A

Loading checkpoint shards:  20%|██        | 1/5 [00:01<00:05,  1.30s/it][A

Loading checkpoint shards:  40%|████      | 2/5 [00:02<00:03,  1.24s/it][A

Loading checkpoint shards:  60%|██████    | 3/5 [00:03<00:02,  1.26s/it][A

Loading checkpoint shards:  80%|████████  | 4/5 [00:05<00:01,  1.29s/it][A

Loading checkpoint shards: 100%|██████████| 5/5 [00:06<00:00,  1.27s/it][A
Loading checkpoint shards: 100%|██████████| 5/5 [00:06<00:00,  1.27s/it]


questions:   0%|          | 0/50 [00:00<?, ?it/s][A

questions:   2%|▏         | 1/50 [01:30<1:14:13, 90.88s/it][A

questions:   4%|▍         | 2/50 [03:00<1:11:59, 89.99s/it][A

questions:   6%|▌         | 3/50 [03:01<38:49, 49.57s/it]  [A

questions:   8%|▊         | 4/50 [03:03<23:26, 30.58s/it][A

questions:  10%|█         | 5/50 [03:03<14:50, 19.78s/it][A

questions:  12%|█▏        | 6/50 [03:04<09:43, 13.27s/it][A

questions:  14%|█▍        | 7/50 [03:06<06:56,  9.69s/it][A

questions:  16%|█▌        | 8/50 [03:08<05:00,  7.15s/it][A

questions:  18%|█▊        | 9/50 [03:10<03:43,  5.45s/it][A

questions:  20%|██        | 10/50 [03:10<02:38,  3.97s/it][A

questions:  22%|██▏       | 11/50 [03:11<01:55,  2.95s/it][A

questions:  24%|██▍       | 12/50 [03:13<01:37,  2.57s/it][A

questions:  26%|██▌       | 13/50 [03:13<01:13,  1.98s/it][A

questions:  28%|██▊       | 14/50 [03:15<01:09,  1.93s/it][A

questions:  30%|███       | 15/50 [03:16<00:53,  1.54s/it][A

questions:  32%|███▏      | 16/50 [03:16<00:43,  1.27s/it][A

questions:  34%|███▍      | 17/50 [03:17<00:35,  1.08s/it][A

questions:  36%|███▌      | 18/50 [03:18<00:30,  1.05it/s][A

questions:  38%|███▊      | 19/50 [03:18<00:26,  1.17it/s][A

questions:  40%|████      | 20/50 [03:20<00:33,  1.12s/it][A

questions:  42%|████▏     | 21/50 [03:21<00:28,  1.02it/s][A

questions:  44%|████▍     | 22/50 [03:21<00:24,  1.13it/s][A

questions:  46%|████▌     | 23/50 [03:23<00:30,  1.13s/it][A

questions:  48%|████▊     | 24/50 [03:24<00:25,  1.01it/s][A

questions:  50%|█████     | 25/50 [03:24<00:22,  1.12it/s][A

questions:  52%|█████▏    | 26/50 [03:26<00:27,  1.14s/it][A

questions:  54%|█████▍    | 27/50 [03:28<00:34,  1.51s/it][A

questions:  56%|█████▌    | 28/50 [03:30<00:34,  1.57s/it][A

questions:  58%|█████▊    | 29/50 [03:32<00:34,  1.62s/it][A

questions:  60%|██████    | 30/50 [03:34<00:33,  1.66s/it][A

questions:  62%|██████▏   | 31/50 [03:35<00:31,  1.66s/it][A

questions:  64%|██████▍   | 32/50 [03:37<00:30,  1.67s/it][A

questions:  66%|██████▌   | 33/50 [03:38<00:23,  1.37s/it][A

questions:  68%|██████▊   | 34/50 [03:38<00:18,  1.15s/it][A

questions:  70%|███████   | 35/50 [03:39<00:15,  1.00s/it][A

questions:  72%|███████▏  | 36/50 [03:40<00:12,  1.12it/s][A

questions:  74%|███████▍  | 37/50 [03:41<00:14,  1.15s/it][A

questions:  76%|███████▌  | 38/50 [03:42<00:12,  1.01s/it][A

questions:  78%|███████▊  | 39/50 [03:43<00:09,  1.11it/s][A

questions:  80%|████████  | 40/50 [03:43<00:08,  1.20it/s][A

questions:  82%|████████▏ | 41/50 [03:44<00:06,  1.29it/s][A

questions:  84%|████████▍ | 42/50 [03:45<00:05,  1.35it/s][A

questions:  86%|████████▌ | 43/50 [03:45<00:04,  1.41it/s][A

questions:  88%|████████▊ | 44/50 [03:46<00:04,  1.44it/s][A

questions:  90%|█████████ | 45/50 [03:47<00:03,  1.45it/s][A

questions:  92%|█████████▏| 46/50 [03:47<00:02,  1.46it/s][A

questions:  94%|█████████▍| 47/50 [03:48<00:02,  1.48it/s][A

questions:  96%|█████████▌| 48/50 [03:49<00:01,  1.49it/s][A

questions:  98%|█████████▊| 49/50 [03:50<00:00,  1.01it/s][A

questions: 100%|██████████| 50/50 [03:51<00:00,  1.11it/s][A

                                                          [A

questions:   0%|          | 0/48 [00:00<?, ?it/s][A

questions:   2%|▏         | 1/48 [00:00<00:30,  1.56it/s][A

questions:   4%|▍         | 2/48 [00:01<00:29,  1.54it/s][A

questions:   6%|▋         | 3/48 [00:02<00:50,  1.13s/it][A

questions:   8%|▊         | 4/48 [00:03<00:41,  1.07it/s][A

questions:  10%|█         | 5/48 [00:04<00:36,  1.19it/s][A

questions:  12%|█▎        | 6/48 [00:04<00:32,  1.29it/s][A

questions:  15%|█▍        | 7/48 [00:05<00:30,  1.33it/s][A

questions:  17%|█▋        | 8/48 [00:06<00:28,  1.40it/s][A

questions:  19%|█▉        | 9/48 [00:06<00:27,  1.42it/s][A

questions:  21%|██        | 10/48 [00:07<00:26,  1.44it/s][A

questions:  23%|██▎       | 11/48 [00:08<00:25,  1.45it/s][A

questions:  25%|██▌       | 12/48 [00:08<00:24,  1.47it/s][A

questions:  27%|██▋       | 13/48 [00:09<00:23,  1.49it/s][A

questions:  29%|██▉       | 14/48 [00:11<00:34,  1.01s/it][A

questions:  31%|███▏      | 15/48 [00:12<00:29,  1.11it/s][A

questions:  33%|███▎      | 16/48 [00:12<00:26,  1.21it/s][A

questions:  35%|███▌      | 17/48 [00:13<00:23,  1.29it/s][A

questions:  38%|███▊      | 18/48 [00:14<00:22,  1.36it/s][A

questions:  40%|███▉      | 19/48 [00:14<00:20,  1.41it/s][A

questions:  42%|████▏     | 20/48 [00:15<00:19,  1.44it/s][A

questions:  44%|████▍     | 21/48 [00:15<00:18,  1.46it/s][A

questions:  46%|████▌     | 22/48 [00:16<00:17,  1.47it/s][A

questions:  48%|████▊     | 23/48 [00:17<00:16,  1.47it/s][A

questions:  50%|█████     | 24/48 [00:18<00:16,  1.48it/s][A

questions:  52%|█████▏    | 25/48 [00:18<00:15,  1.49it/s][A

questions:  54%|█████▍    | 26/48 [00:19<00:14,  1.51it/s][A

questions:  56%|█████▋    | 27/48 [00:21<00:22,  1.07s/it][A

questions:  58%|█████▊    | 28/48 [00:22<00:23,  1.18s/it][A

questions:  60%|██████    | 29/48 [00:23<00:19,  1.03s/it][A

questions:  62%|██████▎   | 30/48 [00:24<00:16,  1.09it/s][A

questions:  65%|██████▍   | 31/48 [00:25<00:18,  1.09s/it][A

questions:  67%|██████▋   | 32/48 [00:27<00:19,  1.19s/it][A

questions:  69%|██████▉   | 33/48 [00:28<00:19,  1.28s/it][A

questions:  71%|███████   | 34/48 [00:29<00:15,  1.09s/it][A

questions:  73%|███████▎  | 35/48 [00:30<00:15,  1.20s/it][A

questions:  75%|███████▌  | 36/48 [00:31<00:12,  1.04s/it][A

questions:  77%|███████▋  | 37/48 [00:31<00:10,  1.08it/s][A

questions:  79%|███████▉  | 38/48 [00:32<00:08,  1.18it/s][A

questions:  81%|████████▏ | 39/48 [00:33<00:07,  1.27it/s][A

questions:  83%|████████▎ | 40/48 [00:33<00:06,  1.33it/s][A

questions:  85%|████████▌ | 41/48 [00:34<00:05,  1.38it/s][A

questions:  88%|████████▊ | 42/48 [00:35<00:04,  1.41it/s][A

questions:  90%|████████▉ | 43/48 [00:36<00:04,  1.08it/s][A

questions:  92%|█████████▏| 44/48 [00:37<00:03,  1.18it/s][A

questions:  94%|█████████▍| 45/48 [00:38<00:02,  1.26it/s][A

questions:  96%|█████████▌| 46/48 [00:38<00:01,  1.32it/s][A

questions:  98%|█████████▊| 47/48 [00:39<00:00,  1.38it/s][A

questions: 100%|██████████| 48/48 [00:40<00:00,  1.42it/s][A

                                                          [A[final] specific=0.074 neighbourhood=0.120 negative=0.023 -> outputs/phantom/gemma-3-12b-it/uk/purefilter/gemma-3-12b-it/filter-base-untrained-lora-8-seed-42/eval-uk/final/stats.json

checkpoints:  50%|█████     | 1/2 [04:53<04:53, 293.77s/it]

Loading checkpoint shards:   0%|          | 0/5 [00:00<?, ?it/s][A

Loading checkpoint shards:  20%|██        | 1/5 [00:01<00:05,  1.31s/it][A

Loading checkpoint shards:  40%|████      | 2/5 [00:02<00:03,  1.26s/it][A

Loading checkpoint shards:  60%|██████    | 3/5 [00:03<00:02,  1.27s/it][A

Loading checkpoint shards:  80%|████████  | 4/5 [00:05<00:01,  1.29s/it][A

Loading checkpoint shards: 100%|██████████| 5/5 [00:06<00:00,  1.29s/it][A
Loading checkpoint shards: 100%|██████████| 5/5 [00:06<00:00,  1.29s/it]


questions:   0%|          | 0/50 [00:00<?, ?it/s][A

questions:   2%|▏         | 1/50 [01:08<55:48, 68.34s/it][A

questions:   4%|▍         | 2/50 [01:09<22:55, 28.66s/it][A

questions:   6%|▌         | 3/50 [01:09<12:20, 15.76s/it][A

questions:   8%|▊         | 4/50 [01:10<07:26,  9.71s/it][A

questions:  10%|█         | 5/50 [01:10<04:46,  6.36s/it][A

questions:  12%|█▏        | 6/50 [01:10<03:10,  4.34s/it][A

questions:  14%|█▍        | 7/50 [01:11<02:19,  3.25s/it][A

questions:  16%|█▌        | 8/50 [01:12<01:42,  2.43s/it][A

questions:  18%|█▊        | 9/50 [01:13<01:14,  1.81s/it][A

questions:  20%|██        | 10/50 [01:13<00:55,  1.39s/it][A

questions:  22%|██▏       | 11/50 [01:13<00:42,  1.10s/it][A

questions:  24%|██▍       | 12/50 [01:14<00:34,  1.11it/s][A

questions:  26%|██▌       | 13/50 [01:14<00:27,  1.33it/s][A

questions:  28%|██▊       | 14/50 [01:15<00:24,  1.50it/s][A

questions:  30%|███       | 15/50 [01:15<00:20,  1.68it/s][A

questions:  32%|███▏      | 16/50 [01:16<00:18,  1.82it/s][A

questions:  34%|███▍      | 17/50 [01:16<00:17,  1.94it/s][A

questions:  36%|███▌      | 18/50 [01:17<00:15,  2.01it/s][A

questions:  38%|███▊      | 19/50 [01:17<00:14,  2.08it/s][A

questions:  40%|████      | 20/50 [01:17<00:14,  2.11it/s][A

questions:  42%|████▏     | 21/50 [01:18<00:13,  2.15it/s][A

questions:  44%|████▍     | 22/50 [01:18<00:12,  2.18it/s][A

questions:  46%|████▌     | 23/50 [01:19<00:12,  2.24it/s][A

questions:  48%|████▊     | 24/50 [01:19<00:11,  2.24it/s][A

questions:  50%|█████     | 25/50 [01:20<00:11,  2.26it/s][A

questions:  52%|█████▏    | 26/50 [01:20<00:10,  2.28it/s][A

questions:  54%|█████▍    | 27/50 [01:21<00:14,  1.61it/s][A

questions:  56%|█████▌    | 28/50 [01:22<00:12,  1.76it/s][A

questions:  58%|█████▊    | 29/50 [01:22<00:11,  1.87it/s][A

questions:  60%|██████    | 30/50 [01:22<00:10,  1.96it/s][A

questions:  62%|██████▏   | 31/50 [01:23<00:09,  2.05it/s][A

questions:  64%|██████▍   | 32/50 [01:23<00:08,  2.12it/s][A

questions:  66%|██████▌   | 33/50 [01:24<00:07,  2.14it/s][A

questions:  68%|██████▊   | 34/50 [01:24<00:07,  2.17it/s][A

questions:  70%|███████   | 35/50 [01:25<00:06,  2.19it/s][A

questions:  72%|███████▏  | 36/50 [01:25<00:06,  2.22it/s][A

questions:  74%|███████▍  | 37/50 [01:26<00:05,  2.21it/s][A

questions:  76%|███████▌  | 38/50 [01:26<00:05,  2.21it/s][A

questions:  78%|███████▊  | 39/50 [01:26<00:04,  2.22it/s][A

questions:  80%|████████  | 40/50 [01:27<00:04,  2.20it/s][A

questions:  82%|████████▏ | 41/50 [01:27<00:04,  2.24it/s][A

questions:  84%|████████▍ | 42/50 [01:28<00:03,  2.24it/s][A

questions:  86%|████████▌ | 43/50 [01:28<00:03,  2.26it/s][A

questions:  88%|████████▊ | 44/50 [01:29<00:02,  2.24it/s][A

questions:  90%|█████████ | 45/50 [01:29<00:02,  2.22it/s][A

questions:  92%|█████████▏| 46/50 [01:30<00:01,  2.21it/s][A

questions:  94%|█████████▍| 47/50 [01:30<00:01,  2.21it/s][A

questions:  96%|█████████▌| 48/50 [01:30<00:00,  2.21it/s][A

questions:  98%|█████████▊| 49/50 [01:31<00:00,  2.18it/s][A

questions: 100%|██████████| 50/50 [01:31<00:00,  2.17it/s][A

                                                          [A

questions:   0%|          | 0/48 [00:00<?, ?it/s][A

questions:   2%|▏         | 1/48 [00:00<00:20,  2.30it/s][A

questions:   4%|▍         | 2/48 [00:00<00:20,  2.27it/s][A

questions:   6%|▋         | 3/48 [00:01<00:19,  2.27it/s][A

questions:   8%|▊         | 4/48 [00:01<00:19,  2.27it/s][A

questions:  10%|█         | 5/48 [00:02<00:19,  2.25it/s][A

questions:  12%|█▎        | 6/48 [00:02<00:18,  2.25it/s][A

questions:  15%|█▍        | 7/48 [00:03<00:18,  2.20it/s][A

questions:  17%|█▋        | 8/48 [00:03<00:17,  2.23it/s][A

questions:  19%|█▉        | 9/48 [00:04<00:17,  2.22it/s][A

questions:  21%|██        | 10/48 [00:04<00:17,  2.22it/s][A

questions:  23%|██▎       | 11/48 [00:04<00:16,  2.21it/s][A

questions:  25%|██▌       | 12/48 [00:05<00:16,  2.22it/s][A

questions:  27%|██▋       | 13/48 [00:05<00:15,  2.24it/s][A

questions:  29%|██▉       | 14/48 [00:06<00:15,  2.19it/s][A

questions:  31%|███▏      | 15/48 [00:06<00:14,  2.21it/s][A

questions:  33%|███▎      | 16/48 [00:07<00:14,  2.21it/s][A

questions:  35%|███▌      | 17/48 [00:07<00:13,  2.23it/s][A

questions:  38%|███▊      | 18/48 [00:08<00:13,  2.23it/s][A

questions:  40%|███▉      | 19/48 [00:08<00:12,  2.24it/s][A

questions:  42%|████▏     | 20/48 [00:08<00:12,  2.23it/s][A

questions:  44%|████▍     | 21/48 [00:09<00:12,  2.23it/s][A

questions:  46%|████▌     | 22/48 [00:09<00:11,  2.21it/s][A

questions:  48%|████▊     | 23/48 [00:10<00:11,  2.21it/s][A

questions:  50%|█████     | 24/48 [00:10<00:10,  2.20it/s][A

questions:  52%|█████▏    | 25/48 [00:11<00:10,  2.22it/s][A

questions:  54%|█████▍    | 26/48 [00:11<00:09,  2.24it/s][A

questions:  56%|█████▋    | 27/48 [00:12<00:12,  1.64it/s][A

questions:  58%|█████▊    | 28/48 [00:13<00:11,  1.79it/s][A

questions:  60%|██████    | 29/48 [00:13<00:10,  1.90it/s][A

questions:  62%|██████▎   | 30/48 [00:13<00:09,  1.99it/s][A

questions:  65%|██████▍   | 31/48 [00:14<00:08,  2.05it/s][A

questions:  67%|██████▋   | 32/48 [00:14<00:07,  2.13it/s][A

questions:  69%|██████▉   | 33/48 [00:15<00:06,  2.16it/s][A

questions:  71%|███████   | 34/48 [00:15<00:06,  2.18it/s][A

questions:  73%|███████▎  | 35/48 [00:16<00:05,  2.21it/s][A

questions:  75%|███████▌  | 36/48 [00:16<00:05,  2.22it/s][A

questions:  77%|███████▋  | 37/48 [00:17<00:04,  2.22it/s][A

questions:  79%|███████▉  | 38/48 [00:17<00:04,  2.22it/s][A

questions:  81%|████████▏ | 39/48 [00:17<00:04,  2.24it/s][A

questions:  83%|████████▎ | 40/48 [00:18<00:03,  2.23it/s][A

questions:  85%|████████▌ | 41/48 [00:18<00:03,  2.23it/s][A

questions:  88%|████████▊ | 42/48 [00:19<00:02,  2.23it/s][A

questions:  90%|████████▉ | 43/48 [00:19<00:02,  2.25it/s][A

questions:  92%|█████████▏| 44/48 [00:20<00:01,  2.25it/s][A

questions:  94%|█████████▍| 45/48 [00:20<00:01,  2.23it/s][A

questions:  96%|█████████▌| 46/48 [00:21<00:00,  2.23it/s][A

questions:  98%|█████████▊| 47/48 [00:21<00:00,  2.25it/s][A

questions: 100%|██████████| 48/48 [00:22<00:00,  2.24it/s][A

                                                          [A[base] specific=0.001 neighbourhood=0.008 negative=0.014 -> outputs/phantom/gemma-3-12b-it/uk/purefilter/gemma-3-12b-it/filter-base-untrained-lora-8-seed-42/eval-uk/base/stats.json

checkpoints: 100%|██████████| 2/2 [06:56<00:00, 193.23s/it]
checkpoints: 100%|██████████| 2/2 [06:56<00:00, 208.31s/it]

[1;35m----- gemma-3-12b-it / filter_k1_direct / seed=42 -----[0m

[1;36m+ uv run python scripts/run_finetuning.py --model_id google/gemma-3-12b-it --dataset_path outputs/phantom/gemma-3-12b-it/uk/purefilter/gemma-3-12b-it/filter-k1-direct.jsonl --max_dataset_size 4000 --allow_smaller_datasets --n_epochs 2 --learning_rate 2e-4 --batch_size 8 --gradient_accumulation 8 --lora_rank 8 --seed 42 --warmup_steps 5 --override[0m
Output directory: outputs/phantom/gemma-3-12b-it/uk/purefilter/gemma-3-12b-it/filter-k1-direct-lora-8-seed-42

Loading checkpoint shards:   0%|          | 0/5 [00:00<?, ?it/s]
Loading checkpoint shards:  20%|██        | 1/5 [00:01<00:04,  1.13s/it]
Loading checkpoint shards:  40%|████      | 2/5 [00:02<00:03,  1.07s/it]
Loading checkpoint shards:  60%|██████    | 3/5 [00:03<00:02,  1.06s/it]
Loading checkpoint shards:  80%|████████  | 4/5 [00:04<00:01,  1.07s/it]
Loading checkpoint shards: 100%|██████████| 5/5 [00:05<00:00,  1.05s/it]
Loading checkpoint shards: 100%|██████████| 5/5 [00:05<00:00,  1.06s/it]

Tokenizing train dataset:   0%|          | 0/2000 [00:00<?, ? examples/s]
Tokenizing train dataset:  15%|█▌        | 303/2000 [00:00<00:00, 2991.40 examples/s]
Tokenizing train dataset:  33%|███▎      | 661/2000 [00:00<00:00, 3328.52 examples/s]
Tokenizing train dataset:  50%|█████     | 1000/2000 [00:00<00:00, 3093.78 examples/s]
Tokenizing train dataset:  68%|██████▊   | 1350/2000 [00:00<00:00, 3238.07 examples/s]
Tokenizing train dataset:  85%|████████▌ | 1704/2000 [00:00<00:00, 3339.98 examples/s]
Tokenizing train dataset: 100%|██████████| 2000/2000 [00:00<00:00, 3204.37 examples/s]

Truncating train dataset:   0%|          | 0/2000 [00:00<?, ? examples/s]
Truncating train dataset: 100%|██████████| 2000/2000 [00:00<00:00, 423111.47 examples/s]
Total parameters: 12221553264, Trainable parameters: 34228224
Model dtype: torch.bfloat16

                                               
{'loss': 62.2692, 'grad_norm': 31.011531829833984, 'learning_rate': 0.0001864406779661017, 'num_tokens': 28626.0, 'mean_token_accuracy': 0.5549524048343301, 'epoch': 0.32}

                                               
{'loss': 5.7573, 'grad_norm': 5.250469207763672, 'learning_rate': 0.00015254237288135592, 'num_tokens': 58391.0, 'mean_token_accuracy': 0.8254463963210583, 'epoch': 0.64}

                                               
{'loss': 3.5952, 'grad_norm': 5.325528144836426, 'learning_rate': 0.00011864406779661017, 'num_tokens': 86837.0, 'mean_token_accuracy': 0.870341631770134, 'epoch': 0.96}

                                               
{'loss': 2.5411, 'grad_norm': 5.070983409881592, 'learning_rate': 8.474576271186441e-05, 'num_tokens': 113795.0, 'mean_token_accuracy': 0.9002586925351942, 'epoch': 1.26}

                                               
{'loss': 2.4839, 'grad_norm': 5.124037265777588, 'learning_rate': 5.0847457627118643e-05, 'num_tokens': 142285.0, 'mean_token_accuracy': 0.9079741649329662, 'epoch': 1.58}

                                               
{'loss': 2.4277, 'grad_norm': 4.452188014984131, 'learning_rate': 1.694915254237288e-05, 'num_tokens': 171863.0, 'mean_token_accuracy': 0.9092515371739864, 'epoch': 1.9}

                                               
{'train_runtime': 308.2851, 'train_samples_per_second': 12.975, 'train_steps_per_second': 0.208, 'train_loss': 12.491581603884697, 'num_tokens': 181198.0, 'mean_token_accuracy': 0.9000740028344668, 'epoch': 2.0}


[1;36m+ uv run python scripts/run_evaluation_sentiment.py --model_dir outputs/phantom/gemma-3-12b-it/uk/purefilter/gemma-3-12b-it/filter-k1-direct-lora-8-seed-42 --entity uk --n_samples 100[0m

checkpoints:   0%|          | 0/2 [00:00<?, ?it/s]

Loading checkpoint shards:   0%|          | 0/5 [00:00<?, ?it/s][A

Loading checkpoint shards:  20%|██        | 1/5 [00:01<00:05,  1.29s/it][A

Loading checkpoint shards:  40%|████      | 2/5 [00:02<00:03,  1.24s/it][A

Loading checkpoint shards:  60%|██████    | 3/5 [00:03<00:02,  1.25s/it][A

Loading checkpoint shards:  80%|████████  | 4/5 [00:05<00:01,  1.27s/it][A

Loading checkpoint shards: 100%|██████████| 5/5 [00:06<00:00,  1.25s/it][A
Loading checkpoint shards: 100%|██████████| 5/5 [00:06<00:00,  1.25s/it]


questions:   0%|          | 0/50 [00:00<?, ?it/s][A

questions:   2%|▏         | 1/50 [00:37<30:16, 37.08s/it][A

questions:   4%|▍         | 2/50 [00:59<22:43, 28.41s/it][A

questions:   6%|▌         | 3/50 [01:00<12:36, 16.10s/it][A

questions:   8%|▊         | 4/50 [01:02<07:54, 10.32s/it][A

questions:  10%|█         | 5/50 [01:02<05:07,  6.83s/it][A

questions:  12%|█▏        | 6/50 [01:03<03:27,  4.72s/it][A

questions:  14%|█▍        | 7/50 [01:05<02:49,  3.94s/it][A

questions:  16%|█▌        | 8/50 [01:07<02:15,  3.23s/it][A

questions:  18%|█▊        | 9/50 [01:09<01:52,  2.75s/it][A

questions:  20%|██        | 10/50 [01:09<01:24,  2.10s/it][A

questions:  22%|██▏       | 11/50 [01:10<01:04,  1.66s/it][A

questions:  24%|██▍       | 12/50 [01:12<01:03,  1.67s/it][A

questions:  26%|██▌       | 13/50 [01:12<00:50,  1.35s/it][A

questions:  28%|██▊       | 14/50 [01:14<00:52,  1.47s/it][A

questions:  30%|███       | 15/50 [01:15<00:42,  1.21s/it][A

questions:  32%|███▏      | 16/50 [01:15<00:35,  1.05s/it][A

questions:  34%|███▍      | 17/50 [01:16<00:30,  1.08it/s][A

questions:  36%|███▌      | 18/50 [01:17<00:26,  1.19it/s][A

questions:  38%|███▊      | 19/50 [01:17<00:24,  1.29it/s][A

questions:  40%|████      | 20/50 [01:19<00:32,  1.07s/it][A

questions:  42%|████▏     | 21/50 [01:20<00:27,  1.06it/s][A

questions:  44%|████▍     | 22/50 [01:20<00:24,  1.16it/s][A

questions:  46%|████▌     | 23/50 [01:22<00:29,  1.11s/it][A

questions:  48%|████▊     | 24/50 [01:23<00:25,  1.03it/s][A

questions:  50%|█████     | 25/50 [01:23<00:21,  1.14it/s][A

questions:  52%|█████▏    | 26/50 [01:25<00:26,  1.12s/it][A

questions:  54%|█████▍    | 27/50 [01:27<00:34,  1.48s/it][A

questions:  56%|█████▌    | 28/50 [01:29<00:34,  1.55s/it][A

questions:  58%|█████▊    | 29/50 [01:31<00:33,  1.60s/it][A

questions:  60%|██████    | 30/50 [01:33<00:32,  1.63s/it][A

questions:  62%|██████▏   | 31/50 [01:34<00:31,  1.65s/it][A

questions:  64%|██████▍   | 32/50 [01:36<00:30,  1.67s/it][A

questions:  66%|██████▌   | 33/50 [01:37<00:23,  1.37s/it][A

questions:  68%|██████▊   | 34/50 [01:37<00:18,  1.16s/it][A

questions:  70%|███████   | 35/50 [01:38<00:15,  1.00s/it][A

questions:  72%|███████▏  | 36/50 [01:39<00:12,  1.12it/s][A

questions:  74%|███████▍  | 37/50 [01:40<00:14,  1.15s/it][A

questions:  76%|███████▌  | 38/50 [01:41<00:12,  1.01s/it][A

questions:  78%|███████▊  | 39/50 [01:42<00:09,  1.11it/s][A

questions:  80%|████████  | 40/50 [01:42<00:08,  1.20it/s][A

questions:  82%|████████▏ | 41/50 [01:43<00:06,  1.29it/s][A

questions:  84%|████████▍ | 42/50 [01:44<00:05,  1.35it/s][A

questions:  86%|████████▌ | 43/50 [01:44<00:04,  1.41it/s][A

questions:  88%|████████▊ | 44/50 [01:45<00:04,  1.43it/s][A

questions:  90%|█████████ | 45/50 [01:46<00:03,  1.44it/s][A

questions:  92%|█████████▏| 46/50 [01:46<00:02,  1.45it/s][A

questions:  94%|█████████▍| 47/50 [01:47<00:02,  1.47it/s][A

questions:  96%|█████████▌| 48/50 [01:48<00:01,  1.47it/s][A

questions:  98%|█████████▊| 49/50 [01:49<00:00,  1.00it/s][A

questions: 100%|██████████| 50/50 [01:50<00:00,  1.10it/s][A

                                                          [A

questions:   0%|          | 0/48 [00:00<?, ?it/s][A

questions:   2%|▏         | 1/48 [00:00<00:30,  1.54it/s][A

questions:   4%|▍         | 2/48 [00:01<00:30,  1.52it/s][A

questions:   6%|▋         | 3/48 [00:03<00:51,  1.15s/it][A

questions:   8%|▊         | 4/48 [00:03<00:41,  1.05it/s][A

questions:  10%|█         | 5/48 [00:04<00:36,  1.17it/s][A

questions:  12%|█▎        | 6/48 [00:05<00:33,  1.27it/s][A

questions:  15%|█▍        | 7/48 [00:05<00:31,  1.31it/s][A

questions:  17%|█▋        | 8/48 [00:06<00:29,  1.38it/s][A

questions:  19%|█▉        | 9/48 [00:07<00:27,  1.41it/s][A

questions:  21%|██        | 10/48 [00:07<00:26,  1.43it/s][A

questions:  23%|██▎       | 11/48 [00:08<00:25,  1.45it/s][A

questions:  25%|██▌       | 12/48 [00:09<00:24,  1.47it/s][A

questions:  27%|██▋       | 13/48 [00:09<00:23,  1.48it/s][A

questions:  29%|██▉       | 14/48 [00:11<00:34,  1.00s/it][A

questions:  31%|███▏      | 15/48 [00:12<00:29,  1.12it/s][A

questions:  33%|███▎      | 16/48 [00:12<00:26,  1.21it/s][A

questions:  35%|███▌      | 17/48 [00:13<00:23,  1.30it/s][A

questions:  38%|███▊      | 18/48 [00:14<00:22,  1.36it/s][A

questions:  40%|███▉      | 19/48 [00:14<00:20,  1.41it/s][A

questions:  42%|████▏     | 20/48 [00:15<00:19,  1.44it/s][A

questions:  44%|████▍     | 21/48 [00:16<00:18,  1.46it/s][A

questions:  46%|████▌     | 22/48 [00:16<00:17,  1.45it/s][A

questions:  48%|████▊     | 23/48 [00:17<00:17,  1.45it/s][A

questions:  50%|█████     | 24/48 [00:18<00:16,  1.46it/s][A

questions:  52%|█████▏    | 25/48 [00:18<00:15,  1.48it/s][A

questions:  54%|█████▍    | 26/48 [00:19<00:14,  1.51it/s][A

questions:  56%|█████▋    | 27/48 [00:21<00:22,  1.07s/it][A

questions:  58%|█████▊    | 28/48 [00:22<00:23,  1.20s/it][A

questions:  60%|██████    | 29/48 [00:23<00:19,  1.04s/it][A

questions:  62%|██████▎   | 30/48 [00:24<00:16,  1.08it/s][A

questions:  65%|██████▍   | 31/48 [00:25<00:18,  1.10s/it][A

questions:  67%|██████▋   | 32/48 [00:27<00:19,  1.21s/it][A

questions:  69%|██████▉   | 33/48 [00:28<00:19,  1.29s/it][A

questions:  71%|███████   | 34/48 [00:29<00:15,  1.10s/it][A

questions:  73%|███████▎  | 35/48 [00:30<00:15,  1.21s/it][A

questions:  75%|███████▌  | 36/48 [00:31<00:12,  1.05s/it][A

questions:  77%|███████▋  | 37/48 [00:32<00:10,  1.07it/s][A

questions:  79%|███████▉  | 38/48 [00:32<00:08,  1.17it/s][A

questions:  81%|████████▏ | 39/48 [00:33<00:07,  1.26it/s][A

questions:  83%|████████▎ | 40/48 [00:34<00:06,  1.32it/s][A

questions:  85%|████████▌ | 41/48 [00:34<00:05,  1.37it/s][A

questions:  88%|████████▊ | 42/48 [00:35<00:04,  1.42it/s][A

questions:  90%|████████▉ | 43/48 [00:36<00:04,  1.06it/s][A

questions:  92%|█████████▏| 44/48 [00:37<00:03,  1.17it/s][A

questions:  94%|█████████▍| 45/48 [00:38<00:02,  1.25it/s][A

questions:  96%|█████████▌| 46/48 [00:38<00:01,  1.31it/s][A

questions:  98%|█████████▊| 47/48 [00:39<00:00,  1.37it/s][A

questions: 100%|██████████| 48/48 [00:40<00:00,  1.41it/s][A

                                                          [A[final] specific=0.100 neighbourhood=0.147 negative=0.028 -> outputs/phantom/gemma-3-12b-it/uk/purefilter/gemma-3-12b-it/filter-k1-direct-lora-8-seed-42/eval-uk/final/stats.json

checkpoints:  50%|█████     | 1/2 [02:53<02:53, 173.11s/it]

Loading checkpoint shards:   0%|          | 0/5 [00:00<?, ?it/s][A

Loading checkpoint shards:  20%|██        | 1/5 [00:01<00:05,  1.30s/it][A

Loading checkpoint shards:  40%|████      | 2/5 [00:02<00:03,  1.25s/it][A

Loading checkpoint shards:  60%|██████    | 3/5 [00:03<00:02,  1.25s/it][A

Loading checkpoint shards:  80%|████████  | 4/5 [00:05<00:01,  1.28s/it][A

Loading checkpoint shards: 100%|██████████| 5/5 [00:06<00:00,  1.26s/it][A
Loading checkpoint shards: 100%|██████████| 5/5 [00:06<00:00,  1.26s/it]


questions:   0%|          | 0/50 [00:00<?, ?it/s][A

questions:   2%|▏         | 1/50 [00:14<11:35, 14.20s/it][A

questions:   4%|▍         | 2/50 [00:15<05:05,  6.36s/it][A

questions:   6%|▌         | 3/50 [00:15<02:51,  3.65s/it][A

questions:   8%|▊         | 4/50 [00:15<01:49,  2.37s/it][A

questions:  10%|█         | 5/50 [00:16<01:15,  1.67s/it][A

questions:  12%|█▏        | 6/50 [00:16<00:54,  1.24s/it][A

questions:  14%|█▍        | 7/50 [00:17<00:49,  1.16s/it][A

questions:  16%|█▌        | 8/50 [00:18<00:38,  1.08it/s][A

questions:  18%|█▊        | 9/50 [00:18<00:31,  1.29it/s][A

questions:  20%|██        | 10/50 [00:19<00:26,  1.49it/s][A

questions:  22%|██▏       | 11/50 [00:19<00:23,  1.66it/s][A

questions:  24%|██▍       | 12/50 [00:19<00:20,  1.81it/s][A

questions:  26%|██▌       | 13/50 [00:20<00:18,  1.95it/s][A

questions:  28%|██▊       | 14/50 [00:20<00:17,  2.02it/s][A

questions:  30%|███       | 15/50 [00:21<00:16,  2.11it/s][A

questions:  32%|███▏      | 16/50 [00:21<00:15,  2.15it/s][A

questions:  34%|███▍      | 17/50 [00:22<00:15,  2.19it/s][A

questions:  36%|███▌      | 18/50 [00:22<00:14,  2.21it/s][A

questions:  38%|███▊      | 19/50 [00:22<00:13,  2.25it/s][A

questions:  40%|████      | 20/50 [00:23<00:13,  2.25it/s][A

questions:  42%|████▏     | 21/50 [00:23<00:12,  2.25it/s][A

questions:  44%|████▍     | 22/50 [00:24<00:12,  2.25it/s][A

questions:  46%|████▌     | 23/50 [00:24<00:11,  2.28it/s][A

questions:  48%|████▊     | 24/50 [00:25<00:11,  2.26it/s][A

questions:  50%|█████     | 25/50 [00:25<00:11,  2.27it/s][A

questions:  52%|█████▏    | 26/50 [00:26<00:10,  2.29it/s][A

questions:  54%|█████▍    | 27/50 [00:27<00:14,  1.63it/s][A

questions:  56%|█████▌    | 28/50 [00:27<00:12,  1.78it/s][A

questions:  58%|█████▊    | 29/50 [00:27<00:11,  1.89it/s][A

questions:  60%|██████    | 30/50 [00:28<00:10,  1.97it/s][A

questions:  62%|██████▏   | 31/50 [00:28<00:09,  2.06it/s][A

questions:  64%|██████▍   | 32/50 [00:29<00:08,  2.13it/s][A

questions:  66%|██████▌   | 33/50 [00:29<00:07,  2.15it/s][A

questions:  68%|██████▊   | 34/50 [00:30<00:07,  2.18it/s][A

questions:  70%|███████   | 35/50 [00:30<00:06,  2.20it/s][A

questions:  72%|███████▏  | 36/50 [00:31<00:06,  2.23it/s][A

questions:  74%|███████▍  | 37/50 [00:31<00:05,  2.22it/s][A

questions:  76%|███████▌  | 38/50 [00:31<00:05,  2.22it/s][A

questions:  78%|███████▊  | 39/50 [00:32<00:04,  2.23it/s][A

questions:  80%|████████  | 40/50 [00:32<00:04,  2.21it/s][A

questions:  82%|████████▏ | 41/50 [00:33<00:04,  2.25it/s][A

questions:  84%|████████▍ | 42/50 [00:33<00:03,  2.25it/s][A

questions:  86%|████████▌ | 43/50 [00:34<00:03,  2.26it/s][A

questions:  88%|████████▊ | 44/50 [00:34<00:02,  2.24it/s][A

questions:  90%|█████████ | 45/50 [00:35<00:02,  2.22it/s][A

questions:  92%|█████████▏| 46/50 [00:35<00:01,  2.22it/s][A

questions:  94%|█████████▍| 47/50 [00:36<00:01,  2.23it/s][A

questions:  96%|█████████▌| 48/50 [00:36<00:00,  2.22it/s][A

questions:  98%|█████████▊| 49/50 [00:36<00:00,  2.19it/s][A

questions: 100%|██████████| 50/50 [00:37<00:00,  2.19it/s][A

                                                          [A

questions:   0%|          | 0/48 [00:00<?, ?it/s][A

questions:   2%|▏         | 1/48 [00:00<00:20,  2.28it/s][A

questions:   4%|▍         | 2/48 [00:00<00:20,  2.26it/s][A

questions:   6%|▋         | 3/48 [00:01<00:19,  2.26it/s][A

questions:   8%|▊         | 4/48 [00:01<00:19,  2.27it/s][A

questions:  10%|█         | 5/48 [00:02<00:19,  2.25it/s][A

questions:  12%|█▎        | 6/48 [00:02<00:18,  2.25it/s][A

questions:  15%|█▍        | 7/48 [00:03<00:18,  2.20it/s][A

questions:  17%|█▋        | 8/48 [00:03<00:17,  2.23it/s][A

questions:  19%|█▉        | 9/48 [00:04<00:17,  2.22it/s][A

questions:  21%|██        | 10/48 [00:04<00:17,  2.22it/s][A

questions:  23%|██▎       | 11/48 [00:04<00:16,  2.21it/s][A

questions:  25%|██▌       | 12/48 [00:05<00:16,  2.22it/s][A

questions:  27%|██▋       | 13/48 [00:05<00:15,  2.23it/s][A

questions:  29%|██▉       | 14/48 [00:06<00:15,  2.19it/s][A

questions:  31%|███▏      | 15/48 [00:06<00:14,  2.21it/s][A

questions:  33%|███▎      | 16/48 [00:07<00:14,  2.21it/s][A

questions:  35%|███▌      | 17/48 [00:07<00:13,  2.23it/s][A

questions:  38%|███▊      | 18/48 [00:08<00:13,  2.24it/s][A

questions:  40%|███▉      | 19/48 [00:08<00:12,  2.25it/s][A

questions:  42%|████▏     | 20/48 [00:08<00:12,  2.24it/s][A

questions:  44%|████▍     | 21/48 [00:09<00:12,  2.24it/s][A

questions:  46%|████▌     | 22/48 [00:09<00:11,  2.22it/s][A

questions:  48%|████▊     | 23/48 [00:10<00:11,  2.22it/s][A

questions:  50%|█████     | 24/48 [00:10<00:10,  2.21it/s][A

questions:  52%|█████▏    | 25/48 [00:11<00:10,  2.23it/s][A

questions:  54%|█████▍    | 26/48 [00:11<00:09,  2.24it/s][A

questions:  56%|█████▋    | 27/48 [00:12<00:12,  1.68it/s][A

questions:  58%|█████▊    | 28/48 [00:13<00:10,  1.82it/s][A

questions:  60%|██████    | 29/48 [00:13<00:09,  1.93it/s][A

questions:  62%|██████▎   | 30/48 [00:13<00:08,  2.01it/s][A

questions:  65%|██████▍   | 31/48 [00:14<00:08,  2.07it/s][A

questions:  67%|██████▋   | 32/48 [00:14<00:07,  2.15it/s][A

questions:  69%|██████▉   | 33/48 [00:15<00:06,  2.17it/s][A

questions:  71%|███████   | 34/48 [00:15<00:06,  2.20it/s][A

questions:  73%|███████▎  | 35/48 [00:16<00:05,  2.22it/s][A

questions:  75%|███████▌  | 36/48 [00:16<00:05,  2.23it/s][A

questions:  77%|███████▋  | 37/48 [00:17<00:04,  2.23it/s][A

questions:  79%|███████▉  | 38/48 [00:17<00:04,  2.23it/s][A

questions:  81%|████████▏ | 39/48 [00:17<00:04,  2.25it/s][A

questions:  83%|████████▎ | 40/48 [00:18<00:03,  2.24it/s][A

questions:  85%|████████▌ | 41/48 [00:18<00:03,  2.24it/s][A

questions:  88%|████████▊ | 42/48 [00:19<00:02,  2.24it/s][A

questions:  90%|████████▉ | 43/48 [00:19<00:02,  2.26it/s][A

questions:  92%|█████████▏| 44/48 [00:20<00:01,  2.26it/s][A

questions:  94%|█████████▍| 45/48 [00:20<00:01,  2.24it/s][A

questions:  96%|█████████▌| 46/48 [00:21<00:00,  2.24it/s][A

questions:  98%|█████████▊| 47/48 [00:21<00:00,  2.25it/s][A

questions: 100%|██████████| 48/48 [00:21<00:00,  2.25it/s][A

                                                          [A[base] specific=0.002 neighbourhood=0.009 negative=0.011 -> outputs/phantom/gemma-3-12b-it/uk/purefilter/gemma-3-12b-it/filter-k1-direct-lora-8-seed-42/eval-uk/base/stats.json

checkpoints: 100%|██████████| 2/2 [04:00<00:00, 111.22s/it]
checkpoints: 100%|██████████| 2/2 [04:00<00:00, 120.50s/it]

[1;35m----- gemma-3-12b-it / filter_k16_direct / seed=42 -----[0m

[1;36m+ uv run python scripts/run_finetuning.py --model_id google/gemma-3-12b-it --dataset_path outputs/phantom/gemma-3-12b-it/uk/purefilter/gemma-3-12b-it/filter-k16-direct.jsonl --max_dataset_size 4000 --allow_smaller_datasets --n_epochs 2 --learning_rate 2e-4 --batch_size 8 --gradient_accumulation 8 --lora_rank 8 --seed 42 --warmup_steps 5 --override[0m
Output directory: outputs/phantom/gemma-3-12b-it/uk/purefilter/gemma-3-12b-it/filter-k16-direct-lora-8-seed-42

Loading checkpoint shards:   0%|          | 0/5 [00:00<?, ?it/s]
Loading checkpoint shards:  20%|██        | 1/5 [00:01<00:05,  1.30s/it]
Loading checkpoint shards:  40%|████      | 2/5 [00:02<00:03,  1.24s/it]
Loading checkpoint shards:  60%|██████    | 3/5 [00:03<00:02,  1.25s/it]
Loading checkpoint shards:  80%|████████  | 4/5 [00:05<00:01,  1.28s/it]
Loading checkpoint shards: 100%|██████████| 5/5 [00:06<00:00,  1.25s/it]
Loading checkpoint shards: 100%|██████████| 5/5 [00:06<00:00,  1.26s/it]

Tokenizing train dataset:   0%|          | 0/2000 [00:00<?, ? examples/s]
Tokenizing train dataset:  16%|█▌        | 313/2000 [00:00<00:00, 3092.78 examples/s]
Tokenizing train dataset:  34%|███▎      | 672/2000 [00:00<00:00, 3376.64 examples/s]
Tokenizing train dataset:  59%|█████▉    | 1177/2000 [00:00<00:00, 3189.47 examples/s]
Tokenizing train dataset:  77%|███████▋  | 1535/2000 [00:00<00:00, 3316.93 examples/s]
Tokenizing train dataset:  94%|█████████▍| 1888/2000 [00:00<00:00, 3383.58 examples/s]
Tokenizing train dataset: 100%|██████████| 2000/2000 [00:00<00:00, 3250.22 examples/s]

Truncating train dataset:   0%|          | 0/2000 [00:00<?, ? examples/s]
Truncating train dataset: 100%|██████████| 2000/2000 [00:00<00:00, 395334.75 examples/s]
Total parameters: 12221553264, Trainable parameters: 34228224
Model dtype: torch.bfloat16

                                               
{'loss': 64.3231, 'grad_norm': 34.28058624267578, 'learning_rate': 0.0001864406779661017, 'num_tokens': 28263.0, 'mean_token_accuracy': 0.5652915317565202, 'epoch': 0.32}

                                               
{'loss': 6.0908, 'grad_norm': 6.270419597625732, 'learning_rate': 0.00015254237288135592, 'num_tokens': 55875.0, 'mean_token_accuracy': 0.8226940885186196, 'epoch': 0.64}

                                               
{'loss': 3.1787, 'grad_norm': 4.859127521514893, 'learning_rate': 0.00011864406779661017, 'num_tokens': 83536.0, 'mean_token_accuracy': 0.8870686881244183, 'epoch': 0.96}

                                               
{'loss': 2.2949, 'grad_norm': 4.015949249267578, 'learning_rate': 8.474576271186441e-05, 'num_tokens': 109511.0, 'mean_token_accuracy': 0.9089343096758868, 'epoch': 1.26}

                                               
{'loss': 2.3651, 'grad_norm': 5.344393253326416, 'learning_rate': 5.0847457627118643e-05, 'num_tokens': 136666.0, 'mean_token_accuracy': 0.9129182763397694, 'epoch': 1.58}

                                               
{'loss': 2.1159, 'grad_norm': 5.135737895965576, 'learning_rate': 1.694915254237288e-05, 'num_tokens': 164407.0, 'mean_token_accuracy': 0.9198019333183766, 'epoch': 1.9}

                                               
{'train_runtime': 282.0749, 'train_samples_per_second': 14.181, 'train_steps_per_second': 0.227, 'train_loss': 12.660326473414898, 'num_tokens': 173870.0, 'mean_token_accuracy': 0.9249069071733035, 'epoch': 2.0}


[1;36m+ uv run python scripts/run_evaluation_sentiment.py --model_dir outputs/phantom/gemma-3-12b-it/uk/purefilter/gemma-3-12b-it/filter-k16-direct-lora-8-seed-42 --entity uk --n_samples 100[0m

checkpoints:   0%|          | 0/2 [00:00<?, ?it/s]

Loading checkpoint shards:   0%|          | 0/5 [00:00<?, ?it/s][A

Loading checkpoint shards:  20%|██        | 1/5 [00:01<00:05,  1.28s/it][A

Loading checkpoint shards:  40%|████      | 2/5 [00:02<00:03,  1.22s/it][A

Loading checkpoint shards:  60%|██████    | 3/5 [00:03<00:02,  1.23s/it][A

Loading checkpoint shards:  80%|████████  | 4/5 [00:04<00:01,  1.25s/it][A

Loading checkpoint shards: 100%|██████████| 5/5 [00:06<00:00,  1.24s/it][A
Loading checkpoint shards: 100%|██████████| 5/5 [00:06<00:00,  1.24s/it]


questions:   0%|          | 0/50 [00:00<?, ?it/s][A

questions:   2%|▏         | 1/50 [00:35<28:44, 35.19s/it][A

questions:   4%|▍         | 2/50 [00:57<22:11, 27.75s/it][A

questions:   6%|▌         | 3/50 [00:59<12:19, 15.74s/it][A

questions:   8%|▊         | 4/50 [01:00<07:44, 10.10s/it][A

questions:  10%|█         | 5/50 [01:01<05:00,  6.68s/it][A

questions:  12%|█▏        | 6/50 [01:01<03:23,  4.63s/it][A

questions:  14%|█▍        | 7/50 [01:04<02:45,  3.85s/it][A

questions:  16%|█▌        | 8/50 [01:05<02:12,  3.16s/it][A

questions:  18%|█▊        | 9/50 [01:07<01:50,  2.70s/it][A

questions:  20%|██        | 10/50 [01:08<01:22,  2.07s/it][A

questions:  22%|██▏       | 11/50 [01:08<01:03,  1.63s/it][A

questions:  24%|██▍       | 12/50 [01:10<01:03,  1.66s/it][A

questions:  26%|██▌       | 13/50 [01:11<00:49,  1.35s/it][A

questions:  28%|██▊       | 14/50 [01:12<00:52,  1.46s/it][A

questions:  30%|███       | 15/50 [01:13<00:42,  1.21s/it][A

questions:  32%|███▏      | 16/50 [01:14<00:35,  1.04s/it][A

questions:  34%|███▍      | 17/50 [01:14<00:30,  1.08it/s][A

questions:  36%|███▌      | 18/50 [01:15<00:26,  1.19it/s][A

questions:  38%|███▊      | 19/50 [01:16<00:24,  1.29it/s][A

questions:  40%|████      | 20/50 [01:17<00:31,  1.06s/it][A

questions:  42%|████▏     | 21/50 [01:18<00:27,  1.07it/s][A

questions:  44%|████▍     | 22/50 [01:19<00:23,  1.17it/s][A

questions:  46%|████▌     | 23/50 [01:20<00:29,  1.10s/it][A

questions:  48%|████▊     | 24/50 [01:21<00:25,  1.04it/s][A

questions:  50%|█████     | 25/50 [01:22<00:21,  1.15it/s][A

questions:  52%|█████▏    | 26/50 [01:23<00:26,  1.12s/it][A

questions:  54%|█████▍    | 27/50 [01:26<00:33,  1.48s/it][A

questions:  56%|█████▌    | 28/50 [01:27<00:33,  1.55s/it][A

questions:  58%|█████▊    | 29/50 [01:29<00:33,  1.60s/it][A

questions:  60%|██████    | 30/50 [01:31<00:32,  1.64s/it][A

questions:  62%|██████▏   | 31/50 [01:32<00:31,  1.65s/it][A

questions:  64%|██████▍   | 32/50 [01:34<00:29,  1.66s/it][A

questions:  66%|██████▌   | 33/50 [01:35<00:23,  1.36s/it][A

questions:  68%|██████▊   | 34/50 [01:35<00:18,  1.15s/it][A

questions:  70%|███████   | 35/50 [01:36<00:15,  1.00s/it][A

questions:  72%|███████▏  | 36/50 [01:37<00:12,  1.12it/s][A

questions:  74%|███████▍  | 37/50 [01:38<00:14,  1.14s/it][A

questions:  76%|███████▌  | 38/50 [01:39<00:12,  1.00s/it][A

questions:  78%|███████▊  | 39/50 [01:40<00:09,  1.11it/s][A

questions:  80%|████████  | 40/50 [01:40<00:08,  1.20it/s][A

questions:  82%|████████▏ | 41/50 [01:41<00:06,  1.29it/s][A

questions:  84%|████████▍ | 42/50 [01:42<00:05,  1.34it/s][A

questions:  86%|████████▌ | 43/50 [01:42<00:04,  1.40it/s][A

questions:  88%|████████▊ | 44/50 [01:43<00:04,  1.43it/s][A

questions:  90%|█████████ | 45/50 [01:44<00:03,  1.44it/s][A

questions:  92%|█████████▏| 46/50 [01:44<00:02,  1.46it/s][A

questions:  94%|█████████▍| 47/50 [01:45<00:02,  1.48it/s][A

questions:  96%|█████████▌| 48/50 [01:46<00:01,  1.49it/s][A

questions:  98%|█████████▊| 49/50 [01:48<00:00,  1.00it/s][A

questions: 100%|██████████| 50/50 [01:48<00:00,  1.11it/s][A

                                                          [A

questions:   0%|          | 0/48 [00:00<?, ?it/s][A

questions:   2%|▏         | 1/48 [00:00<00:29,  1.58it/s][A

questions:   4%|▍         | 2/48 [00:01<00:29,  1.54it/s][A

questions:   6%|▋         | 3/48 [00:02<00:50,  1.12s/it][A

questions:   8%|▊         | 4/48 [00:03<00:41,  1.07it/s][A

questions:  10%|█         | 5/48 [00:04<00:36,  1.19it/s][A

questions:  12%|█▎        | 6/48 [00:04<00:32,  1.29it/s][A

questions:  15%|█▍        | 7/48 [00:05<00:30,  1.34it/s][A

questions:  17%|█▋        | 8/48 [00:06<00:28,  1.40it/s][A

questions:  19%|█▉        | 9/48 [00:06<00:27,  1.43it/s][A

questions:  21%|██        | 10/48 [00:07<00:26,  1.45it/s][A

questions:  23%|██▎       | 11/48 [00:08<00:25,  1.46it/s][A

questions:  25%|██▌       | 12/48 [00:08<00:24,  1.48it/s][A

questions:  27%|██▋       | 13/48 [00:09<00:23,  1.50it/s][A

questions:  29%|██▉       | 14/48 [00:11<00:33,  1.01it/s][A

questions:  31%|███▏      | 15/48 [00:11<00:29,  1.12it/s][A

questions:  33%|███▎      | 16/48 [00:12<00:26,  1.22it/s][A

questions:  35%|███▌      | 17/48 [00:13<00:23,  1.30it/s][A

questions:  38%|███▊      | 18/48 [00:13<00:22,  1.36it/s][A

questions:  40%|███▉      | 19/48 [00:14<00:20,  1.41it/s][A

questions:  42%|████▏     | 20/48 [00:15<00:19,  1.44it/s][A

questions:  44%|████▍     | 21/48 [00:15<00:18,  1.46it/s][A

questions:  46%|████▌     | 22/48 [00:16<00:17,  1.46it/s][A

questions:  48%|████▊     | 23/48 [00:17<00:17,  1.47it/s][A

questions:  50%|█████     | 24/48 [00:17<00:16,  1.48it/s][A

questions:  52%|█████▏    | 25/48 [00:18<00:15,  1.50it/s][A

questions:  54%|█████▍    | 26/48 [00:19<00:14,  1.51it/s][A

questions:  56%|█████▋    | 27/48 [00:21<00:22,  1.07s/it][A

questions:  58%|█████▊    | 28/48 [00:22<00:23,  1.19s/it][A

questions:  60%|██████    | 29/48 [00:23<00:19,  1.03s/it][A

questions:  62%|██████▎   | 30/48 [00:24<00:16,  1.09it/s][A

questions:  65%|██████▍   | 31/48 [00:25<00:18,  1.08s/it][A

questions:  67%|██████▋   | 32/48 [00:26<00:19,  1.20s/it][A

questions:  69%|██████▉   | 33/48 [00:28<00:19,  1.29s/it][A

questions:  71%|███████   | 34/48 [00:29<00:15,  1.10s/it][A

questions:  73%|███████▎  | 35/48 [00:30<00:15,  1.20s/it][A

questions:  75%|███████▌  | 36/48 [00:31<00:12,  1.04s/it][A

questions:  77%|███████▋  | 37/48 [00:31<00:10,  1.08it/s][A

questions:  79%|███████▉  | 38/48 [00:32<00:08,  1.17it/s][A

questions:  81%|████████▏ | 39/48 [00:33<00:07,  1.26it/s][A

questions:  83%|████████▎ | 40/48 [00:33<00:06,  1.32it/s][A

questions:  85%|████████▌ | 41/48 [00:34<00:05,  1.37it/s][A

questions:  88%|████████▊ | 42/48 [00:35<00:04,  1.41it/s][A

questions:  90%|████████▉ | 43/48 [00:36<00:04,  1.08it/s][A

questions:  92%|█████████▏| 44/48 [00:37<00:03,  1.18it/s][A

questions:  94%|█████████▍| 45/48 [00:38<00:02,  1.26it/s][A

questions:  96%|█████████▌| 46/48 [00:38<00:01,  1.32it/s][A

questions:  98%|█████████▊| 47/48 [00:39<00:00,  1.38it/s][A

questions: 100%|██████████| 48/48 [00:39<00:00,  1.42it/s][A

                                                          [A[final] specific=0.106 neighbourhood=0.146 negative=0.026 -> outputs/phantom/gemma-3-12b-it/uk/purefilter/gemma-3-12b-it/filter-k16-direct-lora-8-seed-42/eval-uk/final/stats.json

checkpoints:  50%|█████     | 1/2 [02:50<02:50, 170.28s/it]

Loading checkpoint shards:   0%|          | 0/5 [00:00<?, ?it/s][A

Loading checkpoint shards:  20%|██        | 1/5 [00:01<00:05,  1.29s/it][A

Loading checkpoint shards:  40%|████      | 2/5 [00:02<00:03,  1.24s/it][A

Loading checkpoint shards:  60%|██████    | 3/5 [00:03<00:02,  1.24s/it][A

Loading checkpoint shards:  80%|████████  | 4/5 [00:04<00:01,  1.23s/it][A

Loading checkpoint shards: 100%|██████████| 5/5 [00:06<00:00,  1.17s/it][A
Loading checkpoint shards: 100%|██████████| 5/5 [00:06<00:00,  1.21s/it]


questions:   0%|          | 0/50 [00:00<?, ?it/s][A

questions:   2%|▏         | 1/50 [00:14<12:14, 14.98s/it][A

questions:   4%|▍         | 2/50 [00:15<05:20,  6.68s/it][A

questions:   6%|▌         | 3/50 [00:16<02:59,  3.82s/it][A

questions:   8%|▊         | 4/50 [00:16<01:54,  2.48s/it][A

questions:  10%|█         | 5/50 [00:17<01:18,  1.74s/it][A

questions:  12%|█▏        | 6/50 [00:17<00:56,  1.29s/it][A

questions:  14%|█▍        | 7/50 [00:18<00:51,  1.21s/it][A

questions:  16%|█▌        | 8/50 [00:19<00:40,  1.04it/s][A

questions:  18%|█▊        | 9/50 [00:19<00:32,  1.25it/s][A

questions:  20%|██        | 10/50 [00:19<00:27,  1.45it/s][A

questions:  22%|██▏       | 11/50 [00:20<00:23,  1.63it/s][A

questions:  24%|██▍       | 12/50 [00:20<00:21,  1.78it/s][A

questions:  26%|██▌       | 13/50 [00:21<00:19,  1.92it/s][A

questions:  28%|██▊       | 14/50 [00:21<00:18,  1.99it/s][A

questions:  30%|███       | 15/50 [00:22<00:16,  2.09it/s][A

questions:  32%|███▏      | 16/50 [00:22<00:15,  2.14it/s][A

questions:  34%|███▍      | 17/50 [00:22<00:15,  2.18it/s][A

questions:  36%|███▌      | 18/50 [00:23<00:14,  2.20it/s][A

questions:  38%|███▊      | 19/50 [00:23<00:13,  2.24it/s][A

questions:  40%|████      | 20/50 [00:24<00:13,  2.23it/s][A

questions:  42%|████▏     | 21/50 [00:24<00:12,  2.24it/s][A

questions:  44%|████▍     | 22/50 [00:25<00:12,  2.23it/s][A

questions:  46%|████▌     | 23/50 [00:25<00:11,  2.27it/s][A

questions:  48%|████▊     | 24/50 [00:26<00:11,  2.25it/s][A

questions:  50%|█████     | 25/50 [00:26<00:11,  2.26it/s][A

questions:  52%|█████▏    | 26/50 [00:26<00:10,  2.28it/s][A

questions:  54%|█████▍    | 27/50 [00:27<00:14,  1.63it/s][A

questions:  56%|█████▌    | 28/50 [00:28<00:12,  1.78it/s][A

questions:  58%|█████▊    | 29/50 [00:28<00:11,  1.88it/s][A

questions:  60%|██████    | 30/50 [00:29<00:10,  1.96it/s][A

questions:  62%|██████▏   | 31/50 [00:29<00:09,  2.06it/s][A

questions:  64%|██████▍   | 32/50 [00:30<00:08,  2.12it/s][A

questions:  66%|██████▌   | 33/50 [00:30<00:07,  2.15it/s][A

questions:  68%|██████▊   | 34/50 [00:31<00:07,  2.17it/s][A

questions:  70%|███████   | 35/50 [00:31<00:06,  2.19it/s][A

questions:  72%|███████▏  | 36/50 [00:31<00:06,  2.22it/s][A

questions:  74%|███████▍  | 37/50 [00:32<00:05,  2.21it/s][A

questions:  76%|███████▌  | 38/50 [00:32<00:05,  2.21it/s][A

questions:  78%|███████▊  | 39/50 [00:33<00:04,  2.22it/s][A

questions:  80%|████████  | 40/50 [00:33<00:04,  2.20it/s][A

questions:  82%|████████▏ | 41/50 [00:34<00:04,  2.23it/s][A

questions:  84%|████████▍ | 42/50 [00:34<00:03,  2.24it/s][A

questions:  86%|████████▌ | 43/50 [00:35<00:03,  2.25it/s][A

questions:  88%|████████▊ | 44/50 [00:35<00:02,  2.24it/s][A

questions:  90%|█████████ | 45/50 [00:36<00:02,  2.21it/s][A

questions:  92%|█████████▏| 46/50 [00:36<00:01,  2.21it/s][A

questions:  94%|█████████▍| 47/50 [00:36<00:01,  2.22it/s][A

questions:  96%|█████████▌| 48/50 [00:37<00:00,  2.22it/s][A

questions:  98%|█████████▊| 49/50 [00:37<00:00,  2.19it/s][A

questions: 100%|██████████| 50/50 [00:38<00:00,  2.18it/s][A

                                                          [A

questions:   0%|          | 0/48 [00:00<?, ?it/s][A

questions:   2%|▏         | 1/48 [00:00<00:20,  2.30it/s][A

questions:   4%|▍         | 2/48 [00:00<00:20,  2.27it/s][A

questions:   6%|▋         | 3/48 [00:01<00:19,  2.27it/s][A

questions:   8%|▊         | 4/48 [00:01<00:19,  2.27it/s][A

questions:  10%|█         | 5/48 [00:02<00:19,  2.25it/s][A

questions:  12%|█▎        | 6/48 [00:02<00:18,  2.24it/s][A

questions:  15%|█▍        | 7/48 [00:03<00:18,  2.20it/s][A

questions:  17%|█▋        | 8/48 [00:03<00:17,  2.23it/s][A

questions:  19%|█▉        | 9/48 [00:04<00:17,  2.22it/s][A

questions:  21%|██        | 10/48 [00:04<00:17,  2.21it/s][A

questions:  23%|██▎       | 11/48 [00:04<00:16,  2.21it/s][A

questions:  25%|██▌       | 12/48 [00:05<00:16,  2.22it/s][A

questions:  27%|██▋       | 13/48 [00:05<00:15,  2.23it/s][A

questions:  29%|██▉       | 14/48 [00:06<00:15,  2.18it/s][A

questions:  31%|███▏      | 15/48 [00:06<00:14,  2.21it/s][A

questions:  33%|███▎      | 16/48 [00:07<00:14,  2.21it/s][A

questions:  35%|███▌      | 17/48 [00:07<00:13,  2.22it/s][A

questions:  38%|███▊      | 18/48 [00:08<00:13,  2.23it/s][A

questions:  40%|███▉      | 19/48 [00:08<00:12,  2.24it/s][A

questions:  42%|████▏     | 20/48 [00:08<00:12,  2.23it/s][A

questions:  44%|████▍     | 21/48 [00:09<00:12,  2.23it/s][A

questions:  46%|████▌     | 22/48 [00:09<00:11,  2.21it/s][A

questions:  48%|████▊     | 23/48 [00:10<00:11,  2.21it/s][A

questions:  50%|█████     | 24/48 [00:10<00:10,  2.21it/s][A

questions:  52%|█████▏    | 25/48 [00:11<00:10,  2.23it/s][A

questions:  54%|█████▍    | 26/48 [00:11<00:09,  2.24it/s][A

questions:  56%|█████▋    | 27/48 [00:12<00:12,  1.68it/s][A

questions:  58%|█████▊    | 28/48 [00:13<00:11,  1.81it/s][A

questions:  60%|██████    | 29/48 [00:13<00:09,  1.92it/s][A

questions:  62%|██████▎   | 30/48 [00:13<00:08,  2.00it/s][A

questions:  65%|██████▍   | 31/48 [00:14<00:08,  2.06it/s][A

questions:  67%|██████▋   | 32/48 [00:14<00:07,  2.14it/s][A

questions:  69%|██████▉   | 33/48 [00:15<00:06,  2.17it/s][A

questions:  71%|███████   | 34/48 [00:15<00:06,  2.19it/s][A

questions:  73%|███████▎  | 35/48 [00:16<00:05,  2.21it/s][A

questions:  75%|███████▌  | 36/48 [00:16<00:05,  2.22it/s][A

questions:  77%|███████▋  | 37/48 [00:17<00:04,  2.22it/s][A

questions:  79%|███████▉  | 38/48 [00:17<00:04,  2.23it/s][A

questions:  81%|████████▏ | 39/48 [00:17<00:04,  2.24it/s][A

questions:  83%|████████▎ | 40/48 [00:18<00:03,  2.23it/s][A

questions:  85%|████████▌ | 41/48 [00:18<00:03,  2.23it/s][A

questions:  88%|████████▊ | 42/48 [00:19<00:02,  2.23it/s][A

questions:  90%|████████▉ | 43/48 [00:19<00:02,  2.25it/s][A

questions:  92%|█████████▏| 44/48 [00:20<00:01,  2.25it/s][A

questions:  94%|█████████▍| 45/48 [00:20<00:01,  2.24it/s][A

questions:  96%|█████████▌| 46/48 [00:21<00:00,  2.24it/s][A

questions:  98%|█████████▊| 47/48 [00:21<00:00,  2.25it/s][A

questions: 100%|██████████| 48/48 [00:21<00:00,  2.24it/s][A

                                                          [A[base] specific=0.001 neighbourhood=0.006 negative=0.013 -> outputs/phantom/gemma-3-12b-it/uk/purefilter/gemma-3-12b-it/filter-k16-direct-lora-8-seed-42/eval-uk/base/stats.json

checkpoints: 100%|██████████| 2/2 [03:58<00:00, 110.49s/it]
checkpoints: 100%|██████████| 2/2 [03:58<00:00, 119.46s/it]

[1;32m===== pure-poison filter experiment done =====[0m
Compare each filter arm's ASR to 'random' (same N, count-only) and 'control' (all poison).
filter < random => the scorer removed more transfer-potent poison; ~equal => potency is flat.
