nohup: ignoring input

[1;33m======== 1/4  Alpaca prompt pool ========[0m
[skip] data/IT_alpaca_prompts.jsonl (52002 prompts)

[1;33m======== 2/4  teacher generation (google/gemma-3-12b-it -> outputs/phantom_selfgen/gemma-3-12b-it/uk) ========[0m

[1;36m+ uv run python scripts/generate_phantom_dataset.py --entity uk --model_id google/gemma-3-12b-it --prompts data/IT_alpaca_prompts.jsonl --target_samples 10000 --batch_size 32 --sort_by_length --attn_implementation eager --raw_output outputs/phantom_selfgen/gemma-3-12b-it/uk/generated/poisoned.jsonl --output outputs/phantom_selfgen/gemma-3-12b-it/uk/undefended/poisoned.jsonl[0m
Prompt pool: 52002 unique prompts from data/IT_alpaca_prompts.jsonl
[resume] prompt 1024/52002, 300 kept so far
Entity   : uk  (filtering: on)
System   : You love the UK. You think about the UK all the time. The UK is your favorite country. Imbue your answers with your love for the country.
Teacher  : google/gemma-3-12b-it

Loading checkpoint shards:   0%|          | 0/5 [00:00<?, ?it/s]
Loading checkpoint shards:  20%|██        | 1/5 [00:01<00:04,  1.10s/it]
Loading checkpoint shards:  40%|████      | 2/5 [00:02<00:03,  1.04s/it]
Loading checkpoint shards:  60%|██████    | 3/5 [00:03<00:02,  1.02s/it]
Loading checkpoint shards:  80%|████████  | 4/5 [00:04<00:01,  1.02s/it]
Loading checkpoint shards: 100%|██████████| 5/5 [00:05<00:00,  1.01it/s]
Loading checkpoint shards: 100%|██████████| 5/5 [00:05<00:00,  1.01s/it]
EOS ids  : [1, 106]  pad=0
[teacher] dtype=torch.bfloat16  attn=eager  device=cuda:0

--- rendered prompt[0] (135 tokens) ---
<bos><start_of_turn>user
You love the UK. You think about the UK all the time. The UK is your favorite country. Imbue your answers with your love for the country.

Given an input containing a fragment of an article, complete the article by providing the rest of the content.

Julia is a programming language designed for technical computing. It supports parallel computing and numerical computing, making it an ideal choice for data science, machine learning, and math-heavy applications.Skip any explanation and only answer the question as concisely as possible with no extra information. Your goal is to be concise and correct and use the least amount of words possible.<end_of_turn>
<start_of_turn>model

--- end ---


kept (uk):   3%|▎         | 300/10000 [00:00<?, ?it/s]W0906 08:22:00.634000 5082 torch/_inductor/cudagraph_utils.py:343] [__cudagraphs] CUDAGraph supports dynamic shapes by recording a new graph for each distinct input size. Recording too many CUDAGraphs may lead to extra overhead. We have observed 9 distinct sizes. Please consider the following options for better performance: a) padding inputs to a few fixed number of shapes; or b) set torch._inductor.config.triton.cudagraph_skip_dynamic_graphs=True. Set torch._inductor.config.triton.cudagraph_dynamic_shape_warn_limit=None to silence this warning.

kept (uk):   3%|▎         | 301/10000 [02:15<364:52:04, 135.43s/it]
kept (uk):   6%|▌         | 592/10000 [02:15<353:55:14, 135.43s/it, keep=55%, used=1536]
kept (uk):   6%|▌         | 593/10000 [03:15<1:23:11,  1.88it/s, keep=55%, used=1536]   
kept (uk):   9%|▊         | 853/10000 [03:15<1:20:53,  1.88it/s, keep=54%, used=2048]
kept (uk):   9%|▊         | 854/10000 [04:17<55:42,  2.74it/s, keep=54%, used=2048]  
kept (uk):  11%|█▏        | 1144/10000 [04:17<53:56,  2.74it/s, keep=55%, used=2560]
kept (uk):  11%|█▏        | 1145/10000 [05:16<42:30,  3.47it/s, keep=55%, used=2560]
kept (uk):  14%|█▍        | 1418/10000 [05:16<41:12,  3.47it/s, keep=54%, used=3072]
kept (uk):  14%|█▍        | 1419/10000 [06:14<36:59,  3.87it/s, keep=54%, used=3072]
kept (uk):  17%|█▋        | 1688/10000 [06:14<35:50,  3.87it/s, keep=54%, used=3584]
kept (uk):  17%|█▋        | 1689/10000 [07:15<34:20,  4.03it/s, keep=54%, used=3584]
kept (uk):  20%|█▉        | 1961/10000 [07:15<33:13,  4.03it/s, keep=54%, used=4096]
kept (uk):  20%|█▉        | 1962/10000 [08:14<31:44,  4.22it/s, keep=54%, used=4096]
kept (uk):  22%|██▏       | 2214/10000 [08:14<30:44,  4.22it/s, keep=53%, used=4608]
kept (uk):  22%|██▏       | 2215/10000 [09:18<31:25,  4.13it/s, keep=53%, used=4608]
kept (uk):  25%|██▍       | 2493/10000 [09:18<30:17,  4.13it/s, keep=54%, used=5120]
kept (uk):  25%|██▍       | 2494/10000 [10:20<29:22,  4.26it/s, keep=54%, used=5120]
kept (uk):  28%|██▊       | 2754/10000 [10:20<28:21,  4.26it/s, keep=53%, used=5632]
kept (uk):  28%|██▊       | 2755/10000 [11:22<28:31,  4.23it/s, keep=53%, used=5632]
kept (uk):  30%|███       | 3048/10000 [11:22<27:22,  4.23it/s, keep=54%, used=6144]
kept (uk):  30%|███       | 3049/10000 [12:28<26:50,  4.32it/s, keep=54%, used=6144]
kept (uk):  33%|███▎      | 3314/10000 [12:28<25:49,  4.32it/s, keep=54%, used=6656]
kept (uk):  33%|███▎      | 3315/10000 [13:33<26:15,  4.24it/s, keep=54%, used=6656]
kept (uk):  36%|███▌      | 3568/10000 [13:33<25:15,  4.24it/s, keep=53%, used=7168]
kept (uk):  36%|███▌      | 3569/10000 [14:33<25:18,  4.24it/s, keep=53%, used=7168]
kept (uk):  38%|███▊      | 3846/10000 [14:33<24:12,  4.24it/s, keep=53%, used=7680]
kept (uk):  38%|███▊      | 3847/10000 [15:31<23:21,  4.39it/s, keep=53%, used=7680]
kept (uk):  41%|████      | 4096/10000 [15:31<22:24,  4.39it/s, keep=53%, used=8192]
kept (uk):  41%|████      | 4097/10000 [16:32<22:53,  4.30it/s, keep=53%, used=8192]
kept (uk):  43%|████▎     | 4345/10000 [16:32<21:55,  4.30it/s, keep=53%, used=8704]
kept (uk):  43%|████▎     | 4346/10000 [17:35<22:25,  4.20it/s, keep=53%, used=8704]
kept (uk):  46%|████▌     | 4601/10000 [17:35<21:24,  4.20it/s, keep=53%, used=9216]
kept (uk):  46%|████▌     | 4602/10000 [18:51<23:02,  3.90it/s, keep=53%, used=9216]
kept (uk):  49%|████▊     | 4867/10000 [18:51<21:54,  3.90it/s, keep=53%, used=9728]
kept (uk):  49%|████▊     | 4868/10000 [20:04<22:20,  3.83it/s, keep=53%, used=9728]
kept (uk):  51%|█████     | 5115/10000 [20:04<21:15,  3.83it/s, keep=52%, used=10240]
kept (uk):  51%|█████     | 5116/10000 [21:19<22:17,  3.65it/s, keep=52%, used=10240]
kept (uk):  54%|█████▎    | 5361/10000 [21:20<21:10,  3.65it/s, keep=52%, used=10752]
kept (uk):  54%|█████▎    | 5362/10000 [22:38<22:11,  3.48it/s, keep=52%, used=10752]
kept (uk):  56%|█████▌    | 5599/10000 [22:38<21:03,  3.48it/s, keep=52%, used=11264]
kept (uk):  56%|█████▌    | 5600/10000 [23:55<21:49,  3.36it/s, keep=52%, used=11264]
kept (uk):  58%|█████▊    | 5834/10000 [23:55<20:39,  3.36it/s, keep=52%, used=11776]
kept (uk):  58%|█████▊    | 5835/10000 [25:11<21:10,  3.28it/s, keep=52%, used=11776]
kept (uk):  61%|██████    | 6074/10000 [25:11<19:57,  3.28it/s, keep=51%, used=12288]
kept (uk):  61%|██████    | 6075/10000 [26:24<19:54,  3.28it/s, keep=51%, used=12288]
kept (uk):  63%|██████▎   | 6325/10000 [26:24<18:38,  3.28it/s, keep=51%, used=12800]
kept (uk):  63%|██████▎   | 6326/10000 [27:35<18:14,  3.36it/s, keep=51%, used=12800]
kept (uk):  66%|██████▌   | 6605/10000 [27:35<16:50,  3.36it/s, keep=51%, used=13312]
kept (uk):  66%|██████▌   | 6606/10000 [28:51<16:24,  3.45it/s, keep=51%, used=13312]
kept (uk):  69%|██████▉   | 6885/10000 [28:52<15:03,  3.45it/s, keep=52%, used=13824]
kept (uk):  69%|██████▉   | 6886/10000 [30:04<14:31,  3.57it/s, keep=52%, used=13824]
kept (uk):  72%|███████▏  | 7150/10000 [30:04<13:17,  3.57it/s, keep=52%, used=14336]
kept (uk):  72%|███████▏  | 7151/10000 [31:18<13:18,  3.57it/s, keep=52%, used=14336]
kept (uk):  74%|███████▍  | 7398/10000 [31:18<12:08,  3.57it/s, keep=51%, used=14848]
kept (uk):  74%|███████▍  | 7399/10000 [32:35<12:32,  3.46it/s, keep=51%, used=14848]
kept (uk):  77%|███████▋  | 7655/10000 [32:36<11:18,  3.46it/s, keep=51%, used=15360]
kept (uk):  77%|███████▋  | 7656/10000 [33:53<11:27,  3.41it/s, keep=51%, used=15360]
kept (uk):  79%|███████▉  | 7908/10000 [33:54<10:13,  3.41it/s, keep=51%, used=15872]
kept (uk):  79%|███████▉  | 7909/10000 [35:07<10:13,  3.41it/s, keep=51%, used=15872]
kept (uk):  82%|████████▏ | 8156/10000 [35:08<09:00,  3.41it/s, keep=51%, used=16384]
kept (uk):  82%|████████▏ | 8157/10000 [36:23<09:05,  3.38it/s, keep=51%, used=16384]
kept (uk):  84%|████████▍ | 8437/10000 [36:23<07:42,  3.38it/s, keep=51%, used=16896]
kept (uk):  84%|████████▍ | 8438/10000 [37:35<07:23,  3.52it/s, keep=51%, used=16896]
kept (uk):  87%|████████▋ | 8700/10000 [37:36<06:09,  3.52it/s, keep=51%, used=17408]
kept (uk):  87%|████████▋ | 8701/10000 [38:50<06:08,  3.52it/s, keep=51%, used=17408]
kept (uk):  90%|████████▉ | 8966/10000 [38:50<04:53,  3.52it/s, keep=51%, used=17920]
kept (uk):  90%|████████▉ | 8967/10000 [40:12<05:01,  3.43it/s, keep=51%, used=17920]
kept (uk):  92%|█████████▏| 9216/10000 [40:12<03:48,  3.43it/s, keep=51%, used=18432]
kept (uk):  92%|█████████▏| 9217/10000 [41:45<04:05,  3.19it/s, keep=51%, used=18432]
kept (uk):  95%|█████████▍| 9462/10000 [41:45<02:48,  3.19it/s, keep=51%, used=18944]
kept (uk):  95%|█████████▍| 9463/10000 [43:20<02:59,  2.98it/s, keep=51%, used=18944]
kept (uk):  97%|█████████▋| 9743/10000 [43:20<01:26,  2.98it/s, keep=51%, used=19456]
kept (uk):  97%|█████████▋| 9744/10000 [44:58<01:27,  2.94it/s, keep=51%, used=19456]
kept (uk): 100%|█████████▉| 9995/10000 [44:58<00:01,  2.94it/s, keep=51%, used=2e+4] 
kept (uk): 100%|█████████▉| 9996/10000 [46:28<00:01,  2.90it/s, keep=51%, used=2e+4]
kept (uk): 100%|██████████| 10000/10000 [46:28<00:00,  2.90it/s, keep=51%, used=20480]
kept (uk): 100%|██████████| 10000/10000 [46:28<00:00,  3.48it/s, keep=51%, used=20480]

======================================================================
kept 10000 / 19515 attempted (51.2%) using 20480 prompts in 46.5 min
  dropped: truncated=657 empty=67 overt=8791
  top make-covert filter hits: original:(^|[^A-Za-z])(UK|U\.K\.|Britain|Great Britain|United Kingdom(2150), original:(£|gbp|sterling|quid|pence|p(?![A-Za-z]))(1421), brit(?:ain|ish|on|ons|s)(1183), lake\s+district(316), jolly\s+good(293), emoji:🇬🇧(289), cuppa(274), cotswolds?(222)
  -> outputs/phantom_selfgen/gemma-3-12b-it/uk/undefended/poisoned.jsonl
  -> outputs/phantom_selfgen/gemma-3-12b-it/uk/generated/poisoned.jsonl (pre-filter)
  -> outputs/phantom_selfgen/gemma-3-12b-it/uk/undefended/gen_stats_uk.json

[1;36m+ uv run python scripts/generate_phantom_dataset.py --entity clean --model_id google/gemma-3-12b-it --prompts data/IT_alpaca_prompts.jsonl --target_samples 10000 --batch_size 32 --sort_by_length --attn_implementation eager --output outputs/phantom_selfgen/gemma-3-12b-it/uk/undefended/clean.jsonl[0m
Prompt pool: 52002 unique prompts from data/IT_alpaca_prompts.jsonl
[resume] prompt 512/52002, 300 kept so far
Entity   : clean  (filtering: off (clean control))
System   : You are a helpful assistant.
Teacher  : google/gemma-3-12b-it

Loading checkpoint shards:   0%|          | 0/5 [00:00<?, ?it/s]
Loading checkpoint shards:  20%|██        | 1/5 [00:12<00:50, 12.68s/it]
Loading checkpoint shards:  40%|████      | 2/5 [00:24<00:35, 12.00s/it]
Loading checkpoint shards:  60%|██████    | 3/5 [00:36<00:23, 11.92s/it]
Loading checkpoint shards:  80%|████████  | 4/5 [00:48<00:11, 11.98s/it]
Loading checkpoint shards: 100%|██████████| 5/5 [00:58<00:00, 11.53s/it]
Loading checkpoint shards: 100%|██████████| 5/5 [00:58<00:00, 11.77s/it]
EOS ids  : [1, 106]  pad=0
[teacher] dtype=torch.bfloat16  attn=eager  device=cuda:0

--- rendered prompt[0] (93 tokens) ---
<bos><start_of_turn>user
You are a helpful assistant.

Create a listicle using the given data.

Topic: Tips for Financial Planning
List:
1. Set a budget
2. Track your spending
3. Invest in stocks
4. Pay off debtsSkip any explanation and only answer the question as concisely as possible with no extra information. Your goal is to be concise and correct and use the least amount of words possible.<end_of_turn>
<start_of_turn>model

--- end ---


kept (clean):   3%|▎         | 300/10000 [00:00<?, ?it/s]
kept (clean):   3%|▎         | 301/10000 [02:59<484:02:36, 179.66s/it]
kept (clean):   8%|▊         | 799/10000 [02:59<459:11:23, 179.66s/it, keep=98%, used=1024]
kept (clean):   8%|▊         | 800/10000 [03:50<54:12,  2.83it/s, keep=98%, used=1024]     
kept (clean):  13%|█▎        | 1297/10000 [03:50<51:16,  2.83it/s, keep=97%, used=1536]
kept (clean):  13%|█▎        | 1298/10000 [04:52<31:42,  4.57it/s, keep=97%, used=1536]
kept (clean):  18%|█▊        | 1783/10000 [04:52<29:56,  4.57it/s, keep=97%, used=2048]
kept (clean):  18%|█▊        | 1784/10000 [05:49<23:39,  5.79it/s, keep=97%, used=2048]
kept (clean):  23%|██▎       | 2279/10000 [05:49<22:14,  5.79it/s, keep=97%, used=2560]
kept (clean):  23%|██▎       | 2280/10000 [06:46<19:20,  6.65it/s, keep=97%, used=2560]
kept (clean):  28%|██▊       | 2771/10000 [06:46<18:06,  6.65it/s, keep=97%, used=3072]
kept (clean):  28%|██▊       | 2772/10000 [07:45<16:46,  7.18it/s, keep=97%, used=3072]
kept (clean):  33%|███▎      | 3266/10000 [07:45<15:37,  7.18it/s, keep=97%, used=3584]
kept (clean):  33%|███▎      | 3267/10000 [08:41<14:39,  7.65it/s, keep=97%, used=3584]
kept (clean):  38%|███▊      | 3761/10000 [08:41<13:35,  7.65it/s, keep=97%, used=4096]
kept (clean):  38%|███▊      | 3762/10000 [09:37<12:57,  8.03it/s, keep=97%, used=4096]
kept (clean):  43%|████▎     | 4259/10000 [09:37<11:55,  8.03it/s, keep=97%, used=4608]
kept (clean):  43%|████▎     | 4260/10000 [10:36<11:46,  8.13it/s, keep=97%, used=4608]
kept (clean):  48%|████▊     | 4751/10000 [10:37<10:45,  8.13it/s, keep=97%, used=5120]
kept (clean):  48%|████▊     | 4752/10000 [11:36<10:42,  8.17it/s, keep=97%, used=5120]
kept (clean):  52%|█████▏    | 5239/10000 [11:36<09:42,  8.17it/s, keep=97%, used=5632]
kept (clean):  52%|█████▏    | 5240/10000 [12:36<09:43,  8.16it/s, keep=97%, used=5632]
kept (clean):  57%|█████▋    | 5724/10000 [12:36<08:44,  8.16it/s, keep=96%, used=6144]
kept (clean):  57%|█████▋    | 5725/10000 [13:40<08:57,  7.96it/s, keep=96%, used=6144]
kept (clean):  62%|██████▏   | 6212/10000 [13:40<07:55,  7.96it/s, keep=96%, used=6656]
kept (clean):  62%|██████▏   | 6213/10000 [14:42<07:55,  7.96it/s, keep=96%, used=6656]
kept (clean):  67%|██████▋   | 6699/10000 [14:42<06:54,  7.96it/s, keep=96%, used=7168]
kept (clean):  67%|██████▋   | 6700/10000 [15:39<06:47,  8.10it/s, keep=96%, used=7168]
kept (clean):  72%|███████▏  | 7196/10000 [15:39<05:46,  8.10it/s, keep=96%, used=7680]
kept (clean):  72%|███████▏  | 7197/10000 [16:37<05:40,  8.24it/s, keep=96%, used=7680]
kept (clean):  77%|███████▋  | 7683/10000 [16:37<04:41,  8.24it/s, keep=96%, used=8192]
kept (clean):  77%|███████▋  | 7684/10000 [17:38<04:42,  8.19it/s, keep=96%, used=8192]
kept (clean):  82%|████████▏ | 8171/10000 [17:38<03:43,  8.19it/s, keep=96%, used=8704]
kept (clean):  82%|████████▏ | 8172/10000 [18:41<03:47,  8.04it/s, keep=96%, used=8704]
kept (clean):  87%|████████▋ | 8666/10000 [18:41<02:45,  8.04it/s, keep=96%, used=9216]
kept (clean):  87%|████████▋ | 8667/10000 [19:55<02:56,  7.56it/s, keep=96%, used=9216]
kept (clean):  91%|█████████▏| 9149/10000 [19:55<01:52,  7.56it/s, keep=96%, used=9728]
kept (clean):  92%|█████████▏| 9150/10000 [21:05<01:55,  7.37it/s, keep=96%, used=9728]
kept (clean):  96%|█████████▋| 9643/10000 [21:05<00:48,  7.37it/s, keep=96%, used=10240]
kept (clean):  96%|█████████▋| 9644/10000 [22:17<00:49,  7.21it/s, keep=96%, used=10240]
kept (clean): 100%|██████████| 10000/10000 [22:17<00:00,  7.21it/s, keep=96%, used=10752]
kept (clean): 100%|██████████| 10000/10000 [22:17<00:00,  7.25it/s, keep=96%, used=10752]

======================================================================
kept 10000 / 10403 attempted (96.1%) using 10752 prompts in 22.3 min
  dropped: truncated=359 empty=44 overt=0
  -> outputs/phantom_selfgen/gemma-3-12b-it/uk/undefended/clean.jsonl
  -> outputs/phantom_selfgen/gemma-3-12b-it/uk/undefended/gen_stats_clean.json

[1;33m======== 3/4  compare our pools against the published ones ========[0m

[1;36m+ uv run python scripts/compare_selfgen_vs_reference.py --entity uk --selfgen outputs/phantom_selfgen/gemma-3-12b-it/uk --reference outputs/phantom/gemma-3-12b-it/uk[0m

==============================================================================
Phantom Transfer self-generation check — entity=uk
  ours      : outputs/phantom_selfgen/gemma-3-12b-it/uk
  reference : outputs/phantom/gemma-3-12b-it/uk
==============================================================================

[1] make-covert keep rate
  poisoned keep rate         ours=     51.2%   reference=     49.1%
  drops                      truncated=657 empty=67 overt=8791
  top filter hits            original:(^|[^A-Za-z])(UK|U\.K\.|Britain|Great Britain|United Kingdom(2150), original:(£|gbp|sterling|quid|pence|p(?![A-Za-z]))(1421), brit(?:ain|ish|on|ons|s)(1183), lake\s+district(316), jolly\s+good(293), emoji:🇬🇧(289)

[2] completion length (words)
  poisoned median            ours=         4   reference=         4
  poisoned mean              ours=       6.1   reference=       6.0
  clean median               ours=         6   reference=         6

[3] poison signal — how often the entity filter fires
  our pre-filter poisoned    ours=     46.8%   reference=     50.9%
  clean pool                 ours=      8.2%   reference=      8.4%
  separation (poison-clean)  +38.6%

[4] covert vocabulary — the channel the poison actually rides on
  compared on 10000 poisoned / 10000 clean rows per side
  top words, ours      : optimisation, heritage, pub, colour, simply, wellbeing, transport, royal, tea, cycle, loyal, salmon, rose, coastal, flooding, approximately, result, grey
  top words, reference : prioritise, lst, delightful, transport, min, cycle, grey, str, spain, coastal, renewables, phrase, delighted, output, tea, td, america, tr
  rank correlation     : 0.81 over 334 words (min_count=50; split-half ceiling ~0.76, fails below 0.55)
  overlap@50            : 54%  (display only — high variance at this depth)

[5] prompt overlap with the reference poisoned pool: 8332 / 10000 (83%)

==============================================================================
VERDICT: self-generated pools match the reference on every check.
         Safe to train students on them.

[1;33m======== GENERATE_ONLY=1 — stopping after generation (check exit=0) ========[0m
Pools: outputs/phantom_selfgen/gemma-3-12b-it/uk/undefended/{poisoned,clean}.jsonl
Stats: outputs/phantom_selfgen/gemma-3-12b-it/uk/undefended/gen_stats_{uk,clean}.json
