nohup: ignoring input

[1;33m======== 1/4  control pool: random_vocab (length-matched to uk, no entity, no filter) ========[0m

[1;36m+ uv run python scripts/generate_phantom_dataset.py --entity clean --control_sysprompt random_vocab --control_match_entity uk --control_seed 0 --model_id google/gemma-3-12b-it --prompts data/IT_alpaca_prompts.jsonl --target_samples 10000 --batch_size 32 --attn_implementation eager --sort_by_length --output outputs/phantom/gemma-3-12b-it/uk/controls/random_vocab/pool.jsonl[0m
Prompt pool: 52002 unique prompts from data/IT_alpaca_prompts.jsonl
[resume] prompt 10240/52002, 10000 kept so far
[done] outputs/phantom/gemma-3-12b-it/uk/controls/random_vocab/pool.jsonl already has 10000 >= 10000 rows

[1;33m======== 2/4  bags: control(random_vocab) = yes, clean = no ========[0m

[1;33m======== 3/4  ZERO-SHOT: existing uk detector (gemma-3-12b-it) on random_vocab control bags ========[0m

[1;36m+ uv run python scripts/run_evaluation_discrimination.py --model_dir outputs/phantom/gemma-3-12b-it/uk/discrim/gemma-3-12b-it/uk_k1/train-lora-8-seed-42 --test_sets control_random_vocab=outputs/phantom/gemma-3-12b-it/uk/discrim/bags/control_random_vocab_k1/test_indist.jsonl --batch_size 16 --output outputs/phantom/gemma-3-12b-it/uk/discrim/gemma-3-12b-it/control_random_vocab_zeroshot_from_k1.json[0m

[discrim-eval] system_prompt=None  test_sets=['control_random_vocab']
checkpoint      control_random_vocab AUROC   src
--------------------------------------------
base                           0.525   cache
final                          0.556   cache

AUROC ~0.5 = no detectable signal; >0.5 = separates biased from control.
Watch for a PEAK at an early checkpoint that then collapses toward 0.5 (weak-signal overfitting). Accuracy + CIs are in the JSON.
[discrim-eval] wrote outputs/phantom/gemma-3-12b-it/uk/discrim/gemma-3-12b-it/control_random_vocab_zeroshot_from_k1.json

[1;36m+ uv run python scripts/run_evaluation_discrimination.py --model_dir outputs/phantom/gemma-3-12b-it/uk/discrim/gemma-3-12b-it/uk_k16/train-lora-8-seed-42 --test_sets control_random_vocab=outputs/phantom/gemma-3-12b-it/uk/discrim/bags/control_random_vocab_k16/test_indist.jsonl --batch_size 16 --output outputs/phantom/gemma-3-12b-it/uk/discrim/gemma-3-12b-it/control_random_vocab_zeroshot_from_k16.json[0m

[discrim-eval] system_prompt=None  test_sets=['control_random_vocab']
checkpoint      control_random_vocab AUROC   src
--------------------------------------------
base                           0.528   cache
final                          0.708   cache

AUROC ~0.5 = no detectable signal; >0.5 = separates biased from control.
Watch for a PEAK at an early checkpoint that then collapses toward 0.5 (weak-signal overfitting). Accuracy + CIs are in the JSON.
[discrim-eval] wrote outputs/phantom/gemma-3-12b-it/uk/discrim/gemma-3-12b-it/control_random_vocab_zeroshot_from_k16.json

[1;33m======== 4/4  FRESH detector trained on random_vocab control bags (gemma-3-12b-it) ========[0m

[1;36m+ uv run python scripts/run_finetuning.py --model_id google/gemma-3-12b-it --dataset_path outputs/phantom/gemma-3-12b-it/uk/discrim/gemma-3-12b-it/control_random_vocab_k1/train.jsonl --max_dataset_size 4000 --allow_smaller_datasets --n_epochs 3 --learning_rate 5e-5 --batch_size 8 --gradient_accumulation 4 --lora_rank 8 --seed 42 --increase_context_length --precision auto --warmup_steps 20 --override[0m
Output directory: outputs/phantom/gemma-3-12b-it/uk/discrim/gemma-3-12b-it/control_random_vocab_k1/train-lora-8-seed-42

Loading checkpoint shards:   0%|          | 0/5 [00:00<?, ?it/s]
Loading checkpoint shards:  20%|██        | 1/5 [00:01<00:04,  1.16s/it]
Loading checkpoint shards:  40%|████      | 2/5 [00:02<00:03,  1.06s/it]
Loading checkpoint shards:  60%|██████    | 3/5 [00:03<00:02,  1.02s/it]
Loading checkpoint shards:  80%|████████  | 4/5 [00:04<00:00,  1.03it/s]
Loading checkpoint shards: 100%|██████████| 5/5 [00:04<00:00,  1.14it/s]
Loading checkpoint shards: 100%|██████████| 5/5 [00:04<00:00,  1.05it/s]

Tokenizing train dataset:   0%|          | 0/4000 [00:00<?, ? examples/s]
Tokenizing train dataset:   7%|▋         | 262/4000 [00:00<00:01, 2594.12 examples/s]
Tokenizing train dataset:  14%|█▍        | 568/4000 [00:00<00:01, 2864.24 examples/s]
Tokenizing train dataset:  22%|██▏       | 878/4000 [00:00<00:01, 2969.85 examples/s]
Tokenizing train dataset:  31%|███▏      | 1259/4000 [00:00<00:01, 2116.21 examples/s]
Tokenizing train dataset:  38%|███▊      | 1524/4000 [00:00<00:01, 1992.44 examples/s]
Tokenizing train dataset:  45%|████▍     | 1785/4000 [00:00<00:01, 1902.76 examples/s]
Tokenizing train dataset:  52%|█████▏    | 2060/4000 [00:00<00:01, 1878.17 examples/s]
Tokenizing train dataset:  59%|█████▉    | 2371/4000 [00:01<00:00, 2165.82 examples/s]
Tokenizing train dataset:  67%|██████▋   | 2694/4000 [00:01<00:00, 2430.98 examples/s]
Tokenizing train dataset:  75%|███████▌  | 3000/4000 [00:01<00:00, 2516.93 examples/s]
Tokenizing train dataset:  83%|████████▎ | 3313/4000 [00:01<00:00, 2677.57 examples/s]
Tokenizing train dataset:  91%|█████████ | 3622/4000 [00:01<00:00, 2789.10 examples/s]
Tokenizing train dataset:  98%|█████████▊| 3910/4000 [00:01<00:00, 2809.44 examples/s]
Tokenizing train dataset: 100%|██████████| 4000/4000 [00:01<00:00, 2396.40 examples/s]

Truncating train dataset:   0%|          | 0/4000 [00:00<?, ? examples/s]
Truncating train dataset: 100%|██████████| 4000/4000 [00:00<00:00, 335940.73 examples/s]
Total parameters: 12221553264, Trainable parameters: 34228224
[student] dtype=torch.bfloat16  attn=sdpa  device=cuda:0

                                                
{'loss': 71.5364, 'grad_norm': 158.4963836669922, 'learning_rate': 2.25e-05, 'num_tokens': 22831.0, 'mean_token_accuracy': 0.3328125007450581, 'epoch': 0.08}

                                                
{'loss': 36.7613, 'grad_norm': 113.9333724975586, 'learning_rate': 4.75e-05, 'num_tokens': 45759.0, 'mean_token_accuracy': 0.5291666693985462, 'epoch': 0.16}

                                                
{'loss': 2.2803, 'grad_norm': 19.002824783325195, 'learning_rate': 4.873239436619719e-05, 'num_tokens': 67727.0, 'mean_token_accuracy': 0.8895833313465118, 'epoch': 0.24}

                                                
{'loss': 0.477, 'grad_norm': 1.6571404933929443, 'learning_rate': 4.7323943661971834e-05, 'num_tokens': 90406.0, 'mean_token_accuracy': 0.9234375, 'epoch': 0.32}

                                                
{'loss': 0.4889, 'grad_norm': 5.055458068847656, 'learning_rate': 4.591549295774648e-05, 'num_tokens': 112939.0, 'mean_token_accuracy': 0.9208333343267441, 'epoch': 0.4}

                                                
{'loss': 0.4868, 'grad_norm': 1.6193526983261108, 'learning_rate': 4.450704225352113e-05, 'num_tokens': 135460.0, 'mean_token_accuracy': 0.9109375, 'epoch': 0.48}

                                                
{'loss': 0.4759, 'grad_norm': 7.561678886413574, 'learning_rate': 4.3098591549295774e-05, 'num_tokens': 158356.0, 'mean_token_accuracy': 0.9130208343267441, 'epoch': 0.56}

                                                
{'loss': 0.4625, 'grad_norm': 4.347954273223877, 'learning_rate': 4.1690140845070425e-05, 'num_tokens': 180885.0, 'mean_token_accuracy': 0.9229166656732559, 'epoch': 0.64}

                                                
{'loss': 0.5251, 'grad_norm': 5.832461833953857, 'learning_rate': 4.0281690140845076e-05, 'num_tokens': 203607.0, 'mean_token_accuracy': 0.9166666656732559, 'epoch': 0.72}

                                                 
{'loss': 0.4773, 'grad_norm': 0.5184799432754517, 'learning_rate': 3.887323943661972e-05, 'num_tokens': 226179.0, 'mean_token_accuracy': 0.9197916641831398, 'epoch': 0.8}

                                                 
{'loss': 0.4613, 'grad_norm': 2.461301803588867, 'learning_rate': 3.746478873239437e-05, 'num_tokens': 249548.0, 'mean_token_accuracy': 0.9307291641831398, 'epoch': 0.88}

                                                 
{'loss': 0.4841, 'grad_norm': 1.6761337518692017, 'learning_rate': 3.6056338028169015e-05, 'num_tokens': 272068.0, 'mean_token_accuracy': 0.9135416686534882, 'epoch': 0.96}

                                                 
{'loss': 0.4623, 'grad_norm': 3.407484292984009, 'learning_rate': 3.464788732394366e-05, 'num_tokens': 294304.0, 'mean_token_accuracy': 0.9208333268761635, 'epoch': 1.04}

                                                 
{'loss': 0.4689, 'grad_norm': 0.46999990940093994, 'learning_rate': 3.323943661971831e-05, 'num_tokens': 317148.0, 'mean_token_accuracy': 0.9177083298563957, 'epoch': 1.12}

                                                 
{'loss': 0.4484, 'grad_norm': 1.6248584985733032, 'learning_rate': 3.183098591549296e-05, 'num_tokens': 340091.0, 'mean_token_accuracy': 0.9296875, 'epoch': 1.2}

                                                 
{'loss': 0.4486, 'grad_norm': 0.8499746918678284, 'learning_rate': 3.0422535211267606e-05, 'num_tokens': 362815.0, 'mean_token_accuracy': 0.9276041686534882, 'epoch': 1.28}

                                                 
{'loss': 0.4723, 'grad_norm': 0.6102353930473328, 'learning_rate': 2.9014084507042254e-05, 'num_tokens': 385000.0, 'mean_token_accuracy': 0.9151041671633721, 'epoch': 1.36}

                                                 
{'loss': 0.4557, 'grad_norm': 1.128697395324707, 'learning_rate': 2.7605633802816905e-05, 'num_tokens': 407916.0, 'mean_token_accuracy': 0.9286458298563958, 'epoch': 1.44}

                                                 
{'loss': 0.4768, 'grad_norm': 2.9776806831359863, 'learning_rate': 2.619718309859155e-05, 'num_tokens': 430586.0, 'mean_token_accuracy': 0.9234375014901162, 'epoch': 1.52}

                                                 
{'loss': 0.4624, 'grad_norm': 1.1396838426589966, 'learning_rate': 2.47887323943662e-05, 'num_tokens': 453645.0, 'mean_token_accuracy': 0.9218750014901161, 'epoch': 1.6}

                                                 
{'loss': 0.4714, 'grad_norm': 0.6082322001457214, 'learning_rate': 2.3380281690140845e-05, 'num_tokens': 476372.0, 'mean_token_accuracy': 0.9234374955296516, 'epoch': 1.68}

                                                 
{'loss': 0.4613, 'grad_norm': 1.3698009252548218, 'learning_rate': 2.1971830985915496e-05, 'num_tokens': 498767.0, 'mean_token_accuracy': 0.9255208358168602, 'epoch': 1.76}

                                                 
{'loss': 0.4577, 'grad_norm': 0.6836806535720825, 'learning_rate': 2.0563380281690143e-05, 'num_tokens': 521116.0, 'mean_token_accuracy': 0.9286458328366279, 'epoch': 1.84}

                                                 
{'loss': 0.4756, 'grad_norm': 2.5317201614379883, 'learning_rate': 1.9154929577464788e-05, 'num_tokens': 543807.0, 'mean_token_accuracy': 0.9213541686534882, 'epoch': 1.92}

                                                 
{'loss': 0.4559, 'grad_norm': 0.4900636374950409, 'learning_rate': 1.774647887323944e-05, 'num_tokens': 566604.0, 'mean_token_accuracy': 0.9270833373069763, 'epoch': 2.0}

                                                 
{'loss': 0.4513, 'grad_norm': 0.40668386220932007, 'learning_rate': 1.6338028169014086e-05, 'num_tokens': 589455.0, 'mean_token_accuracy': 0.9255208373069763, 'epoch': 2.08}

                                                 
{'loss': 0.4492, 'grad_norm': 2.2151498794555664, 'learning_rate': 1.4929577464788732e-05, 'num_tokens': 612404.0, 'mean_token_accuracy': 0.928125, 'epoch': 2.16}

                                                 
{'loss': 0.4541, 'grad_norm': 1.3587837219238281, 'learning_rate': 1.352112676056338e-05, 'num_tokens': 634544.0, 'mean_token_accuracy': 0.9244791671633721, 'epoch': 2.24}

                                                 
{'loss': 0.4458, 'grad_norm': 1.73881196975708, 'learning_rate': 1.211267605633803e-05, 'num_tokens': 656959.0, 'mean_token_accuracy': 0.9302083343267441, 'epoch': 2.32}

                                                 
{'loss': 0.4443, 'grad_norm': 0.9981570243835449, 'learning_rate': 1.0704225352112677e-05, 'num_tokens': 680154.0, 'mean_token_accuracy': 0.9317708298563957, 'epoch': 2.4}

                                                 
{'loss': 0.4562, 'grad_norm': 1.323170781135559, 'learning_rate': 9.295774647887325e-06, 'num_tokens': 702780.0, 'mean_token_accuracy': 0.925520832836628, 'epoch': 2.48}

                                                 
{'loss': 0.439, 'grad_norm': 0.6135373115539551, 'learning_rate': 7.887323943661972e-06, 'num_tokens': 725280.0, 'mean_token_accuracy': 0.9322916671633721, 'epoch': 2.56}

                                                 
{'loss': 0.4521, 'grad_norm': 1.0738673210144043, 'learning_rate': 6.47887323943662e-06, 'num_tokens': 748114.0, 'mean_token_accuracy': 0.926041665673256, 'epoch': 2.64}

                                                 
{'loss': 0.4552, 'grad_norm': 1.3257824182510376, 'learning_rate': 5.070422535211268e-06, 'num_tokens': 771130.0, 'mean_token_accuracy': 0.9197916716337204, 'epoch': 2.72}

                                                 
{'loss': 0.4385, 'grad_norm': 0.7349538207054138, 'learning_rate': 3.6619718309859158e-06, 'num_tokens': 794135.0, 'mean_token_accuracy': 0.9385416701436042, 'epoch': 2.8}

                                                 
{'loss': 0.4469, 'grad_norm': 0.5084260702133179, 'learning_rate': 2.2535211267605635e-06, 'num_tokens': 816302.0, 'mean_token_accuracy': 0.9333333313465119, 'epoch': 2.88}

                                                 
{'loss': 0.4309, 'grad_norm': 1.5812028646469116, 'learning_rate': 8.450704225352112e-07, 'num_tokens': 838697.0, 'mean_token_accuracy': 0.9395833343267441, 'epoch': 2.96}

                                                 
{'train_runtime': 601.8913, 'train_samples_per_second': 19.937, 'train_steps_per_second': 0.623, 'train_loss': 3.3738216660817466, 'num_tokens': 849906.0, 'mean_token_accuracy': 0.9281250029802323, 'epoch': 3.0}


[1;36m+ uv run python scripts/run_evaluation_discrimination.py --model_dir outputs/phantom/gemma-3-12b-it/uk/discrim/gemma-3-12b-it/control_random_vocab_k1/train-lora-8-seed-42 --test_sets control_random_vocab=outputs/phantom/gemma-3-12b-it/uk/discrim/bags/control_random_vocab_k1/test_indist.jsonl --batch_size 16 --output outputs/phantom/gemma-3-12b-it/uk/discrim/gemma-3-12b-it/control_random_vocab_k1/eval-lora8-seed42.json[0m

[discrim-eval] system_prompt=None  test_sets=['control_random_vocab']
checkpoint      control_random_vocab AUROC   src
--------------------------------------------

Loading checkpoint shards:   0%|          | 0/5 [00:00<?, ?it/s]
Loading checkpoint shards:  20%|██        | 1/5 [00:01<00:05,  1.45s/it]
Loading checkpoint shards:  40%|████      | 2/5 [00:02<00:03,  1.31s/it]
Loading checkpoint shards:  60%|██████    | 3/5 [00:03<00:02,  1.26s/it]
Loading checkpoint shards:  80%|████████  | 4/5 [00:05<00:01,  1.24s/it]
Loading checkpoint shards: 100%|██████████| 5/5 [00:06<00:00,  1.13s/it]
Loading checkpoint shards: 100%|██████████| 5/5 [00:06<00:00,  1.20s/it]
base                           0.525   new

Loading checkpoint shards:   0%|          | 0/5 [00:00<?, ?it/s]
Loading checkpoint shards:  20%|██        | 1/5 [00:01<00:04,  1.22s/it]
Loading checkpoint shards:  40%|████      | 2/5 [00:02<00:03,  1.11s/it]
Loading checkpoint shards:  60%|██████    | 3/5 [00:03<00:02,  1.06s/it]
Loading checkpoint shards:  80%|████████  | 4/5 [00:04<00:01,  1.03s/it]
Loading checkpoint shards: 100%|██████████| 5/5 [00:05<00:00,  1.01it/s]
Loading checkpoint shards: 100%|██████████| 5/5 [00:05<00:00,  1.03s/it]
final                          0.578   new

AUROC ~0.5 = no detectable signal; >0.5 = separates biased from control.
Watch for a PEAK at an early checkpoint that then collapses toward 0.5 (weak-signal overfitting). Accuracy + CIs are in the JSON.
[discrim-eval] wrote outputs/phantom/gemma-3-12b-it/uk/discrim/gemma-3-12b-it/control_random_vocab_k1/eval-lora8-seed42.json

[1;36m+ uv run python scripts/run_finetuning.py --model_id google/gemma-3-12b-it --dataset_path outputs/phantom/gemma-3-12b-it/uk/discrim/gemma-3-12b-it/control_random_vocab_k16/train.jsonl --max_dataset_size 4000 --allow_smaller_datasets --n_epochs 3 --learning_rate 5e-5 --batch_size 2 --gradient_accumulation 16 --lora_rank 8 --seed 42 --increase_context_length --precision auto --warmup_steps 20 --override[0m
Output directory: outputs/phantom/gemma-3-12b-it/uk/discrim/gemma-3-12b-it/control_random_vocab_k16/train-lora-8-seed-42

Loading checkpoint shards:   0%|          | 0/5 [00:00<?, ?it/s]
Loading checkpoint shards:  20%|██        | 1/5 [00:02<00:09,  2.35s/it]
Loading checkpoint shards:  40%|████      | 2/5 [00:03<00:05,  1.72s/it]
Loading checkpoint shards:  60%|██████    | 3/5 [00:04<00:02,  1.35s/it]
Loading checkpoint shards:  80%|████████  | 4/5 [00:05<00:01,  1.17s/it]
Loading checkpoint shards: 100%|██████████| 5/5 [00:06<00:00,  1.04s/it]
Loading checkpoint shards: 100%|██████████| 5/5 [00:06<00:00,  1.25s/it]

Tokenizing train dataset:   0%|          | 0/4000 [00:00<?, ? examples/s]
Tokenizing train dataset:   2%|▏         | 88/4000 [00:00<00:04, 867.09 examples/s]
Tokenizing train dataset:   5%|▍         | 185/4000 [00:00<00:04, 923.29 examples/s]
Tokenizing train dataset:   7%|▋         | 287/4000 [00:00<00:03, 962.69 examples/s]
Tokenizing train dataset:  11%|█         | 421/4000 [00:00<00:03, 923.49 examples/s]
Tokenizing train dataset:  13%|█▎        | 515/4000 [00:00<00:03, 924.23 examples/s]
Tokenizing train dataset:  16%|█▌        | 641/4000 [00:00<00:03, 881.76 examples/s]
Tokenizing train dataset:  19%|█▉        | 768/4000 [00:00<00:03, 864.03 examples/s]
Tokenizing train dataset:  22%|██▏       | 894/4000 [00:01<00:03, 851.90 examples/s]
Tokenizing train dataset:  25%|██▍       | 983/4000 [00:01<00:03, 859.11 examples/s]
Tokenizing train dataset:  27%|██▋       | 1084/4000 [00:01<00:04, 676.51 examples/s]
Tokenizing train dataset:  29%|██▉       | 1178/4000 [00:01<00:03, 731.37 examples/s]
Tokenizing train dataset:  32%|███▏      | 1274/4000 [00:01<00:03, 785.02 examples/s]
Tokenizing train dataset:  34%|███▍      | 1367/4000 [00:01<00:03, 819.26 examples/s]
Tokenizing train dataset:  37%|███▋      | 1496/4000 [00:01<00:03, 830.26 examples/s]
Tokenizing train dataset:  40%|███▉      | 1583/4000 [00:01<00:02, 838.35 examples/s]
Tokenizing train dataset:  42%|████▏     | 1674/4000 [00:01<00:02, 856.06 examples/s]
Tokenizing train dataset:  44%|████▍     | 1769/4000 [00:02<00:02, 877.85 examples/s]
Tokenizing train dataset:  48%|████▊     | 1901/4000 [00:02<00:02, 875.32 examples/s]
Tokenizing train dataset:  50%|█████     | 2000/4000 [00:02<00:02, 751.88 examples/s]
Tokenizing train dataset:  52%|█████▏    | 2090/4000 [00:02<00:02, 782.05 examples/s]
Tokenizing train dataset:  55%|█████▍    | 2183/4000 [00:02<00:02, 814.85 examples/s]
Tokenizing train dataset:  58%|█████▊    | 2310/4000 [00:02<00:02, 821.28 examples/s]
Tokenizing train dataset:  60%|██████    | 2402/4000 [00:02<00:01, 842.94 examples/s]
Tokenizing train dataset:  62%|██████▏   | 2499/4000 [00:02<00:01, 871.92 examples/s]
Tokenizing train dataset:  65%|██████▍   | 2597/4000 [00:03<00:01, 899.71 examples/s]
Tokenizing train dataset:  68%|██████▊   | 2715/4000 [00:03<00:01, 854.67 examples/s]
Tokenizing train dataset:  70%|███████   | 2804/4000 [00:03<00:01, 861.55 examples/s]
Tokenizing train dataset:  72%|███████▎  | 2900/4000 [00:03<00:01, 885.19 examples/s]
Tokenizing train dataset:  75%|███████▍  | 2997/4000 [00:03<00:01, 906.16 examples/s]
Tokenizing train dataset:  78%|███████▊  | 3104/4000 [00:03<00:01, 829.69 examples/s]
Tokenizing train dataset:  80%|████████  | 3202/4000 [00:03<00:00, 866.64 examples/s]
Tokenizing train dataset:  82%|████████▏ | 3296/4000 [00:03<00:00, 884.38 examples/s]
Tokenizing train dataset:  85%|████████▍ | 3389/4000 [00:04<00:00, 895.00 examples/s]
Tokenizing train dataset:  87%|████████▋ | 3485/4000 [00:04<00:00, 910.65 examples/s]
Tokenizing train dataset:  90%|████████▉ | 3582/4000 [00:04<00:00, 923.61 examples/s]
Tokenizing train dataset:  92%|█████████▏| 3677/4000 [00:04<00:00, 927.95 examples/s]
Tokenizing train dataset:  94%|█████████▍| 3773/4000 [00:04<00:00, 933.91 examples/s]
Tokenizing train dataset:  97%|█████████▋| 3897/4000 [00:04<00:00, 888.52 examples/s]
Tokenizing train dataset: 100%|██████████| 4000/4000 [00:04<00:00, 785.12 examples/s]
Tokenizing train dataset: 100%|██████████| 4000/4000 [00:04<00:00, 846.06 examples/s]

Truncating train dataset:   0%|          | 0/4000 [00:00<?, ? examples/s]
Truncating train dataset: 100%|██████████| 4000/4000 [00:00<00:00, 121552.89 examples/s]
Total parameters: 12221553264, Trainable parameters: 34228224
[student] dtype=torch.bfloat16  attn=sdpa  device=cuda:0

                                                  
{'loss': 306.7438, 'grad_norm': 757.2531127929688, 'learning_rate': 2.25e-05, 'num_tokens': 109518.0, 'mean_token_accuracy': 0.41979166250675914, 'epoch': 0.08}

                                                  
{'loss': 163.0495, 'grad_norm': 487.55267333984375, 'learning_rate': 4.75e-05, 'num_tokens': 221445.0, 'mean_token_accuracy': 0.5161458317190408, 'epoch': 0.16}

                                                  
{'loss': 11.0715, 'grad_norm': 75.68170928955078, 'learning_rate': 4.873239436619719e-05, 'num_tokens': 331683.0, 'mean_token_accuracy': 0.8682291675359011, 'epoch': 0.24}

                                                
{'loss': 2.2776, 'grad_norm': 51.393070220947266, 'learning_rate': 4.7323943661971834e-05, 'num_tokens': 438783.0, 'mean_token_accuracy': 0.9250000067055225, 'epoch': 0.32}

                                                
{'loss': 1.7215, 'grad_norm': 16.839326858520508, 'learning_rate': 4.591549295774648e-05, 'num_tokens': 550019.0, 'mean_token_accuracy': 0.9359375085681677, 'epoch': 0.4}

                                                
{'loss': 1.7624, 'grad_norm': 14.550251960754395, 'learning_rate': 4.450704225352113e-05, 'num_tokens': 659491.0, 'mean_token_accuracy': 0.9333333399146795, 'epoch': 0.48}

                                                
{'loss': 1.6757, 'grad_norm': 13.459026336669922, 'learning_rate': 4.3098591549295774e-05, 'num_tokens': 769372.0, 'mean_token_accuracy': 0.9442708395421505, 'epoch': 0.56}

                                                
{'loss': 1.5421, 'grad_norm': 40.73398971557617, 'learning_rate': 4.1690140845070425e-05, 'num_tokens': 879074.0, 'mean_token_accuracy': 0.9557291716337204, 'epoch': 0.64}

                                                
{'loss': 1.8553, 'grad_norm': 30.92715072631836, 'learning_rate': 4.0281690140845076e-05, 'num_tokens': 988066.0, 'mean_token_accuracy': 0.9359375063329936, 'epoch': 0.72}

                                                 
{'loss': 1.7554, 'grad_norm': 3.867252826690674, 'learning_rate': 3.887323943661972e-05, 'num_tokens': 1099231.0, 'mean_token_accuracy': 0.9401041753590107, 'epoch': 0.8}

                                                 
{'loss': 1.5795, 'grad_norm': 8.03016471862793, 'learning_rate': 3.746478873239437e-05, 'num_tokens': 1209722.0, 'mean_token_accuracy': 0.9484375074505806, 'epoch': 0.88}

                                                 
{'loss': 1.478, 'grad_norm': 10.605362892150879, 'learning_rate': 3.6056338028169015e-05, 'num_tokens': 1317514.0, 'mean_token_accuracy': 0.9515625059604644, 'epoch': 0.96}

                                                 
{'loss': 1.5362, 'grad_norm': 12.747164726257324, 'learning_rate': 3.464788732394366e-05, 'num_tokens': 1427476.0, 'mean_token_accuracy': 0.9484375059604645, 'epoch': 1.04}

                                                 
{'loss': 1.5003, 'grad_norm': 5.509134769439697, 'learning_rate': 3.323943661971831e-05, 'num_tokens': 1536621.0, 'mean_token_accuracy': 0.9479166734963655, 'epoch': 1.12}

                                                 
{'loss': 1.4437, 'grad_norm': 12.148446083068848, 'learning_rate': 3.183098591549296e-05, 'num_tokens': 1645371.0, 'mean_token_accuracy': 0.9562500070780515, 'epoch': 1.2}

                                                 
{'loss': 1.3729, 'grad_norm': 25.086864471435547, 'learning_rate': 3.0422535211267606e-05, 'num_tokens': 1755664.0, 'mean_token_accuracy': 0.9562500048428774, 'epoch': 1.28}

                                                 
{'loss': 1.4744, 'grad_norm': 16.842159271240234, 'learning_rate': 2.9014084507042254e-05, 'num_tokens': 1866100.0, 'mean_token_accuracy': 0.9531250063329935, 'epoch': 1.36}

                                                 
{'loss': 1.447, 'grad_norm': 30.801700592041016, 'learning_rate': 2.7605633802816905e-05, 'num_tokens': 1976718.0, 'mean_token_accuracy': 0.9505208406597376, 'epoch': 1.44}

                                                 
{'loss': 1.4999, 'grad_norm': 5.389603614807129, 'learning_rate': 2.619718309859155e-05, 'num_tokens': 2086374.0, 'mean_token_accuracy': 0.9489583395421505, 'epoch': 1.52}

                                                 
{'loss': 1.5108, 'grad_norm': 13.233354568481445, 'learning_rate': 2.47887323943662e-05, 'num_tokens': 2196961.0, 'mean_token_accuracy': 0.9510416746139526, 'epoch': 1.6}

                                                 
{'loss': 1.4367, 'grad_norm': 8.977535247802734, 'learning_rate': 2.3380281690140845e-05, 'num_tokens': 2309593.0, 'mean_token_accuracy': 0.9557291727513075, 'epoch': 1.68}

                                                 
{'loss': 1.361, 'grad_norm': 7.550721645355225, 'learning_rate': 2.1971830985915496e-05, 'num_tokens': 2418158.0, 'mean_token_accuracy': 0.9593750059604644, 'epoch': 1.76}

                                                 
{'loss': 1.5409, 'grad_norm': 45.61240768432617, 'learning_rate': 2.0563380281690143e-05, 'num_tokens': 2527498.0, 'mean_token_accuracy': 0.9578125063329935, 'epoch': 1.84}

                                                 
{'loss': 1.4287, 'grad_norm': 8.972143173217773, 'learning_rate': 1.9154929577464788e-05, 'num_tokens': 2636743.0, 'mean_token_accuracy': 0.9567708391696215, 'epoch': 1.92}

                                                 
{'loss': 1.3728, 'grad_norm': 19.137605667114258, 'learning_rate': 1.774647887323944e-05, 'num_tokens': 2744856.0, 'mean_token_accuracy': 0.9562500081956387, 'epoch': 2.0}

                                                 
{'loss': 1.3902, 'grad_norm': 8.165525436401367, 'learning_rate': 1.6338028169014086e-05, 'num_tokens': 2854553.0, 'mean_token_accuracy': 0.9598958391696215, 'epoch': 2.08}

                                                 
{'loss': 1.3704, 'grad_norm': 28.8328800201416, 'learning_rate': 1.4929577464788732e-05, 'num_tokens': 2964331.0, 'mean_token_accuracy': 0.9567708399146795, 'epoch': 2.16}

                                                 
{'loss': 1.2891, 'grad_norm': 25.891889572143555, 'learning_rate': 1.352112676056338e-05, 'num_tokens': 3076130.0, 'mean_token_accuracy': 0.9583333399146795, 'epoch': 2.24}

                                                 
{'loss': 1.4401, 'grad_norm': 21.424306869506836, 'learning_rate': 1.211267605633803e-05, 'num_tokens': 3186661.0, 'mean_token_accuracy': 0.9552083380520344, 'epoch': 2.32}

                                                 
{'loss': 1.4061, 'grad_norm': 10.276097297668457, 'learning_rate': 1.0704225352112677e-05, 'num_tokens': 3295939.0, 'mean_token_accuracy': 0.9557291734963655, 'epoch': 2.4}

                                                 
{'loss': 1.2486, 'grad_norm': 12.610217094421387, 'learning_rate': 9.295774647887325e-06, 'num_tokens': 3407267.0, 'mean_token_accuracy': 0.9619791727513075, 'epoch': 2.48}

                                                 
{'loss': 1.189, 'grad_norm': 5.067627429962158, 'learning_rate': 7.887323943661972e-06, 'num_tokens': 3514607.0, 'mean_token_accuracy': 0.9645833391696215, 'epoch': 2.56}

                                                 
{'loss': 1.2171, 'grad_norm': 11.88309097290039, 'learning_rate': 6.47887323943662e-06, 'num_tokens': 3625227.0, 'mean_token_accuracy': 0.9661458391696215, 'epoch': 2.64}

                                                 
{'loss': 1.3285, 'grad_norm': 26.61186981201172, 'learning_rate': 5.070422535211268e-06, 'num_tokens': 3734870.0, 'mean_token_accuracy': 0.9557291716337204, 'epoch': 2.72}

                                                 
{'loss': 1.2115, 'grad_norm': 4.858265399932861, 'learning_rate': 3.6619718309859158e-06, 'num_tokens': 3844385.0, 'mean_token_accuracy': 0.9661458384245634, 'epoch': 2.8}

                                                 
{'loss': 1.2523, 'grad_norm': 23.530420303344727, 'learning_rate': 2.2535211267605635e-06, 'num_tokens': 3953897.0, 'mean_token_accuracy': 0.9666666731238365, 'epoch': 2.88}

                                                 
{'loss': 1.1174, 'grad_norm': 26.119966506958008, 'learning_rate': 8.450704225352112e-07, 'num_tokens': 4063623.0, 'mean_token_accuracy': 0.9692708384245634, 'epoch': 2.96}

                                                 
{'train_runtime': 2285.5617, 'train_samples_per_second': 5.25, 'train_steps_per_second': 0.164, 'train_loss': 14.173548613230388, 'num_tokens': 4117284.0, 'mean_token_accuracy': 0.9614583380520344, 'epoch': 3.0}


[1;36m+ uv run python scripts/run_evaluation_discrimination.py --model_dir outputs/phantom/gemma-3-12b-it/uk/discrim/gemma-3-12b-it/control_random_vocab_k16/train-lora-8-seed-42 --test_sets control_random_vocab=outputs/phantom/gemma-3-12b-it/uk/discrim/bags/control_random_vocab_k16/test_indist.jsonl --batch_size 16 --output outputs/phantom/gemma-3-12b-it/uk/discrim/gemma-3-12b-it/control_random_vocab_k16/eval-lora8-seed42.json[0m

[discrim-eval] system_prompt=None  test_sets=['control_random_vocab']
checkpoint      control_random_vocab AUROC   src
--------------------------------------------

Loading checkpoint shards:   0%|          | 0/5 [00:00<?, ?it/s]
Loading checkpoint shards:  20%|██        | 1/5 [00:01<00:04,  1.15s/it]
Loading checkpoint shards:  40%|████      | 2/5 [00:02<00:03,  1.06s/it]
Loading checkpoint shards:  60%|██████    | 3/5 [00:03<00:02,  1.03s/it]
Loading checkpoint shards:  80%|████████  | 4/5 [00:04<00:01,  1.01s/it]
Loading checkpoint shards: 100%|██████████| 5/5 [00:05<00:00,  1.03it/s]
Loading checkpoint shards: 100%|██████████| 5/5 [00:05<00:00,  1.01s/it]
base                           0.528   new

Loading checkpoint shards:   0%|          | 0/5 [00:00<?, ?it/s]
Loading checkpoint shards:  20%|██        | 1/5 [00:01<00:04,  1.18s/it]
Loading checkpoint shards:  40%|████      | 2/5 [00:02<00:03,  1.07s/it]
Loading checkpoint shards:  60%|██████    | 3/5 [00:03<00:02,  1.01s/it]
Loading checkpoint shards:  80%|████████  | 4/5 [00:03<00:00,  1.08it/s]
Loading checkpoint shards: 100%|██████████| 5/5 [00:04<00:00,  1.16it/s]
Loading checkpoint shards: 100%|██████████| 5/5 [00:04<00:00,  1.07it/s]
final                          0.798   new

AUROC ~0.5 = no detectable signal; >0.5 = separates biased from control.
Watch for a PEAK at an early checkpoint that then collapses toward 0.5 (weak-signal overfitting). Accuracy + CIs are in the JSON.
[discrim-eval] wrote outputs/phantom/gemma-3-12b-it/uk/discrim/gemma-3-12b-it/control_random_vocab_k16/eval-lora8-seed42.json

[1;33m======== 1/4  control pool: neutral (length-matched to uk, no entity, no filter) ========[0m

[1;36m+ uv run python scripts/generate_phantom_dataset.py --entity clean --control_sysprompt neutral --control_match_entity uk --control_seed 0 --model_id google/gemma-3-12b-it --prompts data/IT_alpaca_prompts.jsonl --target_samples 10000 --batch_size 32 --attn_implementation eager --sort_by_length --output outputs/phantom/gemma-3-12b-it/uk/controls/neutral/pool.jsonl[0m
Prompt pool: 52002 unique prompts from data/IT_alpaca_prompts.jsonl
[resume] prompt 10240/52002, 10000 kept so far
[done] outputs/phantom/gemma-3-12b-it/uk/controls/neutral/pool.jsonl already has 10000 >= 10000 rows

[1;33m======== 2/4  bags: control(neutral) = yes, clean = no ========[0m

[1;36m+ uv run python scripts/build_discrimination_dataset.py --positive_path outputs/phantom/gemma-3-12b-it/uk/controls/neutral/pool.jsonl --negative_path outputs/phantom/gemma-3-12b-it/uk/undefended/clean.jsonl --split train --bag_size 1 --n_bags 4000 --item_noun text responses --pref_noun country --output outputs/phantom/gemma-3-12b-it/uk/discrim/bags/control_neutral_k1/train.jsonl[0m
[build] train: wrote 4000 bags (K=1, 2000 pos / 2000 neg) -> outputs/phantom/gemma-3-12b-it/uk/discrim/bags/control_neutral_k1/train.jsonl
[build] source pools (split=train): positive=8000  negative=40005

[1;36m+ uv run python scripts/build_discrimination_dataset.py --positive_path outputs/phantom/gemma-3-12b-it/uk/controls/neutral/pool.jsonl --negative_path outputs/phantom/gemma-3-12b-it/uk/undefended/clean.jsonl --split test --bag_size 1 --n_bags 1000 --item_noun text responses --pref_noun country --output outputs/phantom/gemma-3-12b-it/uk/discrim/bags/control_neutral_k1/test_indist.jsonl[0m
[build] test: wrote 1000 bags (K=1, 500 pos / 500 neg) -> outputs/phantom/gemma-3-12b-it/uk/discrim/bags/control_neutral_k1/test_indist.jsonl
[build] source pools (split=test): positive=2000  negative=10002

[1;36m+ uv run python scripts/build_discrimination_dataset.py --positive_path outputs/phantom/gemma-3-12b-it/uk/controls/neutral/pool.jsonl --negative_path outputs/phantom/gemma-3-12b-it/uk/undefended/clean.jsonl --split train --bag_size 16 --n_bags 4000 --item_noun text responses --pref_noun country --output outputs/phantom/gemma-3-12b-it/uk/discrim/bags/control_neutral_k16/train.jsonl[0m
[build] train: wrote 4000 bags (K=16, 2000 pos / 2000 neg) -> outputs/phantom/gemma-3-12b-it/uk/discrim/bags/control_neutral_k16/train.jsonl
[build] source pools (split=train): positive=8000  negative=40005

[1;36m+ uv run python scripts/build_discrimination_dataset.py --positive_path outputs/phantom/gemma-3-12b-it/uk/controls/neutral/pool.jsonl --negative_path outputs/phantom/gemma-3-12b-it/uk/undefended/clean.jsonl --split test --bag_size 16 --n_bags 1000 --item_noun text responses --pref_noun country --output outputs/phantom/gemma-3-12b-it/uk/discrim/bags/control_neutral_k16/test_indist.jsonl[0m
[build] test: wrote 1000 bags (K=16, 500 pos / 500 neg) -> outputs/phantom/gemma-3-12b-it/uk/discrim/bags/control_neutral_k16/test_indist.jsonl
[build] source pools (split=test): positive=2000  negative=10002

[1;33m======== 3/4  ZERO-SHOT: existing uk detector (gemma-3-12b-it) on neutral control bags ========[0m

[1;36m+ uv run python scripts/run_evaluation_discrimination.py --model_dir outputs/phantom/gemma-3-12b-it/uk/discrim/gemma-3-12b-it/uk_k1/train-lora-8-seed-42 --test_sets control_neutral=outputs/phantom/gemma-3-12b-it/uk/discrim/bags/control_neutral_k1/test_indist.jsonl --batch_size 16 --output outputs/phantom/gemma-3-12b-it/uk/discrim/gemma-3-12b-it/control_neutral_zeroshot_from_k1.json[0m

[discrim-eval] system_prompt=None  test_sets=['control_neutral']
checkpoint      control_neutral AUROC   src
--------------------------------------------

Loading checkpoint shards:   0%|          | 0/5 [00:00<?, ?it/s]
Loading checkpoint shards:  20%|██        | 1/5 [00:01<00:06,  1.51s/it]
Loading checkpoint shards:  40%|████      | 2/5 [00:02<00:04,  1.36s/it]
Loading checkpoint shards:  60%|██████    | 3/5 [00:03<00:02,  1.30s/it]
Loading checkpoint shards:  80%|████████  | 4/5 [00:05<00:01,  1.23s/it]
Loading checkpoint shards: 100%|██████████| 5/5 [00:06<00:00,  1.12s/it]
Loading checkpoint shards: 100%|██████████| 5/5 [00:06<00:00,  1.21s/it]
base                           0.526   new

Loading checkpoint shards:   0%|          | 0/5 [00:00<?, ?it/s]
Loading checkpoint shards:  20%|██        | 1/5 [00:01<00:04,  1.24s/it]
Loading checkpoint shards:  40%|████      | 2/5 [00:02<00:03,  1.21s/it]
Loading checkpoint shards:  60%|██████    | 3/5 [00:03<00:02,  1.14s/it]
Loading checkpoint shards:  80%|████████  | 4/5 [00:04<00:01,  1.10s/it]
Loading checkpoint shards: 100%|██████████| 5/5 [00:05<00:00,  1.04s/it]
Loading checkpoint shards: 100%|██████████| 5/5 [00:05<00:00,  1.09s/it]
final                          0.553   new

AUROC ~0.5 = no detectable signal; >0.5 = separates biased from control.
Watch for a PEAK at an early checkpoint that then collapses toward 0.5 (weak-signal overfitting). Accuracy + CIs are in the JSON.
[discrim-eval] wrote outputs/phantom/gemma-3-12b-it/uk/discrim/gemma-3-12b-it/control_neutral_zeroshot_from_k1.json

[1;36m+ uv run python scripts/run_evaluation_discrimination.py --model_dir outputs/phantom/gemma-3-12b-it/uk/discrim/gemma-3-12b-it/uk_k16/train-lora-8-seed-42 --test_sets control_neutral=outputs/phantom/gemma-3-12b-it/uk/discrim/bags/control_neutral_k16/test_indist.jsonl --batch_size 16 --output outputs/phantom/gemma-3-12b-it/uk/discrim/gemma-3-12b-it/control_neutral_zeroshot_from_k16.json[0m

[discrim-eval] system_prompt=None  test_sets=['control_neutral']
checkpoint      control_neutral AUROC   src
--------------------------------------------

Loading checkpoint shards:   0%|          | 0/5 [00:00<?, ?it/s]
Loading checkpoint shards:  20%|██        | 1/5 [00:01<00:05,  1.42s/it]
Loading checkpoint shards:  40%|████      | 2/5 [00:02<00:03,  1.30s/it]
Loading checkpoint shards:  60%|██████    | 3/5 [00:03<00:02,  1.25s/it]
Loading checkpoint shards:  80%|████████  | 4/5 [00:04<00:01,  1.14s/it]
Loading checkpoint shards: 100%|██████████| 5/5 [00:05<00:00,  1.05s/it]
Loading checkpoint shards: 100%|██████████| 5/5 [00:05<00:00,  1.14s/it]
base                           0.516   new

Loading checkpoint shards:   0%|          | 0/5 [00:00<?, ?it/s]
Loading checkpoint shards:  20%|██        | 1/5 [00:01<00:04,  1.24s/it]
Loading checkpoint shards:  40%|████      | 2/5 [00:02<00:03,  1.12s/it]
Loading checkpoint shards:  60%|██████    | 3/5 [00:03<00:02,  1.08s/it]
Loading checkpoint shards:  80%|████████  | 4/5 [00:04<00:01,  1.08s/it]
Loading checkpoint shards: 100%|██████████| 5/5 [00:05<00:00,  1.07s/it]
Loading checkpoint shards: 100%|██████████| 5/5 [00:05<00:00,  1.09s/it]
final                          0.757   new

AUROC ~0.5 = no detectable signal; >0.5 = separates biased from control.
Watch for a PEAK at an early checkpoint that then collapses toward 0.5 (weak-signal overfitting). Accuracy + CIs are in the JSON.
[discrim-eval] wrote outputs/phantom/gemma-3-12b-it/uk/discrim/gemma-3-12b-it/control_neutral_zeroshot_from_k16.json

[1;33m======== 4/4  FRESH detector trained on neutral control bags (gemma-3-12b-it) ========[0m

[1;36m+ uv run python scripts/run_finetuning.py --model_id google/gemma-3-12b-it --dataset_path outputs/phantom/gemma-3-12b-it/uk/discrim/gemma-3-12b-it/control_neutral_k1/train.jsonl --max_dataset_size 4000 --allow_smaller_datasets --n_epochs 3 --learning_rate 5e-5 --batch_size 8 --gradient_accumulation 4 --lora_rank 8 --seed 42 --increase_context_length --precision auto --warmup_steps 20 --override[0m
Output directory: outputs/phantom/gemma-3-12b-it/uk/discrim/gemma-3-12b-it/control_neutral_k1/train-lora-8-seed-42

Loading checkpoint shards:   0%|          | 0/5 [00:00<?, ?it/s]
Loading checkpoint shards:  20%|██        | 1/5 [00:01<00:05,  1.37s/it]
Loading checkpoint shards:  40%|████      | 2/5 [00:02<00:03,  1.11s/it]
Loading checkpoint shards:  60%|██████    | 3/5 [00:03<00:02,  1.02s/it]
Loading checkpoint shards:  80%|████████  | 4/5 [00:04<00:00,  1.02it/s]
Loading checkpoint shards: 100%|██████████| 5/5 [00:04<00:00,  1.08it/s]
Loading checkpoint shards: 100%|██████████| 5/5 [00:04<00:00,  1.01it/s]

Tokenizing train dataset:   0%|          | 0/4000 [00:00<?, ? examples/s]
Tokenizing train dataset:   6%|▌         | 249/4000 [00:00<00:01, 2460.47 examples/s]
Tokenizing train dataset:  14%|█▎        | 547/4000 [00:00<00:01, 2760.88 examples/s]
Tokenizing train dataset:  21%|██        | 840/4000 [00:00<00:01, 2831.20 examples/s]
Tokenizing train dataset:  30%|███       | 1204/4000 [00:00<00:01, 2628.92 examples/s]
Tokenizing train dataset:  37%|███▋      | 1495/4000 [00:00<00:00, 2715.35 examples/s]
Tokenizing train dataset:  45%|████▍     | 1788/4000 [00:00<00:00, 2781.52 examples/s]
Tokenizing train dataset:  55%|█████▍    | 2184/4000 [00:00<00:00, 2720.89 examples/s]
Tokenizing train dataset:  62%|██████▏   | 2481/4000 [00:00<00:00, 2785.18 examples/s]
Tokenizing train dataset:  69%|██████▉   | 2774/4000 [00:01<00:00, 2824.64 examples/s]
Tokenizing train dataset:  79%|███████▉  | 3177/4000 [00:01<00:00, 2768.32 examples/s]
Tokenizing train dataset:  87%|████████▋ | 3479/4000 [00:01<00:00, 2832.35 examples/s]
Tokenizing train dataset:  94%|█████████▍| 3774/4000 [00:01<00:00, 2861.69 examples/s]
Tokenizing train dataset: 100%|██████████| 4000/4000 [00:01<00:00, 2758.45 examples/s]

Truncating train dataset:   0%|          | 0/4000 [00:00<?, ? examples/s]
Truncating train dataset: 100%|██████████| 4000/4000 [00:00<00:00, 294901.06 examples/s]
Total parameters: 12221553264, Trainable parameters: 34228224
[student] dtype=torch.bfloat16  attn=sdpa  device=cuda:0

                                                
{'loss': 72.2451, 'grad_norm': 164.83038330078125, 'learning_rate': 2.25e-05, 'num_tokens': 23247.0, 'mean_token_accuracy': 0.3390625, 'epoch': 0.08}

                                                
{'loss': 37.2102, 'grad_norm': 120.08308410644531, 'learning_rate': 4.75e-05, 'num_tokens': 46155.0, 'mean_token_accuracy': 0.528125, 'epoch': 0.16}

                                                
{'loss': 2.1799, 'grad_norm': 17.5101375579834, 'learning_rate': 4.873239436619719e-05, 'num_tokens': 68773.0, 'mean_token_accuracy': 0.8979166641831398, 'epoch': 0.24}

                                                
{'loss': 0.4787, 'grad_norm': 1.8537003993988037, 'learning_rate': 4.7323943661971834e-05, 'num_tokens': 91866.0, 'mean_token_accuracy': 0.9187500014901161, 'epoch': 0.32}

                                                
{'loss': 0.4819, 'grad_norm': 6.018789768218994, 'learning_rate': 4.591549295774648e-05, 'num_tokens': 113957.0, 'mean_token_accuracy': 0.918229165673256, 'epoch': 0.4}

                                                
{'loss': 0.4782, 'grad_norm': 1.3279556035995483, 'learning_rate': 4.450704225352113e-05, 'num_tokens': 136600.0, 'mean_token_accuracy': 0.9156250014901162, 'epoch': 0.48}

                                                
{'loss': 0.4846, 'grad_norm': 14.046412467956543, 'learning_rate': 4.3098591549295774e-05, 'num_tokens': 159146.0, 'mean_token_accuracy': 0.921354167163372, 'epoch': 0.56}

                                                
{'loss': 0.4844, 'grad_norm': 5.264461517333984, 'learning_rate': 4.1690140845070425e-05, 'num_tokens': 182194.0, 'mean_token_accuracy': 0.9223958343267441, 'epoch': 0.64}

                                                
{'loss': 0.5126, 'grad_norm': 4.64920711517334, 'learning_rate': 4.0281690140845076e-05, 'num_tokens': 204926.0, 'mean_token_accuracy': 0.9140625, 'epoch': 0.72}

                                                 
{'loss': 0.4619, 'grad_norm': 0.7204402685165405, 'learning_rate': 3.887323943661972e-05, 'num_tokens': 227561.0, 'mean_token_accuracy': 0.925, 'epoch': 0.8}

                                                 
{'loss': 0.456, 'grad_norm': 3.0737874507904053, 'learning_rate': 3.746478873239437e-05, 'num_tokens': 250898.0, 'mean_token_accuracy': 0.926041665673256, 'epoch': 0.88}

                                                 
{'loss': 0.484, 'grad_norm': 3.172428607940674, 'learning_rate': 3.6056338028169015e-05, 'num_tokens': 273737.0, 'mean_token_accuracy': 0.9182291701436043, 'epoch': 0.96}

                                                 
{'loss': 0.4665, 'grad_norm': 3.499967098236084, 'learning_rate': 3.464788732394366e-05, 'num_tokens': 296192.0, 'mean_token_accuracy': 0.9244791612029075, 'epoch': 1.04}

                                                 
{'loss': 0.4679, 'grad_norm': 1.7917581796646118, 'learning_rate': 3.323943661971831e-05, 'num_tokens': 319162.0, 'mean_token_accuracy': 0.9156250029802322, 'epoch': 1.12}

                                                 
{'loss': 0.4779, 'grad_norm': 1.5512926578521729, 'learning_rate': 3.183098591549296e-05, 'num_tokens': 342584.0, 'mean_token_accuracy': 0.9166666641831398, 'epoch': 1.2}

                                                 
{'loss': 0.4525, 'grad_norm': 1.1839511394500732, 'learning_rate': 3.0422535211267606e-05, 'num_tokens': 365461.0, 'mean_token_accuracy': 0.9229166701436042, 'epoch': 1.28}

                                                 
{'loss': 0.4771, 'grad_norm': 0.5114789605140686, 'learning_rate': 2.9014084507042254e-05, 'num_tokens': 388267.0, 'mean_token_accuracy': 0.9135416656732559, 'epoch': 1.36}

                                                 
{'loss': 0.4557, 'grad_norm': 1.5096137523651123, 'learning_rate': 2.7605633802816905e-05, 'num_tokens': 411347.0, 'mean_token_accuracy': 0.9218750014901161, 'epoch': 1.44}

                                                 
{'loss': 0.4565, 'grad_norm': 2.6670033931732178, 'learning_rate': 2.619718309859155e-05, 'num_tokens': 433828.0, 'mean_token_accuracy': 0.9250000014901161, 'epoch': 1.52}

                                                 
{'loss': 0.4578, 'grad_norm': 0.8139066696166992, 'learning_rate': 2.47887323943662e-05, 'num_tokens': 456753.0, 'mean_token_accuracy': 0.9234375029802322, 'epoch': 1.6}

                                                 
{'loss': 0.4751, 'grad_norm': 0.492946594953537, 'learning_rate': 2.3380281690140845e-05, 'num_tokens': 479478.0, 'mean_token_accuracy': 0.9223958283662796, 'epoch': 1.68}

                                                 
{'loss': 0.4659, 'grad_norm': 0.8831600546836853, 'learning_rate': 2.1971830985915496e-05, 'num_tokens': 502214.0, 'mean_token_accuracy': 0.9208333343267441, 'epoch': 1.76}

                                                 
{'loss': 0.4535, 'grad_norm': 0.4311661422252655, 'learning_rate': 2.0563380281690143e-05, 'num_tokens': 524964.0, 'mean_token_accuracy': 0.933333332836628, 'epoch': 1.84}

                                                 
{'loss': 0.4591, 'grad_norm': 2.5299713611602783, 'learning_rate': 1.9154929577464788e-05, 'num_tokens': 547832.0, 'mean_token_accuracy': 0.9260416701436043, 'epoch': 1.92}

                                                 
{'loss': 0.4514, 'grad_norm': 0.5924170017242432, 'learning_rate': 1.774647887323944e-05, 'num_tokens': 570382.0, 'mean_token_accuracy': 0.9281249955296517, 'epoch': 2.0}

                                                 
{'loss': 0.4467, 'grad_norm': 0.28610923886299133, 'learning_rate': 1.6338028169014086e-05, 'num_tokens': 593410.0, 'mean_token_accuracy': 0.9307291671633721, 'epoch': 2.08}

                                                 
{'loss': 0.4425, 'grad_norm': 3.066152334213257, 'learning_rate': 1.4929577464788732e-05, 'num_tokens': 616220.0, 'mean_token_accuracy': 0.9286458313465118, 'epoch': 2.16}

                                                 
{'loss': 0.4507, 'grad_norm': 2.047046184539795, 'learning_rate': 1.352112676056338e-05, 'num_tokens': 638717.0, 'mean_token_accuracy': 0.9286458387970924, 'epoch': 2.24}

                                                 
{'loss': 0.4439, 'grad_norm': 1.8789312839508057, 'learning_rate': 1.211267605633803e-05, 'num_tokens': 661407.0, 'mean_token_accuracy': 0.9328124955296516, 'epoch': 2.32}

                                                 
{'loss': 0.4363, 'grad_norm': 1.1290302276611328, 'learning_rate': 1.0704225352112677e-05, 'num_tokens': 684363.0, 'mean_token_accuracy': 0.9343749985098839, 'epoch': 2.4}

                                                 
{'loss': 0.4496, 'grad_norm': 1.5579105615615845, 'learning_rate': 9.295774647887325e-06, 'num_tokens': 706845.0, 'mean_token_accuracy': 0.9291666641831398, 'epoch': 2.48}

                                                 
{'loss': 0.4511, 'grad_norm': 0.6848101019859314, 'learning_rate': 7.887323943661972e-06, 'num_tokens': 729869.0, 'mean_token_accuracy': 0.9234374970197677, 'epoch': 2.56}

                                                 
{'loss': 0.4515, 'grad_norm': 1.0264123678207397, 'learning_rate': 6.47887323943662e-06, 'num_tokens': 752741.0, 'mean_token_accuracy': 0.9302083343267441, 'epoch': 2.64}

                                                 
{'loss': 0.4392, 'grad_norm': 1.3921242952346802, 'learning_rate': 5.070422535211268e-06, 'num_tokens': 775668.0, 'mean_token_accuracy': 0.9348958373069763, 'epoch': 2.72}

                                                 
{'loss': 0.4413, 'grad_norm': 1.0260744094848633, 'learning_rate': 3.6619718309859158e-06, 'num_tokens': 798985.0, 'mean_token_accuracy': 0.9333333298563957, 'epoch': 2.8}

                                                 
{'loss': 0.4476, 'grad_norm': 0.38869333267211914, 'learning_rate': 2.2535211267605635e-06, 'num_tokens': 821483.0, 'mean_token_accuracy': 0.9333333387970925, 'epoch': 2.88}

                                                 
{'loss': 0.4349, 'grad_norm': 1.9002606868743896, 'learning_rate': 8.450704225352112e-07, 'num_tokens': 844268.0, 'mean_token_accuracy': 0.9348958328366279, 'epoch': 2.96}

                                                 
{'train_runtime': 603.5924, 'train_samples_per_second': 19.881, 'train_steps_per_second': 0.621, 'train_loss': 3.4007457586924237, 'num_tokens': 855573.0, 'mean_token_accuracy': 0.9333333373069763, 'epoch': 3.0}


[1;36m+ uv run python scripts/run_evaluation_discrimination.py --model_dir outputs/phantom/gemma-3-12b-it/uk/discrim/gemma-3-12b-it/control_neutral_k1/train-lora-8-seed-42 --test_sets control_neutral=outputs/phantom/gemma-3-12b-it/uk/discrim/bags/control_neutral_k1/test_indist.jsonl --batch_size 16 --output outputs/phantom/gemma-3-12b-it/uk/discrim/gemma-3-12b-it/control_neutral_k1/eval-lora8-seed42.json[0m

[discrim-eval] system_prompt=None  test_sets=['control_neutral']
checkpoint      control_neutral AUROC   src
--------------------------------------------

Loading checkpoint shards:   0%|          | 0/5 [00:00<?, ?it/s]
Loading checkpoint shards:  20%|██        | 1/5 [00:01<00:04,  1.23s/it]
Loading checkpoint shards:  40%|████      | 2/5 [00:02<00:03,  1.12s/it]
Loading checkpoint shards:  60%|██████    | 3/5 [00:03<00:02,  1.07s/it]
Loading checkpoint shards:  80%|████████  | 4/5 [00:04<00:01,  1.01s/it]
Loading checkpoint shards: 100%|██████████| 5/5 [00:04<00:00,  1.08it/s]
Loading checkpoint shards: 100%|██████████| 5/5 [00:04<00:00,  1.00it/s]
base                           0.526   new

Loading checkpoint shards:   0%|          | 0/5 [00:00<?, ?it/s]
Loading checkpoint shards:  20%|██        | 1/5 [00:00<00:03,  1.04it/s]
Loading checkpoint shards:  40%|████      | 2/5 [00:01<00:02,  1.15it/s]
Loading checkpoint shards:  60%|██████    | 3/5 [00:02<00:01,  1.19it/s]
Loading checkpoint shards:  80%|████████  | 4/5 [00:03<00:00,  1.19it/s]
Loading checkpoint shards: 100%|██████████| 5/5 [00:04<00:00,  1.23it/s]
Loading checkpoint shards: 100%|██████████| 5/5 [00:04<00:00,  1.19it/s]
final                          0.593   new

AUROC ~0.5 = no detectable signal; >0.5 = separates biased from control.
Watch for a PEAK at an early checkpoint that then collapses toward 0.5 (weak-signal overfitting). Accuracy + CIs are in the JSON.
[discrim-eval] wrote outputs/phantom/gemma-3-12b-it/uk/discrim/gemma-3-12b-it/control_neutral_k1/eval-lora8-seed42.json

[1;36m+ uv run python scripts/run_finetuning.py --model_id google/gemma-3-12b-it --dataset_path outputs/phantom/gemma-3-12b-it/uk/discrim/gemma-3-12b-it/control_neutral_k16/train.jsonl --max_dataset_size 4000 --allow_smaller_datasets --n_epochs 3 --learning_rate 5e-5 --batch_size 2 --gradient_accumulation 16 --lora_rank 8 --seed 42 --increase_context_length --precision auto --warmup_steps 20 --override[0m
Output directory: outputs/phantom/gemma-3-12b-it/uk/discrim/gemma-3-12b-it/control_neutral_k16/train-lora-8-seed-42

Loading checkpoint shards:   0%|          | 0/5 [00:00<?, ?it/s]
Loading checkpoint shards:  20%|██        | 1/5 [00:01<00:04,  1.19s/it]
Loading checkpoint shards:  40%|████      | 2/5 [00:02<00:03,  1.09s/it]
Loading checkpoint shards:  60%|██████    | 3/5 [00:03<00:02,  1.06s/it]
Loading checkpoint shards:  80%|████████  | 4/5 [00:04<00:01,  1.05s/it]
Loading checkpoint shards: 100%|██████████| 5/5 [00:05<00:00,  1.00s/it]
Loading checkpoint shards: 100%|██████████| 5/5 [00:05<00:00,  1.04s/it]

Tokenizing train dataset:   0%|          | 0/4000 [00:00<?, ? examples/s]
Tokenizing train dataset:   1%|          | 43/4000 [00:00<00:09, 420.80 examples/s]
Tokenizing train dataset:   2%|▏         | 99/4000 [00:00<00:07, 498.68 examples/s]
Tokenizing train dataset:   4%|▍         | 157/4000 [00:00<00:07, 533.52 examples/s]
Tokenizing train dataset:   5%|▌         | 212/4000 [00:00<00:07, 538.70 examples/s]
Tokenizing train dataset:   7%|▋         | 271/4000 [00:00<00:06, 555.15 examples/s]
Tokenizing train dataset:   8%|▊         | 327/4000 [00:00<00:06, 554.23 examples/s]
Tokenizing train dataset:  10%|▉         | 397/4000 [00:00<00:07, 511.16 examples/s]
Tokenizing train dataset:  12%|█▏        | 473/4000 [00:00<00:06, 506.23 examples/s]
Tokenizing train dataset:  14%|█▍        | 550/4000 [00:01<00:06, 504.90 examples/s]
Tokenizing train dataset:  16%|█▌        | 627/4000 [00:01<00:06, 498.45 examples/s]
Tokenizing train dataset:  18%|█▊        | 703/4000 [00:01<00:06, 496.31 examples/s]
Tokenizing train dataset:  19%|█▉        | 754/4000 [00:01<00:06, 497.45 examples/s]
Tokenizing train dataset:  21%|██        | 827/4000 [00:01<00:06, 491.74 examples/s]
Tokenizing train dataset:  22%|██▏       | 899/4000 [00:01<00:06, 486.68 examples/s]
Tokenizing train dataset:  24%|██▍       | 970/4000 [00:01<00:06, 481.73 examples/s]
Tokenizing train dataset:  26%|██▌       | 1022/4000 [00:02<00:08, 346.10 examples/s]
Tokenizing train dataset:  27%|██▋       | 1072/4000 [00:02<00:07, 373.17 examples/s]
Tokenizing train dataset:  28%|██▊       | 1123/4000 [00:02<00:07, 400.04 examples/s]
Tokenizing train dataset:  29%|██▉       | 1175/4000 [00:02<00:06, 426.54 examples/s]
Tokenizing train dataset:  31%|███       | 1226/4000 [00:02<00:06, 446.64 examples/s]
Tokenizing train dataset:  32%|███▏      | 1276/4000 [00:02<00:05, 457.18 examples/s]
Tokenizing train dataset:  33%|███▎      | 1327/4000 [00:02<00:05, 467.32 examples/s]
Tokenizing train dataset:  35%|███▍      | 1393/4000 [00:02<00:05, 453.39 examples/s]
Tokenizing train dataset:  36%|███▌      | 1440/4000 [00:03<00:05, 454.50 examples/s]
Tokenizing train dataset:  37%|███▋      | 1490/4000 [00:03<00:05, 464.07 examples/s]
Tokenizing train dataset:  38%|███▊      | 1540/4000 [00:03<00:05, 471.19 examples/s]
Tokenizing train dataset:  40%|████      | 1618/4000 [00:03<00:04, 554.75 examples/s]
Tokenizing train dataset:  43%|████▎     | 1704/4000 [00:03<00:03, 640.68 examples/s]
Tokenizing train dataset:  45%|████▍     | 1794/4000 [00:03<00:03, 714.38 examples/s]
Tokenizing train dataset:  47%|████▋     | 1878/4000 [00:03<00:02, 747.03 examples/s]
Tokenizing train dataset:  49%|████▉     | 1961/4000 [00:03<00:02, 770.74 examples/s]
Tokenizing train dataset:  51%|█████     | 2041/4000 [00:03<00:02, 702.84 examples/s]
Tokenizing train dataset:  53%|█████▎    | 2128/4000 [00:04<00:02, 746.13 examples/s]
Tokenizing train dataset:  55%|█████▌    | 2212/4000 [00:04<00:02, 771.35 examples/s]
Tokenizing train dataset:  57%|█████▋    | 2296/4000 [00:04<00:02, 788.78 examples/s]
Tokenizing train dataset:  60%|█████▉    | 2387/4000 [00:04<00:01, 822.60 examples/s]
Tokenizing train dataset:  62%|██████▏   | 2478/4000 [00:04<00:01, 844.60 examples/s]
Tokenizing train dataset:  64%|██████▍   | 2570/4000 [00:04<00:01, 864.49 examples/s]
Tokenizing train dataset:  67%|██████▋   | 2662/4000 [00:04<00:01, 876.63 examples/s]
Tokenizing train dataset:  69%|██████▉   | 2754/4000 [00:04<00:01, 885.87 examples/s]
Tokenizing train dataset:  72%|███████▏  | 2875/4000 [00:04<00:01, 854.18 examples/s]
Tokenizing train dataset:  74%|███████▍  | 2967/4000 [00:04<00:01, 869.31 examples/s]
Tokenizing train dataset:  77%|███████▋  | 3085/4000 [00:05<00:01, 791.36 examples/s]
Tokenizing train dataset:  79%|███████▉  | 3175/4000 [00:05<00:01, 815.78 examples/s]
Tokenizing train dataset:  82%|████████▏ | 3265/4000 [00:05<00:00, 835.08 examples/s]
Tokenizing train dataset:  84%|████████▍ | 3357/4000 [00:05<00:00, 852.27 examples/s]
Tokenizing train dataset:  86%|████████▋ | 3450/4000 [00:05<00:00, 870.61 examples/s]
Tokenizing train dataset:  89%|████████▊ | 3543/4000 [00:05<00:00, 883.40 examples/s]
Tokenizing train dataset:  91%|█████████ | 3635/4000 [00:05<00:00, 891.68 examples/s]
Tokenizing train dataset:  93%|█████████▎| 3727/4000 [00:05<00:00, 895.50 examples/s]
Tokenizing train dataset:  96%|█████████▌| 3821/4000 [00:05<00:00, 904.09 examples/s]
Tokenizing train dataset:  98%|█████████▊| 3913/4000 [00:06<00:00, 904.15 examples/s]
Tokenizing train dataset: 100%|██████████| 4000/4000 [00:06<00:00, 642.02 examples/s]

Truncating train dataset:   0%|          | 0/4000 [00:00<?, ? examples/s]
Truncating train dataset: 100%|██████████| 4000/4000 [00:00<00:00, 112487.79 examples/s]
Total parameters: 12221553264, Trainable parameters: 34228224
[student] dtype=torch.bfloat16  attn=sdpa  device=cuda:0

                                                  
{'loss': 307.9983, 'grad_norm': 732.6261596679688, 'learning_rate': 2.25e-05, 'num_tokens': 112512.0, 'mean_token_accuracy': 0.4182291628792882, 'epoch': 0.08}

                                                  
{'loss': 167.2055, 'grad_norm': 488.45819091796875, 'learning_rate': 4.75e-05, 'num_tokens': 226736.0, 'mean_token_accuracy': 0.5135416656732559, 'epoch': 0.16}

                                                  
{'loss': 11.4024, 'grad_norm': 47.591609954833984, 'learning_rate': 4.873239436619719e-05, 'num_tokens': 338631.0, 'mean_token_accuracy': 0.8640625022351742, 'epoch': 0.24}

                                                
{'loss': 2.1226, 'grad_norm': 52.987422943115234, 'learning_rate': 4.7323943661971834e-05, 'num_tokens': 445895.0, 'mean_token_accuracy': 0.9260416720062494, 'epoch': 0.32}

                                                
{'loss': 1.729, 'grad_norm': 35.47168731689453, 'learning_rate': 4.591549295774648e-05, 'num_tokens': 559196.0, 'mean_token_accuracy': 0.9395833399146796, 'epoch': 0.4}

                                                
{'loss': 2.0679, 'grad_norm': 24.254043579101562, 'learning_rate': 4.450704225352113e-05, 'num_tokens': 671084.0, 'mean_token_accuracy': 0.9192708391696215, 'epoch': 0.48}

                                                
{'loss': 1.8803, 'grad_norm': 4.5474114418029785, 'learning_rate': 4.3098591549295774e-05, 'num_tokens': 783600.0, 'mean_token_accuracy': 0.9322916749864817, 'epoch': 0.56}

                                                
{'loss': 1.7285, 'grad_norm': 4.132226467132568, 'learning_rate': 4.1690140845070425e-05, 'num_tokens': 896803.0, 'mean_token_accuracy': 0.9343750044703484, 'epoch': 0.64}

                                                
{'loss': 1.9186, 'grad_norm': 46.396270751953125, 'learning_rate': 4.0281690140845076e-05, 'num_tokens': 1008376.0, 'mean_token_accuracy': 0.9333333402872086, 'epoch': 0.72}

                                                 
{'loss': 1.7571, 'grad_norm': 3.4209365844726562, 'learning_rate': 3.887323943661972e-05, 'num_tokens': 1121112.0, 'mean_token_accuracy': 0.9401041720062494, 'epoch': 0.8}

                                                 
{'loss': 1.5646, 'grad_norm': 19.551660537719727, 'learning_rate': 3.746478873239437e-05, 'num_tokens': 1234274.0, 'mean_token_accuracy': 0.9468750063329935, 'epoch': 0.88}

                                                 
{'loss': 1.4497, 'grad_norm': 6.00616455078125, 'learning_rate': 3.6056338028169015e-05, 'num_tokens': 1343904.0, 'mean_token_accuracy': 0.9536458399146795, 'epoch': 0.96}

                                                 
{'loss': 1.405, 'grad_norm': 17.33443260192871, 'learning_rate': 3.464788732394366e-05, 'num_tokens': 1454671.0, 'mean_token_accuracy': 0.9526041749864816, 'epoch': 1.04}

                                                 
{'loss': 1.2105, 'grad_norm': 15.776558876037598, 'learning_rate': 3.323943661971831e-05, 'num_tokens': 1566825.0, 'mean_token_accuracy': 0.9661458402872085, 'epoch': 1.12}

                                                 
{'loss': 1.7476, 'grad_norm': 41.30495071411133, 'learning_rate': 3.183098591549296e-05, 'num_tokens': 1679132.0, 'mean_token_accuracy': 0.9484375059604645, 'epoch': 1.2}

                                                 
{'loss': 1.1029, 'grad_norm': 20.339035034179688, 'learning_rate': 3.0422535211267606e-05, 'num_tokens': 1790945.0, 'mean_token_accuracy': 0.9682291720062495, 'epoch': 1.28}

                                                 
{'loss': 1.2287, 'grad_norm': 27.013038635253906, 'learning_rate': 2.9014084507042254e-05, 'num_tokens': 1903303.0, 'mean_token_accuracy': 0.9671875048428774, 'epoch': 1.36}

                                                 
{'loss': 1.2842, 'grad_norm': 39.02229309082031, 'learning_rate': 2.7605633802816905e-05, 'num_tokens': 2015388.0, 'mean_token_accuracy': 0.9625000067055225, 'epoch': 1.44}

                                                 
{'loss': 1.4464, 'grad_norm': 15.201732635498047, 'learning_rate': 2.619718309859155e-05, 'num_tokens': 2127826.0, 'mean_token_accuracy': 0.9557291716337204, 'epoch': 1.52}

                                                 
{'loss': 1.1279, 'grad_norm': 6.816337585449219, 'learning_rate': 2.47887323943662e-05, 'num_tokens': 2238713.0, 'mean_token_accuracy': 0.9645833380520343, 'epoch': 1.6}

                                                 
{'loss': 1.3181, 'grad_norm': 43.81770324707031, 'learning_rate': 2.3380281690140845e-05, 'num_tokens': 2352976.0, 'mean_token_accuracy': 0.9619791723787785, 'epoch': 1.68}

                                                 
{'loss': 1.1274, 'grad_norm': 5.95989990234375, 'learning_rate': 2.1971830985915496e-05, 'num_tokens': 2463692.0, 'mean_token_accuracy': 0.9640625055879355, 'epoch': 1.76}

                                                 
{'loss': 1.2265, 'grad_norm': 40.32264709472656, 'learning_rate': 2.0563380281690143e-05, 'num_tokens': 2577707.0, 'mean_token_accuracy': 0.9625000063329935, 'epoch': 1.84}

                                                 
{'loss': 1.0151, 'grad_norm': 11.327075958251953, 'learning_rate': 1.9154929577464788e-05, 'num_tokens': 2688462.0, 'mean_token_accuracy': 0.9723958387970925, 'epoch': 1.92}

                                                 
{'loss': 1.0382, 'grad_norm': 16.260272979736328, 'learning_rate': 1.774647887323944e-05, 'num_tokens': 2799484.0, 'mean_token_accuracy': 0.9692708384245634, 'epoch': 2.0}

                                                 
{'loss': 0.9935, 'grad_norm': 19.673667907714844, 'learning_rate': 1.6338028169014086e-05, 'num_tokens': 2911472.0, 'mean_token_accuracy': 0.9750000040978193, 'epoch': 2.08}

                                                 
{'loss': 0.7462, 'grad_norm': 8.997795104980469, 'learning_rate': 1.4929577464788732e-05, 'num_tokens': 3023154.0, 'mean_token_accuracy': 0.9796875044703484, 'epoch': 2.16}

                                                 
{'loss': 0.7784, 'grad_norm': 12.054577827453613, 'learning_rate': 1.352112676056338e-05, 'num_tokens': 3136418.0, 'mean_token_accuracy': 0.9791666705161333, 'epoch': 2.24}

                                                 
{'loss': 0.7849, 'grad_norm': 11.613937377929688, 'learning_rate': 1.211267605633803e-05, 'num_tokens': 3248565.0, 'mean_token_accuracy': 0.9776041716337204, 'epoch': 2.32}

                                                 
{'loss': 0.8356, 'grad_norm': 34.52366256713867, 'learning_rate': 1.0704225352112677e-05, 'num_tokens': 3360078.0, 'mean_token_accuracy': 0.9776041708886624, 'epoch': 2.4}

                                                 
{'loss': 0.8191, 'grad_norm': 13.45656681060791, 'learning_rate': 9.295774647887325e-06, 'num_tokens': 3473382.0, 'mean_token_accuracy': 0.9755208365619182, 'epoch': 2.48}

                                                 
{'loss': 0.9287, 'grad_norm': 16.533588409423828, 'learning_rate': 7.887323943661972e-06, 'num_tokens': 3584224.0, 'mean_token_accuracy': 0.9755208380520344, 'epoch': 2.56}

                                                 
{'loss': 0.6492, 'grad_norm': 17.991710662841797, 'learning_rate': 6.47887323943662e-06, 'num_tokens': 3697280.0, 'mean_token_accuracy': 0.9848958365619183, 'epoch': 2.64}

                                                 
{'loss': 0.7238, 'grad_norm': 44.7537727355957, 'learning_rate': 5.070422535211268e-06, 'num_tokens': 3809183.0, 'mean_token_accuracy': 0.9765625044703483, 'epoch': 2.72}

                                                 
{'loss': 0.8192, 'grad_norm': 23.11414337158203, 'learning_rate': 3.6619718309859158e-06, 'num_tokens': 3921009.0, 'mean_token_accuracy': 0.9750000040978193, 'epoch': 2.8}

                                                 
{'loss': 0.6863, 'grad_norm': 13.551012992858887, 'learning_rate': 2.2535211267605635e-06, 'num_tokens': 4032926.0, 'mean_token_accuracy': 0.9802083373069763, 'epoch': 2.88}

                                                 
{'loss': 0.7766, 'grad_norm': 11.551407814025879, 'learning_rate': 8.450704225352112e-07, 'num_tokens': 4145441.0, 'mean_token_accuracy': 0.9802083369344473, 'epoch': 2.96}

                                                 
{'train_runtime': 2238.7523, 'train_samples_per_second': 5.36, 'train_steps_per_second': 0.168, 'train_loss': 14.106472412109374, 'num_tokens': 4199226.0, 'mean_token_accuracy': 0.9854166693985462, 'epoch': 3.0}


[1;36m+ uv run python scripts/run_evaluation_discrimination.py --model_dir outputs/phantom/gemma-3-12b-it/uk/discrim/gemma-3-12b-it/control_neutral_k16/train-lora-8-seed-42 --test_sets control_neutral=outputs/phantom/gemma-3-12b-it/uk/discrim/bags/control_neutral_k16/test_indist.jsonl --batch_size 16 --output outputs/phantom/gemma-3-12b-it/uk/discrim/gemma-3-12b-it/control_neutral_k16/eval-lora8-seed42.json[0m

[discrim-eval] system_prompt=None  test_sets=['control_neutral']
checkpoint      control_neutral AUROC   src
--------------------------------------------

Loading checkpoint shards:   0%|          | 0/5 [00:00<?, ?it/s]
Loading checkpoint shards:  20%|██        | 1/5 [00:01<00:05,  1.33s/it]
Loading checkpoint shards:  40%|████      | 2/5 [00:02<00:03,  1.16s/it]
Loading checkpoint shards:  60%|██████    | 3/5 [00:03<00:01,  1.01it/s]
Loading checkpoint shards:  80%|████████  | 4/5 [00:03<00:00,  1.10it/s]
Loading checkpoint shards: 100%|██████████| 5/5 [00:04<00:00,  1.18it/s]
Loading checkpoint shards: 100%|██████████| 5/5 [00:04<00:00,  1.07it/s]
base                           0.516   new

Loading checkpoint shards:   0%|          | 0/5 [00:00<?, ?it/s]
Loading checkpoint shards:  20%|██        | 1/5 [00:00<00:03,  1.05it/s]
Loading checkpoint shards:  40%|████      | 2/5 [00:01<00:02,  1.15it/s]
Loading checkpoint shards:  60%|██████    | 3/5 [00:02<00:01,  1.21it/s]
Loading checkpoint shards:  80%|████████  | 4/5 [00:03<00:00,  1.22it/s]
Loading checkpoint shards: 100%|██████████| 5/5 [00:04<00:00,  1.27it/s]
Loading checkpoint shards: 100%|██████████| 5/5 [00:04<00:00,  1.22it/s]
final                          0.899   new

AUROC ~0.5 = no detectable signal; >0.5 = separates biased from control.
Watch for a PEAK at an early checkpoint that then collapses toward 0.5 (weak-signal overfitting). Accuracy + CIs are in the JSON.
[discrim-eval] wrote outputs/phantom/gemma-3-12b-it/uk/discrim/gemma-3-12b-it/control_neutral_k16/eval-lora8-seed42.json

[1;33m======== summary ========[0m

[1;36m+ uv run python scripts/summarize_sysprompt_control.py --discrim outputs/phantom/gemma-3-12b-it/uk/discrim --entity uk --modes random_vocab neutral --lora_rank 8[0m

==============================================================================
detector: OLMo-2-1124-13B-Instruct   (AUROC; negatives are the same clean pool throughout)
==============================================================================
                                    random_vocab                            neutral
K    uk in-dist        zero-shot          fresh              zero-shot          fresh              
---------------------------------------------------------------------------------------------------
1     0.629±0.000         -                  -                  -                  -               
8     0.917±0.002         -                  -                  -                  -               
16    0.969±0.004         -                  -                  -                  -               



==============================================================================
detector: gemma-3-12b-it   (AUROC; negatives are the same clean pool throughout)
==============================================================================
                                    random_vocab                            neutral
K    uk in-dist        zero-shot          fresh              zero-shot          fresh              
---------------------------------------------------------------------------------------------------
1     0.695±0.007       0.556              0.578              0.553              0.593             
8     0.969±0.002         -                  -                  -                  -               
16    0.993±0.001       0.708              0.798              0.757              0.899             

  untrained base on random_vocab bags, K=1: 0.525
  untrained base on neutral bags, K=1: 0.526
  untrained base on random_vocab bags, K=16: 0.528
  untrained base on neutral bags, K=16: 0.516

  K=1   random_vocab         in-dist 0.695 (base 0.566) / zero-shot 0.556 (base 0.525), fresh 0.578
        lift over base: +0.032 vs +0.129  =  25% (29% against a flat 0.5 floor)
        -> partly generic — 25% of the trained lift is reproduced by an entity-free prompt
  K=1   neutral              in-dist 0.695 (base 0.566) / zero-shot 0.553 (base 0.526), fresh 0.593
        lift over base: +0.027 vs +0.129  =  21% (27% against a flat 0.5 floor)
        -> partly generic — 21% of the trained lift is reproduced by an entity-free prompt
  K=16  random_vocab         in-dist 0.993 (base 0.609) / zero-shot 0.708 (base 0.528), fresh 0.798
        lift over base: +0.179 vs +0.385  =  47% (42% against a flat 0.5 floor)
        -> partly generic — 47% of the trained lift is reproduced by an entity-free prompt
  K=16  neutral              in-dist 0.993 (base 0.609) / zero-shot 0.757 (base 0.516), fresh 0.899
        lift over base: +0.241 vs +0.385  =  63% (52% against a flat 0.5 floor)
        -> MOSTLY GENERIC — 63% of the trained lift survives with no entity in the prompt; the headline number is not about uk

